// Jest Snapshot v1, https://goo.gl/fbAQLP

exports[`<Button /> renders correctly 1`] = `
<a
  className="sc-htpNat eZQuxZ"
  disabled={false}
  href="https://www.google.com"
  type="primary"
>
  <div
    className="sc-bxivhb cdiCYE"
  >
    <span
      className="sc-ifAKCX kKWWds"
    >
      This is a button
    </span>
  </div>
</a>
`;
