// Jest Snapshot v1, https://goo.gl/fbAQLP

exports[`<BlockTransactionRow /> renders correctly 1`] = `
<tr
  className="sc-dnqmqq bAdZNb"
>
  <td
    className="sc-bdVaJa sc-bwzfXH kIQmTZ"
  >
    <div
      className="sc-EHOje fKjTYp"
      size="xs"
    />
  </td>
  <td
    className="sc-bdVaJa sc-htpNat fwPHmk"
  >
    <div
      className="sc-gzVnrw hicXCb"
      size="md"
    />
  </td>
  <td
    className="sc-bdVaJa sc-bxivhb dUdiVs"
  >
    <div />
  </td>
  <td
    className="sc-bdVaJa sc-ifAKCX qNfRk"
  >
    <div
      className="sc-gzVnrw hicXCb"
      size="md"
    />
  </td>
</tr>
`;
