// Jest Snapshot v1, https://goo.gl/fbAQLP

exports[`<Mark /> renders correctly 1`] = `
<div
  className="sc-htpNat iLPYrw"
>
  <div
    className="sc-bdVaJa dqBkPn sc-bxivhb cphRIN"
  >
    <svg
      className="sc-bwzfXH kdIDyY"
    >
      <use
        xlinkHref="/icon-sprite.svg#blocks"
      />
    </svg>
  </div>
</div>
`;
