// Jest Snapshot v1, https://goo.gl/fbAQLP

exports[`<Navigation /> renders correctly 1`] = `
<nav
  className="sc-bdVaJa bDWFJH"
>
  <ul
    className="sc-bwzfXH iPhcok"
  >
    <li
      className="sc-htpNat iaJVDJ"
    >
      <a
        className="sc-bxivhb gUjObH"
        href="/"
      >
        Latest Blocks
      </a>
    </li>
    <li
      className="sc-htpNat iaJVDJ"
    >
      <a
        className="sc-ifAKCX ccGYEy"
        href="https://github.com/andy-hook/ten-blocks"
        onClick={[Function]}
        target="_blank"
      >
        Github
      </a>
    </li>
  </ul>
</nav>
`;
