// Jest Snapshot v1, https://goo.gl/fbAQLP

exports[`<BlockHeader /> renders correctly 1`] = `
<div
  className="sc-bZQynM ffdLeK"
>
  <header
    className="sc-gzVnrw gQWIyA"
  >
    <div
      className="sc-dnqmqq iJSVUv"
    >
      <div
        className="sc-htpNat iflsxI sc-htoDjs bKpsbV"
        size="lg"
      >
         Transactions
      </div>
      <div
        className="sc-bdVaJa jlBogh"
        size="lg"
      >
        # 
      </div>
    </div>
    <a
      className="sc-ifAKCX iaVtiE"
      href="/"
      type="primary"
    >
      <span
        className="sc-EHOje bnYxDG"
      >
        View transactions
      </span>
    </a>
  </header>
</div>
`;
