// Jest Snapshot v1, https://goo.gl/fbAQLP

exports[`<ColumnsTemplate /> renders correctly 1`] = `
Array [
  <td
    className="sc-bdVaJa sc-bwzfXH dfeDEW"
  >
    string
  </td>,
  <td
    className="sc-bdVaJa sc-htpNat jDGsFT"
  >
    string
  </td>,
  <td
    className="sc-bdVaJa sc-bxivhb hxXuRT"
  >
    string
  </td>,
  <td
    className="sc-bdVaJa sc-ifAKCX gEVBXo"
  >
    string
  </td>,
]
`;
