// Jest Snapshot v1, https://goo.gl/fbAQLP

exports[`<Page /> renders correctly 1`] = `
Array [
  <div
    className="sc-EHOje lcasSO"
  >
    Content
  </div>,
  <footer
    className="sc-ifAKCX bmhxHF"
  >
    <div
      className="sc-bdVaJa hOvSxO"
    >
      <div
        className="sc-htpNat kYCaBa"
      >
        I am a footer
      </div>
    </div>
  </footer>,
]
`;
