// Jest Snapshot v1, https://goo.gl/fbAQLP

exports[`<BlockInfo /> renders correctly 1`] = `
<div
  className="sc-bZQynM dBuJcA"
>
  <ul
    className="sc-gzVnrw gjsEYR"
  >
    <div
      className="sc-ifAKCX kEvjdA sc-htoDjs bdMEGW"
    >
      <div
        className="sc-htpNat dQtBiw"
        size="sm"
      >
        Size
      </div>
      <div
        className="sc-EHOje foZbCf"
      >
        <div
          className="sc-bdVaJa krrbWC"
          size="lg"
        />
      </div>
    </div>
    <div
      className="sc-ifAKCX kEvjdA sc-htoDjs bdMEGW"
    >
      <div
        className="sc-htpNat dQtBiw"
        size="sm"
      >
        Difficulty
      </div>
      <div
        className="sc-EHOje foZbCf"
      >
        <div
          className="sc-bdVaJa krrbWC"
          size="lg"
        />
      </div>
    </div>
    <div
      className="sc-ifAKCX kEvjdA sc-htoDjs bdMEGW"
    >
      <div
        className="sc-htpNat dQtBiw"
        size="sm"
      >
        Total Difficulty
      </div>
      <div
        className="sc-EHOje foZbCf"
      >
        <div
          className="sc-bdVaJa krrbWC"
          size="lg"
        />
      </div>
    </div>
    <div
      className="sc-ifAKCX kEvjdA sc-htoDjs bdMEGW"
    >
      <div
        className="sc-htpNat dQtBiw"
        size="sm"
      >
        Gas Used
      </div>
      <div
        className="sc-EHOje foZbCf"
      >
        <div
          className="sc-bdVaJa krrbWC"
          size="lg"
        />
      </div>
    </div>
    <div
      className="sc-ifAKCX kEvjdA sc-htoDjs bdMEGW"
    >
      <div
        className="sc-htpNat dQtBiw"
        size="sm"
      >
        Gas Limit
      </div>
      <div
        className="sc-EHOje foZbCf"
      >
        <div
          className="sc-bdVaJa krrbWC"
          size="lg"
        />
      </div>
    </div>
  </ul>
</div>
`;
