// Jest Snapshot v1, https://goo.gl/fbAQLP

exports[`<BlockInfo /> renders correctly 1`] = `
<div
  className="sc-bZQynM lcuVuK"
>
  <ul
    className="sc-gzVnrw ibZhkv"
  >
    <div
      className="sc-ifAKCX fnBNId sc-htoDjs BSSVW"
    >
      <div
        className="sc-htpNat jEtwwK"
        size="sm"
      >
        Size
      </div>
      <div
        className="sc-EHOje foZbCf"
      >
        <div
          className="sc-bdVaJa hxipTb"
          size="lg"
        />
      </div>
    </div>
    <div
      className="sc-ifAKCX fnBNId sc-htoDjs BSSVW"
    >
      <div
        className="sc-htpNat jEtwwK"
        size="sm"
      >
        Timestamp
      </div>
      <div
        className="sc-EHOje foZbCf"
      >
        <div
          className="sc-bdVaJa hxipTb"
          size="lg"
        />
      </div>
    </div>
    <div
      className="sc-ifAKCX fnBNId sc-htoDjs BSSVW"
    >
      <div
        className="sc-htpNat jEtwwK"
        size="sm"
      >
        Miner
      </div>
      <div
        className="sc-EHOje foZbCf"
      >
        <div
          className="sc-bdVaJa hxipTb"
          size="lg"
        />
      </div>
    </div>
    <div
      className="sc-ifAKCX fnBNId sc-htoDjs BSSVW"
    >
      <div
        className="sc-htpNat jEtwwK"
        size="sm"
      >
        Difficulty
      </div>
      <div
        className="sc-EHOje foZbCf"
      >
        <div
          className="sc-bdVaJa hxipTb"
          size="lg"
        />
      </div>
    </div>
    <div
      className="sc-ifAKCX fnBNId sc-htoDjs BSSVW"
    >
      <div
        className="sc-htpNat jEtwwK"
        size="sm"
      >
        Total Difficulty
      </div>
      <div
        className="sc-EHOje foZbCf"
      >
        <div
          className="sc-bdVaJa hxipTb"
          size="lg"
        />
      </div>
    </div>
    <div
      className="sc-ifAKCX fnBNId sc-htoDjs BSSVW"
    >
      <div
        className="sc-htpNat jEtwwK"
        size="sm"
      >
        Gas Used
      </div>
      <div
        className="sc-EHOje foZbCf"
      >
        <div
          className="sc-bdVaJa hxipTb"
          size="lg"
        />
      </div>
    </div>
    <div
      className="sc-ifAKCX fnBNId sc-htoDjs BSSVW"
    >
      <div
        className="sc-htpNat jEtwwK"
        size="sm"
      >
        Gas Limit
      </div>
      <div
        className="sc-EHOje foZbCf"
      >
        <div
          className="sc-bdVaJa hxipTb"
          size="lg"
        />
      </div>
    </div>
  </ul>
</div>
`;
