// Jest Snapshot v1, https://goo.gl/fbAQLP

exports[`<BlockCard /> renders correctly 1`] = `
<div
  className="sc-jTzLTM jeaEVH"
>
  <div
    className="sc-gqjmRU haBDWF"
  >
    <div
      className="sc-EHOje decWoR sc-VigVT gJBbSw"
      size="md"
    >
      Block number
    </div>
    <div
      className="sc-iwsKbI jGtia"
      size="md"
    >
      # 
      7250672
    </div>
    <div
      className="sc-htpNat iWifPQ"
    >
      <ul
        className="sc-bxivhb gKrcp"
      >
        <li
          className="sc-ifAKCX cFlEyZ"
        >
          <div
            className="sc-bdVaJa ldkUXY"
          >
            <div
              className="sc-bwzfXH iZUhsD"
            />
          </div>
        </li>
        <li
          className="sc-ifAKCX cFlEyZ"
        >
          <div
            className="sc-bdVaJa ldkUXY"
          >
            <div
              className="sc-bwzfXH iZUhsD"
            />
          </div>
        </li>
        <li
          className="sc-ifAKCX cFlEyZ"
        >
          <div
            className="sc-bdVaJa ldkUXY"
          >
            <div
              className="sc-bwzfXH MVFvm"
            />
          </div>
        </li>
        <li
          className="sc-ifAKCX cFlEyZ"
        >
          <div
            className="sc-bdVaJa ldkUXY"
          >
            <div
              className="sc-bwzfXH MVFvm"
            />
          </div>
        </li>
        <li
          className="sc-ifAKCX cFlEyZ"
        >
          <div
            className="sc-bdVaJa ldkUXY"
          >
            <div
              className="sc-bwzfXH MVFvm"
            />
          </div>
        </li>
        <li
          className="sc-ifAKCX cFlEyZ"
        >
          <div
            className="sc-bdVaJa ldkUXY"
          >
            <div
              className="sc-bwzfXH MVFvm"
            />
          </div>
        </li>
        <li
          className="sc-ifAKCX cFlEyZ"
        >
          <div
            className="sc-bdVaJa ldkUXY"
          >
            <div
              className="sc-bwzfXH MVFvm"
            />
          </div>
        </li>
        <li
          className="sc-ifAKCX cFlEyZ"
        >
          <div
            className="sc-bdVaJa ldkUXY"
          >
            <div
              className="sc-bwzfXH MVFvm"
            />
          </div>
        </li>
        <li
          className="sc-ifAKCX cFlEyZ"
        >
          <div
            className="sc-bdVaJa ldkUXY"
          >
            <div
              className="sc-bwzfXH MVFvm"
            />
          </div>
        </li>
        <li
          className="sc-ifAKCX cFlEyZ"
        >
          <div
            className="sc-bdVaJa ldkUXY"
          >
            <div
              className="sc-bwzfXH MVFvm"
            />
          </div>
        </li>
        <li
          className="sc-ifAKCX cFlEyZ"
        >
          <div
            className="sc-bdVaJa ldkUXY"
          >
            <div
              className="sc-bwzfXH MVFvm"
            />
          </div>
        </li>
        <li
          className="sc-ifAKCX cFlEyZ"
        >
          <div
            className="sc-bdVaJa ldkUXY"
          >
            <div
              className="sc-bwzfXH MVFvm"
            />
          </div>
        </li>
        <li
          className="sc-ifAKCX cFlEyZ"
        >
          <div
            className="sc-bdVaJa ldkUXY"
          >
            <div
              className="sc-bwzfXH MVFvm"
            />
          </div>
        </li>
        <li
          className="sc-ifAKCX cFlEyZ"
        >
          <div
            className="sc-bdVaJa ldkUXY"
          >
            <div
              className="sc-bwzfXH MVFvm"
            />
          </div>
        </li>
        <li
          className="sc-ifAKCX cFlEyZ"
        >
          <div
            className="sc-bdVaJa ldkUXY"
          >
            <div
              className="sc-bwzfXH MVFvm"
            />
          </div>
        </li>
        <li
          className="sc-ifAKCX cFlEyZ"
        >
          <div
            className="sc-bdVaJa ldkUXY"
          >
            <div
              className="sc-bwzfXH MVFvm"
            />
          </div>
        </li>
        <li
          className="sc-ifAKCX cFlEyZ"
        >
          <div
            className="sc-bdVaJa ldkUXY"
          >
            <div
              className="sc-bwzfXH MVFvm"
            />
          </div>
        </li>
        <li
          className="sc-ifAKCX cFlEyZ"
        >
          <div
            className="sc-bdVaJa ldkUXY"
          >
            <div
              className="sc-bwzfXH MVFvm"
            />
          </div>
        </li>
        <li
          className="sc-ifAKCX cFlEyZ"
        >
          <div
            className="sc-bdVaJa ldkUXY"
          >
            <div
              className="sc-bwzfXH MVFvm"
            />
          </div>
        </li>
        <li
          className="sc-ifAKCX cFlEyZ"
        >
          <div
            className="sc-bdVaJa ldkUXY"
          >
            <div
              className="sc-bwzfXH MVFvm"
            />
          </div>
        </li>
        <li
          className="sc-ifAKCX cFlEyZ"
        >
          <div
            className="sc-bdVaJa ldkUXY"
          >
            <div
              className="sc-bwzfXH MVFvm"
            />
          </div>
        </li>
        <li
          className="sc-ifAKCX cFlEyZ"
        >
          <div
            className="sc-bdVaJa ldkUXY"
          >
            <div
              className="sc-bwzfXH MVFvm"
            />
          </div>
        </li>
        <li
          className="sc-ifAKCX cFlEyZ"
        >
          <div
            className="sc-bdVaJa ldkUXY"
          >
            <div
              className="sc-bwzfXH MVFvm"
            />
          </div>
        </li>
        <li
          className="sc-ifAKCX cFlEyZ"
        >
          <div
            className="sc-bdVaJa ldkUXY"
          >
            <div
              className="sc-bwzfXH MVFvm"
            />
          </div>
        </li>
        <li
          className="sc-ifAKCX cFlEyZ"
        >
          <div
            className="sc-bdVaJa ldkUXY"
          >
            <div
              className="sc-bwzfXH MVFvm"
            />
          </div>
        </li>
        <li
          className="sc-ifAKCX cFlEyZ"
        >
          <div
            className="sc-bdVaJa ldkUXY"
          >
            <div
              className="sc-bwzfXH MVFvm"
            />
          </div>
        </li>
        <li
          className="sc-ifAKCX cFlEyZ"
        >
          <div
            className="sc-bdVaJa ldkUXY"
          >
            <div
              className="sc-bwzfXH MVFvm"
            />
          </div>
        </li>
        <li
          className="sc-ifAKCX cFlEyZ"
        >
          <div
            className="sc-bdVaJa ldkUXY"
          >
            <div
              className="sc-bwzfXH MVFvm"
            />
          </div>
        </li>
        <li
          className="sc-ifAKCX cFlEyZ"
        >
          <div
            className="sc-bdVaJa ldkUXY"
          >
            <div
              className="sc-bwzfXH MVFvm"
            />
          </div>
        </li>
        <li
          className="sc-ifAKCX cFlEyZ"
        >
          <div
            className="sc-bdVaJa ldkUXY"
          >
            <div
              className="sc-bwzfXH MVFvm"
            />
          </div>
        </li>
        <li
          className="sc-ifAKCX cFlEyZ"
        >
          <div
            className="sc-bdVaJa ldkUXY"
          >
            <div
              className="sc-bwzfXH MVFvm"
            />
          </div>
        </li>
        <li
          className="sc-ifAKCX cFlEyZ"
        >
          <div
            className="sc-bdVaJa ldkUXY"
          >
            <div
              className="sc-bwzfXH MVFvm"
            />
          </div>
        </li>
        <li
          className="sc-ifAKCX cFlEyZ"
        >
          <div
            className="sc-bdVaJa ldkUXY"
          >
            <div
              className="sc-bwzfXH MVFvm"
            />
          </div>
        </li>
        <li
          className="sc-ifAKCX cFlEyZ"
        >
          <div
            className="sc-bdVaJa ldkUXY"
          >
            <div
              className="sc-bwzfXH MVFvm"
            />
          </div>
        </li>
        <li
          className="sc-ifAKCX cFlEyZ"
        >
          <div
            className="sc-bdVaJa ldkUXY"
          >
            <div
              className="sc-bwzfXH MVFvm"
            />
          </div>
        </li>
        <li
          className="sc-ifAKCX cFlEyZ"
        >
          <div
            className="sc-bdVaJa ldkUXY"
          >
            <div
              className="sc-bwzfXH MVFvm"
            />
          </div>
        </li>
        <li
          className="sc-ifAKCX cFlEyZ"
        >
          <div
            className="sc-bdVaJa ldkUXY"
          >
            <div
              className="sc-bwzfXH MVFvm"
            />
          </div>
        </li>
        <li
          className="sc-ifAKCX cFlEyZ"
        >
          <div
            className="sc-bdVaJa ldkUXY"
          >
            <div
              className="sc-bwzfXH MVFvm"
            />
          </div>
        </li>
        <li
          className="sc-ifAKCX cFlEyZ"
        >
          <div
            className="sc-bdVaJa ldkUXY"
          >
            <div
              className="sc-bwzfXH MVFvm"
            />
          </div>
        </li>
        <li
          className="sc-ifAKCX cFlEyZ"
        >
          <div
            className="sc-bdVaJa ldkUXY"
          >
            <div
              className="sc-bwzfXH MVFvm"
            />
          </div>
        </li>
        <li
          className="sc-ifAKCX cFlEyZ"
        >
          <div
            className="sc-bdVaJa ldkUXY"
          >
            <div
              className="sc-bwzfXH MVFvm"
            />
          </div>
        </li>
        <li
          className="sc-ifAKCX cFlEyZ"
        >
          <div
            className="sc-bdVaJa ldkUXY"
          >
            <div
              className="sc-bwzfXH MVFvm"
            />
          </div>
        </li>
        <li
          className="sc-ifAKCX cFlEyZ"
        >
          <div
            className="sc-bdVaJa ldkUXY"
          >
            <div
              className="sc-bwzfXH MVFvm"
            />
          </div>
        </li>
        <li
          className="sc-ifAKCX cFlEyZ"
        >
          <div
            className="sc-bdVaJa ldkUXY"
          >
            <div
              className="sc-bwzfXH MVFvm"
            />
          </div>
        </li>
        <li
          className="sc-ifAKCX cFlEyZ"
        >
          <div
            className="sc-bdVaJa ldkUXY"
          >
            <div
              className="sc-bwzfXH MVFvm"
            />
          </div>
        </li>
        <li
          className="sc-ifAKCX cFlEyZ"
        >
          <div
            className="sc-bdVaJa ldkUXY"
          >
            <div
              className="sc-bwzfXH MVFvm"
            />
          </div>
        </li>
        <li
          className="sc-ifAKCX cFlEyZ"
        >
          <div
            className="sc-bdVaJa ldkUXY"
          >
            <div
              className="sc-bwzfXH MVFvm"
            />
          </div>
        </li>
        <li
          className="sc-ifAKCX cFlEyZ"
        >
          <div
            className="sc-bdVaJa ldkUXY"
          >
            <div
              className="sc-bwzfXH MVFvm"
            />
          </div>
        </li>
        <li
          className="sc-ifAKCX cFlEyZ"
        >
          <div
            className="sc-bdVaJa ldkUXY"
          >
            <div
              className="sc-bwzfXH MVFvm"
            />
          </div>
        </li>
        <li
          className="sc-ifAKCX cFlEyZ"
        >
          <div
            className="sc-bdVaJa ldkUXY"
          >
            <div
              className="sc-bwzfXH MVFvm"
            />
          </div>
        </li>
        <li
          className="sc-ifAKCX cFlEyZ"
        >
          <div
            className="sc-bdVaJa ldkUXY"
          >
            <div
              className="sc-bwzfXH MVFvm"
            />
          </div>
        </li>
        <li
          className="sc-ifAKCX cFlEyZ"
        >
          <div
            className="sc-bdVaJa ldkUXY"
          >
            <div
              className="sc-bwzfXH MVFvm"
            />
          </div>
        </li>
        <li
          className="sc-ifAKCX cFlEyZ"
        >
          <div
            className="sc-bdVaJa ldkUXY"
          >
            <div
              className="sc-bwzfXH MVFvm"
            />
          </div>
        </li>
        <li
          className="sc-ifAKCX cFlEyZ"
        >
          <div
            className="sc-bdVaJa ldkUXY"
          >
            <div
              className="sc-bwzfXH MVFvm"
            />
          </div>
        </li>
        <li
          className="sc-ifAKCX cFlEyZ"
        >
          <div
            className="sc-bdVaJa ldkUXY"
          >
            <div
              className="sc-bwzfXH MVFvm"
            />
          </div>
        </li>
        <li
          className="sc-ifAKCX cFlEyZ"
        >
          <div
            className="sc-bdVaJa ldkUXY"
          >
            <div
              className="sc-bwzfXH MVFvm"
            />
          </div>
        </li>
        <li
          className="sc-ifAKCX cFlEyZ"
        >
          <div
            className="sc-bdVaJa ldkUXY"
          >
            <div
              className="sc-bwzfXH MVFvm"
            />
          </div>
        </li>
        <li
          className="sc-ifAKCX cFlEyZ"
        >
          <div
            className="sc-bdVaJa ldkUXY"
          >
            <div
              className="sc-bwzfXH MVFvm"
            />
          </div>
        </li>
        <li
          className="sc-ifAKCX cFlEyZ"
        >
          <div
            className="sc-bdVaJa ldkUXY"
          >
            <div
              className="sc-bwzfXH MVFvm"
            />
          </div>
        </li>
        <li
          className="sc-ifAKCX cFlEyZ"
        >
          <div
            className="sc-bdVaJa ldkUXY"
          >
            <div
              className="sc-bwzfXH MVFvm"
            />
          </div>
        </li>
      </ul>
    </div>
    <div
      className="sc-gzVnrw tDqEr"
    >
      <div
        className="sc-dnqmqq kwSpaS"
      >
        <div
          className="sc-EHOje decWoR sc-htoDjs fQTEmD"
          size="md"
        >
          Size:
        </div>
        <div
          className="sc-EHOje bbenVT"
          size="md"
        >
          2900
        </div>
      </div>
      <div
        className="sc-dnqmqq kwSpaS"
      >
        <div
          className="sc-EHOje decWoR sc-htoDjs fQTEmD"
          size="md"
        >
          Difficulty:
        </div>
        <div
          className="sc-EHOje bbenVT"
          size="md"
        >
          1527190616
        </div>
      </div>
      <div
        className="sc-dnqmqq kwSpaS"
      >
        <div
          className="sc-EHOje decWoR sc-htoDjs fQTEmD"
          size="md"
        >
          Miner:
        </div>
        <div
          className="sc-EHOje bbenVT"
          size="md"
        >
          0x635B4764D1939DfAcD3a8014726159abC277BecC
        </div>
      </div>
    </div>
    <a
      href="/blocks/7250672"
    >
      Go to block 
      7250672
    </a>
  </div>
</div>
`;
