// Jest Snapshot v1, https://goo.gl/fbAQLP

exports[`<BlockCard /> renders correctly 1`] = `
<div
  className="sc-gzVnrw haohPe"
>
  <div
    className="sc-EHOje leBNrA"
  >
    Block number
  </div>
  <div
    className="sc-bxivhb iQVdPW"
  >
    100
  </div>
  <ul
    className="sc-bwzfXH kkbZxf"
  >
    <li
      className="sc-htpNat KtFsv"
    >
      <div
        className="sc-bdVaJa bcFhNJ"
      />
    </li>
    <li
      className="sc-htpNat KtFsv"
    >
      <div
        className="sc-bdVaJa bcFhNJ"
      />
    </li>
    <li
      className="sc-htpNat KtFsv"
    >
      <div
        className="sc-bdVaJa dndCLb"
      />
    </li>
    <li
      className="sc-htpNat KtFsv"
    >
      <div
        className="sc-bdVaJa dndCLb"
      />
    </li>
    <li
      className="sc-htpNat KtFsv"
    >
      <div
        className="sc-bdVaJa dndCLb"
      />
    </li>
    <li
      className="sc-htpNat KtFsv"
    >
      <div
        className="sc-bdVaJa dndCLb"
      />
    </li>
    <li
      className="sc-htpNat KtFsv"
    >
      <div
        className="sc-bdVaJa dndCLb"
      />
    </li>
    <li
      className="sc-htpNat KtFsv"
    >
      <div
        className="sc-bdVaJa dndCLb"
      />
    </li>
    <li
      className="sc-htpNat KtFsv"
    >
      <div
        className="sc-bdVaJa dndCLb"
      />
    </li>
    <li
      className="sc-htpNat KtFsv"
    >
      <div
        className="sc-bdVaJa dndCLb"
      />
    </li>
    <li
      className="sc-htpNat KtFsv"
    >
      <div
        className="sc-bdVaJa dndCLb"
      />
    </li>
    <li
      className="sc-htpNat KtFsv"
    >
      <div
        className="sc-bdVaJa dndCLb"
      />
    </li>
    <li
      className="sc-htpNat KtFsv"
    >
      <div
        className="sc-bdVaJa dndCLb"
      />
    </li>
    <li
      className="sc-htpNat KtFsv"
    >
      <div
        className="sc-bdVaJa dndCLb"
      />
    </li>
    <li
      className="sc-htpNat KtFsv"
    >
      <div
        className="sc-bdVaJa dndCLb"
      />
    </li>
    <li
      className="sc-htpNat KtFsv"
    >
      <div
        className="sc-bdVaJa dndCLb"
      />
    </li>
    <li
      className="sc-htpNat KtFsv"
    >
      <div
        className="sc-bdVaJa dndCLb"
      />
    </li>
    <li
      className="sc-htpNat KtFsv"
    >
      <div
        className="sc-bdVaJa dndCLb"
      />
    </li>
    <li
      className="sc-htpNat KtFsv"
    >
      <div
        className="sc-bdVaJa dndCLb"
      />
    </li>
    <li
      className="sc-htpNat KtFsv"
    >
      <div
        className="sc-bdVaJa dndCLb"
      />
    </li>
    <li
      className="sc-htpNat KtFsv"
    >
      <div
        className="sc-bdVaJa dndCLb"
      />
    </li>
    <li
      className="sc-htpNat KtFsv"
    >
      <div
        className="sc-bdVaJa dndCLb"
      />
    </li>
    <li
      className="sc-htpNat KtFsv"
    >
      <div
        className="sc-bdVaJa dndCLb"
      />
    </li>
    <li
      className="sc-htpNat KtFsv"
    >
      <div
        className="sc-bdVaJa dndCLb"
      />
    </li>
    <li
      className="sc-htpNat KtFsv"
    >
      <div
        className="sc-bdVaJa dndCLb"
      />
    </li>
    <li
      className="sc-htpNat KtFsv"
    >
      <div
        className="sc-bdVaJa dndCLb"
      />
    </li>
    <li
      className="sc-htpNat KtFsv"
    >
      <div
        className="sc-bdVaJa dndCLb"
      />
    </li>
    <li
      className="sc-htpNat KtFsv"
    >
      <div
        className="sc-bdVaJa dndCLb"
      />
    </li>
    <li
      className="sc-htpNat KtFsv"
    >
      <div
        className="sc-bdVaJa dndCLb"
      />
    </li>
    <li
      className="sc-htpNat KtFsv"
    >
      <div
        className="sc-bdVaJa dndCLb"
      />
    </li>
    <li
      className="sc-htpNat KtFsv"
    >
      <div
        className="sc-bdVaJa dndCLb"
      />
    </li>
    <li
      className="sc-htpNat KtFsv"
    >
      <div
        className="sc-bdVaJa dndCLb"
      />
    </li>
    <li
      className="sc-htpNat KtFsv"
    >
      <div
        className="sc-bdVaJa dndCLb"
      />
    </li>
    <li
      className="sc-htpNat KtFsv"
    >
      <div
        className="sc-bdVaJa dndCLb"
      />
    </li>
    <li
      className="sc-htpNat KtFsv"
    >
      <div
        className="sc-bdVaJa dndCLb"
      />
    </li>
    <li
      className="sc-htpNat KtFsv"
    >
      <div
        className="sc-bdVaJa dndCLb"
      />
    </li>
    <li
      className="sc-htpNat KtFsv"
    >
      <div
        className="sc-bdVaJa dndCLb"
      />
    </li>
    <li
      className="sc-htpNat KtFsv"
    >
      <div
        className="sc-bdVaJa dndCLb"
      />
    </li>
    <li
      className="sc-htpNat KtFsv"
    >
      <div
        className="sc-bdVaJa dndCLb"
      />
    </li>
    <li
      className="sc-htpNat KtFsv"
    >
      <div
        className="sc-bdVaJa dndCLb"
      />
    </li>
    <li
      className="sc-htpNat KtFsv"
    >
      <div
        className="sc-bdVaJa dndCLb"
      />
    </li>
    <li
      className="sc-htpNat KtFsv"
    >
      <div
        className="sc-bdVaJa dndCLb"
      />
    </li>
    <li
      className="sc-htpNat KtFsv"
    >
      <div
        className="sc-bdVaJa dndCLb"
      />
    </li>
    <li
      className="sc-htpNat KtFsv"
    >
      <div
        className="sc-bdVaJa dndCLb"
      />
    </li>
    <li
      className="sc-htpNat KtFsv"
    >
      <div
        className="sc-bdVaJa dndCLb"
      />
    </li>
    <li
      className="sc-htpNat KtFsv"
    >
      <div
        className="sc-bdVaJa dndCLb"
      />
    </li>
    <li
      className="sc-htpNat KtFsv"
    >
      <div
        className="sc-bdVaJa dndCLb"
      />
    </li>
    <li
      className="sc-htpNat KtFsv"
    >
      <div
        className="sc-bdVaJa dndCLb"
      />
    </li>
    <li
      className="sc-htpNat KtFsv"
    >
      <div
        className="sc-bdVaJa dndCLb"
      />
    </li>
    <li
      className="sc-htpNat KtFsv"
    >
      <div
        className="sc-bdVaJa dndCLb"
      />
    </li>
    <li
      className="sc-htpNat KtFsv"
    >
      <div
        className="sc-bdVaJa dndCLb"
      />
    </li>
    <li
      className="sc-htpNat KtFsv"
    >
      <div
        className="sc-bdVaJa dndCLb"
      />
    </li>
    <li
      className="sc-htpNat KtFsv"
    >
      <div
        className="sc-bdVaJa dndCLb"
      />
    </li>
    <li
      className="sc-htpNat KtFsv"
    >
      <div
        className="sc-bdVaJa dndCLb"
      />
    </li>
    <li
      className="sc-htpNat KtFsv"
    >
      <div
        className="sc-bdVaJa dndCLb"
      />
    </li>
    <li
      className="sc-htpNat KtFsv"
    >
      <div
        className="sc-bdVaJa dndCLb"
      />
    </li>
    <li
      className="sc-htpNat KtFsv"
    >
      <div
        className="sc-bdVaJa dndCLb"
      />
    </li>
    <li
      className="sc-htpNat KtFsv"
    >
      <div
        className="sc-bdVaJa dndCLb"
      />
    </li>
    <li
      className="sc-htpNat KtFsv"
    >
      <div
        className="sc-bdVaJa dndCLb"
      />
    </li>
    <li
      className="sc-htpNat KtFsv"
    >
      <div
        className="sc-bdVaJa dndCLb"
      />
    </li>
  </ul>
  <div
    className="sc-iwsKbI jQhHGA"
  >
    <div
      className="sc-gZMcBi giNnHm"
    >
      <div
        className="sc-EHOje leBNrA"
      >
        Size:
      </div>
      <div
        className="sc-bxivhb iQVdPW"
      />
    </div>
    <div
      className="sc-gZMcBi giNnHm"
    >
      <div
        className="sc-EHOje leBNrA"
      >
        Difficulty:
      </div>
      <div
        className="sc-bxivhb iQVdPW"
      />
    </div>
    <div
      className="sc-gZMcBi giNnHm"
    >
      <div
        className="sc-EHOje leBNrA"
      >
        Miner:
      </div>
      <div
        className="sc-bxivhb gKDwMV"
      />
    </div>
  </div>
  <a
    href="/blocks/100"
  >
    Go to block 
    100
  </a>
</div>
`;
