// Jest Snapshot v1, https://goo.gl/fbAQLP

exports[`<BlockCard /> renders correctly 1`] = `
<div
  className="sc-htpNat hKayrz"
>
  <div
    className="sc-bwzfXH gbDrYy"
  >
    Block number
  </div>
  <div
    className="sc-bwzfXH gbDrYy"
  >
    100
  </div>
  <ul
    className="sc-bdVaJa dBUyqz"
  >
    <div>
      1
    </div>
    <div>
      0xF39d8b9B8C130ac08d4A32E50bb7bbD41C054EB9
    </div>
    <div>
      0xcf5f58c3E7d863c3c859C6Cbce03e015262df0e5
    </div>
    <div>
      1
    </div>
    <div>
      0xF39d8b9B8C130ac08d4A32E50bb7bbD41C054EB9
    </div>
    <div>
      0xcf5f58c3E7d863c3c859C6Cbce03e015262df0e5
    </div>
    <div />
    <div />
    <div />
    <div />
    <div />
    <div />
    <div />
    <div />
    <div />
    <div />
    <div />
    <div />
    <div />
    <div />
    <div />
    <div />
    <div />
    <div />
    <div />
    <div />
    <div />
    <div />
    <div />
    <div />
    <div />
    <div />
    <div />
    <div />
    <div />
    <div />
    <div />
    <div />
    <div />
    <div />
    <div />
    <div />
    <div />
    <div />
    <div />
    <div />
    <div />
    <div />
    <div />
    <div />
    <div />
    <div />
    <div />
    <div />
    <div />
    <div />
    <div />
    <div />
    <div />
    <div />
  </ul>
  <div
    className="sc-EHOje jvzENE"
  >
    <div
      className="sc-bZQynM bOrPFB"
    >
      Size: 
    </div>
    <div
      className="sc-bZQynM bOrPFB"
    >
      Difficulty: 
    </div>
    <div
      className="sc-bZQynM bOrPFB"
    >
      Miner: 
    </div>
  </div>
  <a
    href="/blocks/100"
  >
    Go to block 
    100
  </a>
</div>
`;
