// Jest Snapshot v1, https://goo.gl/fbAQLP

exports[`<Transfer /> renders correctly 1`] = `
<div
  className="sc-EHOje jHJqNe"
>
  <div
    className="sc-htpNat frRoNZ sc-bZQynM cnpumk"
  >
    <div
      className="sc-bdVaJa kasXVf"
      size="sm"
    />
  </div>
  <div
    className="sc-gzVnrw jzjNUy"
  >
    <div
      className="sc-bxivhb cBsPOV"
    >
      <svg
        className="sc-ifAKCX ynkQX"
      >
        <use
          xlinkHref="/icon-sprite.svg#arrow-right"
        />
      </svg>
    </div>
  </div>
  <div
    className="sc-htpNat frRoNZ sc-bZQynM cnpumk"
  >
    <div
      className="sc-bdVaJa kasXVf"
      size="sm"
    />
  </div>
</div>
`;
