// Jest Snapshot v1, https://goo.gl/fbAQLP

exports[`<CardTrxSummary /> renders correctly 1`] = `
<div
  className="sc-htpNat cjijsP"
>
  <ul
    className="sc-bxivhb gNgCgd"
  >
    <li
      className="sc-ifAKCX cFlEyZ"
    >
      <div
        className="sc-bdVaJa ldkUXY"
      >
        <div
          className="sc-bwzfXH dIGGHs"
        />
      </div>
    </li>
    <li
      className="sc-ifAKCX cFlEyZ"
    >
      <div
        className="sc-bdVaJa ldkUXY"
      >
        <div
          className="sc-bwzfXH dIGGHs"
        />
      </div>
    </li>
    <li
      className="sc-ifAKCX cFlEyZ"
    >
      <div
        className="sc-bdVaJa ldkUXY"
      >
        <div
          className="sc-bwzfXH jZccLu"
        />
      </div>
    </li>
    <li
      className="sc-ifAKCX cFlEyZ"
    >
      <div
        className="sc-bdVaJa ldkUXY"
      >
        <div
          className="sc-bwzfXH jZccLu"
        />
      </div>
    </li>
    <li
      className="sc-ifAKCX cFlEyZ"
    >
      <div
        className="sc-bdVaJa ldkUXY"
      >
        <div
          className="sc-bwzfXH jZccLu"
        />
      </div>
    </li>
    <li
      className="sc-ifAKCX cFlEyZ"
    >
      <div
        className="sc-bdVaJa ldkUXY"
      >
        <div
          className="sc-bwzfXH jZccLu"
        />
      </div>
    </li>
    <li
      className="sc-ifAKCX cFlEyZ"
    >
      <div
        className="sc-bdVaJa ldkUXY"
      >
        <div
          className="sc-bwzfXH jZccLu"
        />
      </div>
    </li>
    <li
      className="sc-ifAKCX cFlEyZ"
    >
      <div
        className="sc-bdVaJa ldkUXY"
      >
        <div
          className="sc-bwzfXH jZccLu"
        />
      </div>
    </li>
    <li
      className="sc-ifAKCX cFlEyZ"
    >
      <div
        className="sc-bdVaJa ldkUXY"
      >
        <div
          className="sc-bwzfXH jZccLu"
        />
      </div>
    </li>
    <li
      className="sc-ifAKCX cFlEyZ"
    >
      <div
        className="sc-bdVaJa ldkUXY"
      >
        <div
          className="sc-bwzfXH jZccLu"
        />
      </div>
    </li>
    <li
      className="sc-ifAKCX cFlEyZ"
    >
      <div
        className="sc-bdVaJa ldkUXY"
      >
        <div
          className="sc-bwzfXH jZccLu"
        />
      </div>
    </li>
    <li
      className="sc-ifAKCX cFlEyZ"
    >
      <div
        className="sc-bdVaJa ldkUXY"
      >
        <div
          className="sc-bwzfXH jZccLu"
        />
      </div>
    </li>
    <li
      className="sc-ifAKCX cFlEyZ"
    >
      <div
        className="sc-bdVaJa ldkUXY"
      >
        <div
          className="sc-bwzfXH jZccLu"
        />
      </div>
    </li>
    <li
      className="sc-ifAKCX cFlEyZ"
    >
      <div
        className="sc-bdVaJa ldkUXY"
      >
        <div
          className="sc-bwzfXH jZccLu"
        />
      </div>
    </li>
    <li
      className="sc-ifAKCX cFlEyZ"
    >
      <div
        className="sc-bdVaJa ldkUXY"
      >
        <div
          className="sc-bwzfXH jZccLu"
        />
      </div>
    </li>
    <li
      className="sc-ifAKCX cFlEyZ"
    >
      <div
        className="sc-bdVaJa ldkUXY"
      >
        <div
          className="sc-bwzfXH jZccLu"
        />
      </div>
    </li>
    <li
      className="sc-ifAKCX cFlEyZ"
    >
      <div
        className="sc-bdVaJa ldkUXY"
      >
        <div
          className="sc-bwzfXH jZccLu"
        />
      </div>
    </li>
    <li
      className="sc-ifAKCX cFlEyZ"
    >
      <div
        className="sc-bdVaJa ldkUXY"
      >
        <div
          className="sc-bwzfXH jZccLu"
        />
      </div>
    </li>
    <li
      className="sc-ifAKCX cFlEyZ"
    >
      <div
        className="sc-bdVaJa ldkUXY"
      >
        <div
          className="sc-bwzfXH jZccLu"
        />
      </div>
    </li>
    <li
      className="sc-ifAKCX cFlEyZ"
    >
      <div
        className="sc-bdVaJa ldkUXY"
      >
        <div
          className="sc-bwzfXH jZccLu"
        />
      </div>
    </li>
    <li
      className="sc-ifAKCX cFlEyZ"
    >
      <div
        className="sc-bdVaJa ldkUXY"
      >
        <div
          className="sc-bwzfXH jZccLu"
        />
      </div>
    </li>
    <li
      className="sc-ifAKCX cFlEyZ"
    >
      <div
        className="sc-bdVaJa ldkUXY"
      >
        <div
          className="sc-bwzfXH jZccLu"
        />
      </div>
    </li>
    <li
      className="sc-ifAKCX cFlEyZ"
    >
      <div
        className="sc-bdVaJa ldkUXY"
      >
        <div
          className="sc-bwzfXH jZccLu"
        />
      </div>
    </li>
    <li
      className="sc-ifAKCX cFlEyZ"
    >
      <div
        className="sc-bdVaJa ldkUXY"
      >
        <div
          className="sc-bwzfXH jZccLu"
        />
      </div>
    </li>
    <li
      className="sc-ifAKCX cFlEyZ"
    >
      <div
        className="sc-bdVaJa ldkUXY"
      >
        <div
          className="sc-bwzfXH jZccLu"
        />
      </div>
    </li>
    <li
      className="sc-ifAKCX cFlEyZ"
    >
      <div
        className="sc-bdVaJa ldkUXY"
      >
        <div
          className="sc-bwzfXH jZccLu"
        />
      </div>
    </li>
    <li
      className="sc-ifAKCX cFlEyZ"
    >
      <div
        className="sc-bdVaJa ldkUXY"
      >
        <div
          className="sc-bwzfXH jZccLu"
        />
      </div>
    </li>
    <li
      className="sc-ifAKCX cFlEyZ"
    >
      <div
        className="sc-bdVaJa ldkUXY"
      >
        <div
          className="sc-bwzfXH jZccLu"
        />
      </div>
    </li>
    <li
      className="sc-ifAKCX cFlEyZ"
    >
      <div
        className="sc-bdVaJa ldkUXY"
      >
        <div
          className="sc-bwzfXH jZccLu"
        />
      </div>
    </li>
    <li
      className="sc-ifAKCX cFlEyZ"
    >
      <div
        className="sc-bdVaJa ldkUXY"
      >
        <div
          className="sc-bwzfXH jZccLu"
        />
      </div>
    </li>
    <li
      className="sc-ifAKCX cFlEyZ"
    >
      <div
        className="sc-bdVaJa ldkUXY"
      >
        <div
          className="sc-bwzfXH jZccLu"
        />
      </div>
    </li>
    <li
      className="sc-ifAKCX cFlEyZ"
    >
      <div
        className="sc-bdVaJa ldkUXY"
      >
        <div
          className="sc-bwzfXH jZccLu"
        />
      </div>
    </li>
    <li
      className="sc-ifAKCX cFlEyZ"
    >
      <div
        className="sc-bdVaJa ldkUXY"
      >
        <div
          className="sc-bwzfXH jZccLu"
        />
      </div>
    </li>
    <li
      className="sc-ifAKCX cFlEyZ"
    >
      <div
        className="sc-bdVaJa ldkUXY"
      >
        <div
          className="sc-bwzfXH jZccLu"
        />
      </div>
    </li>
    <li
      className="sc-ifAKCX cFlEyZ"
    >
      <div
        className="sc-bdVaJa ldkUXY"
      >
        <div
          className="sc-bwzfXH jZccLu"
        />
      </div>
    </li>
    <li
      className="sc-ifAKCX cFlEyZ"
    >
      <div
        className="sc-bdVaJa ldkUXY"
      >
        <div
          className="sc-bwzfXH jZccLu"
        />
      </div>
    </li>
    <li
      className="sc-ifAKCX cFlEyZ"
    >
      <div
        className="sc-bdVaJa ldkUXY"
      >
        <div
          className="sc-bwzfXH jZccLu"
        />
      </div>
    </li>
    <li
      className="sc-ifAKCX cFlEyZ"
    >
      <div
        className="sc-bdVaJa ldkUXY"
      >
        <div
          className="sc-bwzfXH jZccLu"
        />
      </div>
    </li>
    <li
      className="sc-ifAKCX cFlEyZ"
    >
      <div
        className="sc-bdVaJa ldkUXY"
      >
        <div
          className="sc-bwzfXH jZccLu"
        />
      </div>
    </li>
    <li
      className="sc-ifAKCX cFlEyZ"
    >
      <div
        className="sc-bdVaJa ldkUXY"
      >
        <div
          className="sc-bwzfXH jZccLu"
        />
      </div>
    </li>
    <li
      className="sc-ifAKCX cFlEyZ"
    >
      <div
        className="sc-bdVaJa ldkUXY"
      >
        <div
          className="sc-bwzfXH jZccLu"
        />
      </div>
    </li>
    <li
      className="sc-ifAKCX cFlEyZ"
    >
      <div
        className="sc-bdVaJa ldkUXY"
      >
        <div
          className="sc-bwzfXH jZccLu"
        />
      </div>
    </li>
    <li
      className="sc-ifAKCX cFlEyZ"
    >
      <div
        className="sc-bdVaJa ldkUXY"
      >
        <div
          className="sc-bwzfXH jZccLu"
        />
      </div>
    </li>
    <li
      className="sc-ifAKCX cFlEyZ"
    >
      <div
        className="sc-bdVaJa ldkUXY"
      >
        <div
          className="sc-bwzfXH jZccLu"
        />
      </div>
    </li>
    <li
      className="sc-ifAKCX cFlEyZ"
    >
      <div
        className="sc-bdVaJa ldkUXY"
      >
        <div
          className="sc-bwzfXH jZccLu"
        />
      </div>
    </li>
    <li
      className="sc-ifAKCX cFlEyZ"
    >
      <div
        className="sc-bdVaJa ldkUXY"
      >
        <div
          className="sc-bwzfXH jZccLu"
        />
      </div>
    </li>
    <li
      className="sc-ifAKCX cFlEyZ"
    >
      <div
        className="sc-bdVaJa ldkUXY"
      >
        <div
          className="sc-bwzfXH jZccLu"
        />
      </div>
    </li>
    <li
      className="sc-ifAKCX cFlEyZ"
    >
      <div
        className="sc-bdVaJa ldkUXY"
      >
        <div
          className="sc-bwzfXH jZccLu"
        />
      </div>
    </li>
    <li
      className="sc-ifAKCX cFlEyZ"
    >
      <div
        className="sc-bdVaJa ldkUXY"
      >
        <div
          className="sc-bwzfXH jZccLu"
        />
      </div>
    </li>
    <li
      className="sc-ifAKCX cFlEyZ"
    >
      <div
        className="sc-bdVaJa ldkUXY"
      >
        <div
          className="sc-bwzfXH jZccLu"
        />
      </div>
    </li>
    <li
      className="sc-ifAKCX cFlEyZ"
    >
      <div
        className="sc-bdVaJa ldkUXY"
      >
        <div
          className="sc-bwzfXH jZccLu"
        />
      </div>
    </li>
    <li
      className="sc-ifAKCX cFlEyZ"
    >
      <div
        className="sc-bdVaJa ldkUXY"
      >
        <div
          className="sc-bwzfXH jZccLu"
        />
      </div>
    </li>
    <li
      className="sc-ifAKCX cFlEyZ"
    >
      <div
        className="sc-bdVaJa ldkUXY"
      >
        <div
          className="sc-bwzfXH jZccLu"
        />
      </div>
    </li>
    <li
      className="sc-ifAKCX cFlEyZ"
    >
      <div
        className="sc-bdVaJa ldkUXY"
      >
        <div
          className="sc-bwzfXH jZccLu"
        />
      </div>
    </li>
    <li
      className="sc-ifAKCX cFlEyZ"
    >
      <div
        className="sc-bdVaJa ldkUXY"
      >
        <div
          className="sc-bwzfXH jZccLu"
        />
      </div>
    </li>
    <li
      className="sc-ifAKCX cFlEyZ"
    >
      <div
        className="sc-bdVaJa ldkUXY"
      >
        <div
          className="sc-bwzfXH jZccLu"
        />
      </div>
    </li>
    <li
      className="sc-ifAKCX cFlEyZ"
    >
      <div
        className="sc-bdVaJa ldkUXY"
      >
        <div
          className="sc-bwzfXH jZccLu"
        />
      </div>
    </li>
    <li
      className="sc-ifAKCX cFlEyZ"
    >
      <div
        className="sc-bdVaJa ldkUXY"
      >
        <div
          className="sc-bwzfXH jZccLu"
        />
      </div>
    </li>
    <li
      className="sc-ifAKCX cFlEyZ"
    >
      <div
        className="sc-bdVaJa ldkUXY"
      >
        <div
          className="sc-bwzfXH jZccLu"
        />
      </div>
    </li>
    <li
      className="sc-ifAKCX cFlEyZ"
    >
      <div
        className="sc-bdVaJa ldkUXY"
      >
        <div
          className="sc-bwzfXH jZccLu"
        />
      </div>
    </li>
  </ul>
</div>
`;
