// Jest Snapshot v1, https://goo.gl/fbAQLP

exports[`<TransactionsSummary /> renders correctly 1`] = `
<ul
  className="sc-bwzfXH kkbZxf"
>
  <li
    className="sc-htpNat KtFsv"
  >
    <div
      className="sc-bdVaJa bcFhNJ"
    />
  </li>
  <li
    className="sc-htpNat KtFsv"
  >
    <div
      className="sc-bdVaJa bcFhNJ"
    />
  </li>
  <li
    className="sc-htpNat KtFsv"
  >
    <div
      className="sc-bdVaJa dndCLb"
    />
  </li>
  <li
    className="sc-htpNat KtFsv"
  >
    <div
      className="sc-bdVaJa dndCLb"
    />
  </li>
  <li
    className="sc-htpNat KtFsv"
  >
    <div
      className="sc-bdVaJa dndCLb"
    />
  </li>
  <li
    className="sc-htpNat KtFsv"
  >
    <div
      className="sc-bdVaJa dndCLb"
    />
  </li>
  <li
    className="sc-htpNat KtFsv"
  >
    <div
      className="sc-bdVaJa dndCLb"
    />
  </li>
  <li
    className="sc-htpNat KtFsv"
  >
    <div
      className="sc-bdVaJa dndCLb"
    />
  </li>
  <li
    className="sc-htpNat KtFsv"
  >
    <div
      className="sc-bdVaJa dndCLb"
    />
  </li>
  <li
    className="sc-htpNat KtFsv"
  >
    <div
      className="sc-bdVaJa dndCLb"
    />
  </li>
  <li
    className="sc-htpNat KtFsv"
  >
    <div
      className="sc-bdVaJa dndCLb"
    />
  </li>
  <li
    className="sc-htpNat KtFsv"
  >
    <div
      className="sc-bdVaJa dndCLb"
    />
  </li>
  <li
    className="sc-htpNat KtFsv"
  >
    <div
      className="sc-bdVaJa dndCLb"
    />
  </li>
  <li
    className="sc-htpNat KtFsv"
  >
    <div
      className="sc-bdVaJa dndCLb"
    />
  </li>
  <li
    className="sc-htpNat KtFsv"
  >
    <div
      className="sc-bdVaJa dndCLb"
    />
  </li>
  <li
    className="sc-htpNat KtFsv"
  >
    <div
      className="sc-bdVaJa dndCLb"
    />
  </li>
  <li
    className="sc-htpNat KtFsv"
  >
    <div
      className="sc-bdVaJa dndCLb"
    />
  </li>
  <li
    className="sc-htpNat KtFsv"
  >
    <div
      className="sc-bdVaJa dndCLb"
    />
  </li>
  <li
    className="sc-htpNat KtFsv"
  >
    <div
      className="sc-bdVaJa dndCLb"
    />
  </li>
  <li
    className="sc-htpNat KtFsv"
  >
    <div
      className="sc-bdVaJa dndCLb"
    />
  </li>
  <li
    className="sc-htpNat KtFsv"
  >
    <div
      className="sc-bdVaJa dndCLb"
    />
  </li>
  <li
    className="sc-htpNat KtFsv"
  >
    <div
      className="sc-bdVaJa dndCLb"
    />
  </li>
  <li
    className="sc-htpNat KtFsv"
  >
    <div
      className="sc-bdVaJa dndCLb"
    />
  </li>
  <li
    className="sc-htpNat KtFsv"
  >
    <div
      className="sc-bdVaJa dndCLb"
    />
  </li>
  <li
    className="sc-htpNat KtFsv"
  >
    <div
      className="sc-bdVaJa dndCLb"
    />
  </li>
  <li
    className="sc-htpNat KtFsv"
  >
    <div
      className="sc-bdVaJa dndCLb"
    />
  </li>
  <li
    className="sc-htpNat KtFsv"
  >
    <div
      className="sc-bdVaJa dndCLb"
    />
  </li>
  <li
    className="sc-htpNat KtFsv"
  >
    <div
      className="sc-bdVaJa dndCLb"
    />
  </li>
  <li
    className="sc-htpNat KtFsv"
  >
    <div
      className="sc-bdVaJa dndCLb"
    />
  </li>
  <li
    className="sc-htpNat KtFsv"
  >
    <div
      className="sc-bdVaJa dndCLb"
    />
  </li>
  <li
    className="sc-htpNat KtFsv"
  >
    <div
      className="sc-bdVaJa dndCLb"
    />
  </li>
  <li
    className="sc-htpNat KtFsv"
  >
    <div
      className="sc-bdVaJa dndCLb"
    />
  </li>
  <li
    className="sc-htpNat KtFsv"
  >
    <div
      className="sc-bdVaJa dndCLb"
    />
  </li>
  <li
    className="sc-htpNat KtFsv"
  >
    <div
      className="sc-bdVaJa dndCLb"
    />
  </li>
  <li
    className="sc-htpNat KtFsv"
  >
    <div
      className="sc-bdVaJa dndCLb"
    />
  </li>
  <li
    className="sc-htpNat KtFsv"
  >
    <div
      className="sc-bdVaJa dndCLb"
    />
  </li>
  <li
    className="sc-htpNat KtFsv"
  >
    <div
      className="sc-bdVaJa dndCLb"
    />
  </li>
  <li
    className="sc-htpNat KtFsv"
  >
    <div
      className="sc-bdVaJa dndCLb"
    />
  </li>
  <li
    className="sc-htpNat KtFsv"
  >
    <div
      className="sc-bdVaJa dndCLb"
    />
  </li>
  <li
    className="sc-htpNat KtFsv"
  >
    <div
      className="sc-bdVaJa dndCLb"
    />
  </li>
  <li
    className="sc-htpNat KtFsv"
  >
    <div
      className="sc-bdVaJa dndCLb"
    />
  </li>
  <li
    className="sc-htpNat KtFsv"
  >
    <div
      className="sc-bdVaJa dndCLb"
    />
  </li>
  <li
    className="sc-htpNat KtFsv"
  >
    <div
      className="sc-bdVaJa dndCLb"
    />
  </li>
  <li
    className="sc-htpNat KtFsv"
  >
    <div
      className="sc-bdVaJa dndCLb"
    />
  </li>
  <li
    className="sc-htpNat KtFsv"
  >
    <div
      className="sc-bdVaJa dndCLb"
    />
  </li>
  <li
    className="sc-htpNat KtFsv"
  >
    <div
      className="sc-bdVaJa dndCLb"
    />
  </li>
  <li
    className="sc-htpNat KtFsv"
  >
    <div
      className="sc-bdVaJa dndCLb"
    />
  </li>
  <li
    className="sc-htpNat KtFsv"
  >
    <div
      className="sc-bdVaJa dndCLb"
    />
  </li>
  <li
    className="sc-htpNat KtFsv"
  >
    <div
      className="sc-bdVaJa dndCLb"
    />
  </li>
  <li
    className="sc-htpNat KtFsv"
  >
    <div
      className="sc-bdVaJa dndCLb"
    />
  </li>
  <li
    className="sc-htpNat KtFsv"
  >
    <div
      className="sc-bdVaJa dndCLb"
    />
  </li>
  <li
    className="sc-htpNat KtFsv"
  >
    <div
      className="sc-bdVaJa dndCLb"
    />
  </li>
  <li
    className="sc-htpNat KtFsv"
  >
    <div
      className="sc-bdVaJa dndCLb"
    />
  </li>
  <li
    className="sc-htpNat KtFsv"
  >
    <div
      className="sc-bdVaJa dndCLb"
    />
  </li>
  <li
    className="sc-htpNat KtFsv"
  >
    <div
      className="sc-bdVaJa dndCLb"
    />
  </li>
  <li
    className="sc-htpNat KtFsv"
  >
    <div
      className="sc-bdVaJa dndCLb"
    />
  </li>
  <li
    className="sc-htpNat KtFsv"
  >
    <div
      className="sc-bdVaJa dndCLb"
    />
  </li>
  <li
    className="sc-htpNat KtFsv"
  >
    <div
      className="sc-bdVaJa dndCLb"
    />
  </li>
  <li
    className="sc-htpNat KtFsv"
  >
    <div
      className="sc-bdVaJa dndCLb"
    />
  </li>
  <li
    className="sc-htpNat KtFsv"
  >
    <div
      className="sc-bdVaJa dndCLb"
    />
  </li>
</ul>
`;
