// Jest Snapshot v1, https://goo.gl/fbAQLP

exports[`<Card /> renders correctly 1`] = `
<div
  className="sc-jKJlTe loXQau"
>
  <div
    className="sc-kGXeez cVBluA"
  >
    <div
      className="sc-EHOje jUPklj sc-kpOJdX jbuTzW"
      size="md"
    >
      34
       Transactions
    </div>
    <div
      className="sc-VigVT iDzZxv"
      size="md"
    >
      # 
      7250672
    </div>
    <div
      className="sc-htpNat byVbmf"
    >
      <ul
        className="sc-bxivhb gNgCgd"
      >
        <li
          className="sc-ifAKCX cFlEyZ"
        >
          <div
            className="sc-bdVaJa ldkUXY"
          >
            <div
              className="sc-bwzfXH ohHan"
            />
          </div>
        </li>
        <li
          className="sc-ifAKCX cFlEyZ"
        >
          <div
            className="sc-bdVaJa ldkUXY"
          >
            <div
              className="sc-bwzfXH ohHan"
            />
          </div>
        </li>
        <li
          className="sc-ifAKCX cFlEyZ"
        >
          <div
            className="sc-bdVaJa ldkUXY"
          >
            <div
              className="sc-bwzfXH eAUgay"
            />
          </div>
        </li>
        <li
          className="sc-ifAKCX cFlEyZ"
        >
          <div
            className="sc-bdVaJa ldkUXY"
          >
            <div
              className="sc-bwzfXH eAUgay"
            />
          </div>
        </li>
        <li
          className="sc-ifAKCX cFlEyZ"
        >
          <div
            className="sc-bdVaJa ldkUXY"
          >
            <div
              className="sc-bwzfXH eAUgay"
            />
          </div>
        </li>
        <li
          className="sc-ifAKCX cFlEyZ"
        >
          <div
            className="sc-bdVaJa ldkUXY"
          >
            <div
              className="sc-bwzfXH eAUgay"
            />
          </div>
        </li>
        <li
          className="sc-ifAKCX cFlEyZ"
        >
          <div
            className="sc-bdVaJa ldkUXY"
          >
            <div
              className="sc-bwzfXH eAUgay"
            />
          </div>
        </li>
        <li
          className="sc-ifAKCX cFlEyZ"
        >
          <div
            className="sc-bdVaJa ldkUXY"
          >
            <div
              className="sc-bwzfXH eAUgay"
            />
          </div>
        </li>
        <li
          className="sc-ifAKCX cFlEyZ"
        >
          <div
            className="sc-bdVaJa ldkUXY"
          >
            <div
              className="sc-bwzfXH eAUgay"
            />
          </div>
        </li>
        <li
          className="sc-ifAKCX cFlEyZ"
        >
          <div
            className="sc-bdVaJa ldkUXY"
          >
            <div
              className="sc-bwzfXH eAUgay"
            />
          </div>
        </li>
        <li
          className="sc-ifAKCX cFlEyZ"
        >
          <div
            className="sc-bdVaJa ldkUXY"
          >
            <div
              className="sc-bwzfXH eAUgay"
            />
          </div>
        </li>
        <li
          className="sc-ifAKCX cFlEyZ"
        >
          <div
            className="sc-bdVaJa ldkUXY"
          >
            <div
              className="sc-bwzfXH eAUgay"
            />
          </div>
        </li>
        <li
          className="sc-ifAKCX cFlEyZ"
        >
          <div
            className="sc-bdVaJa ldkUXY"
          >
            <div
              className="sc-bwzfXH eAUgay"
            />
          </div>
        </li>
        <li
          className="sc-ifAKCX cFlEyZ"
        >
          <div
            className="sc-bdVaJa ldkUXY"
          >
            <div
              className="sc-bwzfXH eAUgay"
            />
          </div>
        </li>
        <li
          className="sc-ifAKCX cFlEyZ"
        >
          <div
            className="sc-bdVaJa ldkUXY"
          >
            <div
              className="sc-bwzfXH eAUgay"
            />
          </div>
        </li>
        <li
          className="sc-ifAKCX cFlEyZ"
        >
          <div
            className="sc-bdVaJa ldkUXY"
          >
            <div
              className="sc-bwzfXH eAUgay"
            />
          </div>
        </li>
        <li
          className="sc-ifAKCX cFlEyZ"
        >
          <div
            className="sc-bdVaJa ldkUXY"
          >
            <div
              className="sc-bwzfXH eAUgay"
            />
          </div>
        </li>
        <li
          className="sc-ifAKCX cFlEyZ"
        >
          <div
            className="sc-bdVaJa ldkUXY"
          >
            <div
              className="sc-bwzfXH eAUgay"
            />
          </div>
        </li>
        <li
          className="sc-ifAKCX cFlEyZ"
        >
          <div
            className="sc-bdVaJa ldkUXY"
          >
            <div
              className="sc-bwzfXH eAUgay"
            />
          </div>
        </li>
        <li
          className="sc-ifAKCX cFlEyZ"
        >
          <div
            className="sc-bdVaJa ldkUXY"
          >
            <div
              className="sc-bwzfXH eAUgay"
            />
          </div>
        </li>
        <li
          className="sc-ifAKCX cFlEyZ"
        >
          <div
            className="sc-bdVaJa ldkUXY"
          >
            <div
              className="sc-bwzfXH eAUgay"
            />
          </div>
        </li>
        <li
          className="sc-ifAKCX cFlEyZ"
        >
          <div
            className="sc-bdVaJa ldkUXY"
          >
            <div
              className="sc-bwzfXH eAUgay"
            />
          </div>
        </li>
        <li
          className="sc-ifAKCX cFlEyZ"
        >
          <div
            className="sc-bdVaJa ldkUXY"
          >
            <div
              className="sc-bwzfXH eAUgay"
            />
          </div>
        </li>
        <li
          className="sc-ifAKCX cFlEyZ"
        >
          <div
            className="sc-bdVaJa ldkUXY"
          >
            <div
              className="sc-bwzfXH eAUgay"
            />
          </div>
        </li>
        <li
          className="sc-ifAKCX cFlEyZ"
        >
          <div
            className="sc-bdVaJa ldkUXY"
          >
            <div
              className="sc-bwzfXH eAUgay"
            />
          </div>
        </li>
        <li
          className="sc-ifAKCX cFlEyZ"
        >
          <div
            className="sc-bdVaJa ldkUXY"
          >
            <div
              className="sc-bwzfXH eAUgay"
            />
          </div>
        </li>
        <li
          className="sc-ifAKCX cFlEyZ"
        >
          <div
            className="sc-bdVaJa ldkUXY"
          >
            <div
              className="sc-bwzfXH eAUgay"
            />
          </div>
        </li>
        <li
          className="sc-ifAKCX cFlEyZ"
        >
          <div
            className="sc-bdVaJa ldkUXY"
          >
            <div
              className="sc-bwzfXH eAUgay"
            />
          </div>
        </li>
        <li
          className="sc-ifAKCX cFlEyZ"
        >
          <div
            className="sc-bdVaJa ldkUXY"
          >
            <div
              className="sc-bwzfXH eAUgay"
            />
          </div>
        </li>
        <li
          className="sc-ifAKCX cFlEyZ"
        >
          <div
            className="sc-bdVaJa ldkUXY"
          >
            <div
              className="sc-bwzfXH eAUgay"
            />
          </div>
        </li>
        <li
          className="sc-ifAKCX cFlEyZ"
        >
          <div
            className="sc-bdVaJa ldkUXY"
          >
            <div
              className="sc-bwzfXH eAUgay"
            />
          </div>
        </li>
        <li
          className="sc-ifAKCX cFlEyZ"
        >
          <div
            className="sc-bdVaJa ldkUXY"
          >
            <div
              className="sc-bwzfXH eAUgay"
            />
          </div>
        </li>
        <li
          className="sc-ifAKCX cFlEyZ"
        >
          <div
            className="sc-bdVaJa ldkUXY"
          >
            <div
              className="sc-bwzfXH eAUgay"
            />
          </div>
        </li>
        <li
          className="sc-ifAKCX cFlEyZ"
        >
          <div
            className="sc-bdVaJa ldkUXY"
          >
            <div
              className="sc-bwzfXH eAUgay"
            />
          </div>
        </li>
        <li
          className="sc-ifAKCX cFlEyZ"
        >
          <div
            className="sc-bdVaJa ldkUXY"
          >
            <div
              className="sc-bwzfXH eAUgay"
            />
          </div>
        </li>
        <li
          className="sc-ifAKCX cFlEyZ"
        >
          <div
            className="sc-bdVaJa ldkUXY"
          >
            <div
              className="sc-bwzfXH eAUgay"
            />
          </div>
        </li>
        <li
          className="sc-ifAKCX cFlEyZ"
        >
          <div
            className="sc-bdVaJa ldkUXY"
          >
            <div
              className="sc-bwzfXH eAUgay"
            />
          </div>
        </li>
        <li
          className="sc-ifAKCX cFlEyZ"
        >
          <div
            className="sc-bdVaJa ldkUXY"
          >
            <div
              className="sc-bwzfXH eAUgay"
            />
          </div>
        </li>
        <li
          className="sc-ifAKCX cFlEyZ"
        >
          <div
            className="sc-bdVaJa ldkUXY"
          >
            <div
              className="sc-bwzfXH eAUgay"
            />
          </div>
        </li>
        <li
          className="sc-ifAKCX cFlEyZ"
        >
          <div
            className="sc-bdVaJa ldkUXY"
          >
            <div
              className="sc-bwzfXH eAUgay"
            />
          </div>
        </li>
        <li
          className="sc-ifAKCX cFlEyZ"
        >
          <div
            className="sc-bdVaJa ldkUXY"
          >
            <div
              className="sc-bwzfXH eAUgay"
            />
          </div>
        </li>
        <li
          className="sc-ifAKCX cFlEyZ"
        >
          <div
            className="sc-bdVaJa ldkUXY"
          >
            <div
              className="sc-bwzfXH eAUgay"
            />
          </div>
        </li>
        <li
          className="sc-ifAKCX cFlEyZ"
        >
          <div
            className="sc-bdVaJa ldkUXY"
          >
            <div
              className="sc-bwzfXH eAUgay"
            />
          </div>
        </li>
        <li
          className="sc-ifAKCX cFlEyZ"
        >
          <div
            className="sc-bdVaJa ldkUXY"
          >
            <div
              className="sc-bwzfXH eAUgay"
            />
          </div>
        </li>
        <li
          className="sc-ifAKCX cFlEyZ"
        >
          <div
            className="sc-bdVaJa ldkUXY"
          >
            <div
              className="sc-bwzfXH eAUgay"
            />
          </div>
        </li>
        <li
          className="sc-ifAKCX cFlEyZ"
        >
          <div
            className="sc-bdVaJa ldkUXY"
          >
            <div
              className="sc-bwzfXH eAUgay"
            />
          </div>
        </li>
        <li
          className="sc-ifAKCX cFlEyZ"
        >
          <div
            className="sc-bdVaJa ldkUXY"
          >
            <div
              className="sc-bwzfXH eAUgay"
            />
          </div>
        </li>
        <li
          className="sc-ifAKCX cFlEyZ"
        >
          <div
            className="sc-bdVaJa ldkUXY"
          >
            <div
              className="sc-bwzfXH eAUgay"
            />
          </div>
        </li>
        <li
          className="sc-ifAKCX cFlEyZ"
        >
          <div
            className="sc-bdVaJa ldkUXY"
          >
            <div
              className="sc-bwzfXH eAUgay"
            />
          </div>
        </li>
        <li
          className="sc-ifAKCX cFlEyZ"
        >
          <div
            className="sc-bdVaJa ldkUXY"
          >
            <div
              className="sc-bwzfXH eAUgay"
            />
          </div>
        </li>
        <li
          className="sc-ifAKCX cFlEyZ"
        >
          <div
            className="sc-bdVaJa ldkUXY"
          >
            <div
              className="sc-bwzfXH eAUgay"
            />
          </div>
        </li>
        <li
          className="sc-ifAKCX cFlEyZ"
        >
          <div
            className="sc-bdVaJa ldkUXY"
          >
            <div
              className="sc-bwzfXH eAUgay"
            />
          </div>
        </li>
        <li
          className="sc-ifAKCX cFlEyZ"
        >
          <div
            className="sc-bdVaJa ldkUXY"
          >
            <div
              className="sc-bwzfXH eAUgay"
            />
          </div>
        </li>
        <li
          className="sc-ifAKCX cFlEyZ"
        >
          <div
            className="sc-bdVaJa ldkUXY"
          >
            <div
              className="sc-bwzfXH eAUgay"
            />
          </div>
        </li>
        <li
          className="sc-ifAKCX cFlEyZ"
        >
          <div
            className="sc-bdVaJa ldkUXY"
          >
            <div
              className="sc-bwzfXH eAUgay"
            />
          </div>
        </li>
        <li
          className="sc-ifAKCX cFlEyZ"
        >
          <div
            className="sc-bdVaJa ldkUXY"
          >
            <div
              className="sc-bwzfXH eAUgay"
            />
          </div>
        </li>
        <li
          className="sc-ifAKCX cFlEyZ"
        >
          <div
            className="sc-bdVaJa ldkUXY"
          >
            <div
              className="sc-bwzfXH eAUgay"
            />
          </div>
        </li>
        <li
          className="sc-ifAKCX cFlEyZ"
        >
          <div
            className="sc-bdVaJa ldkUXY"
          >
            <div
              className="sc-bwzfXH eAUgay"
            />
          </div>
        </li>
        <li
          className="sc-ifAKCX cFlEyZ"
        >
          <div
            className="sc-bdVaJa ldkUXY"
          >
            <div
              className="sc-bwzfXH eAUgay"
            />
          </div>
        </li>
        <li
          className="sc-ifAKCX cFlEyZ"
        >
          <div
            className="sc-bdVaJa ldkUXY"
          >
            <div
              className="sc-bwzfXH eAUgay"
            />
          </div>
        </li>
      </ul>
    </div>
    <div
      className="sc-gzVnrw gxhySI"
    >
      <div
        className="sc-iwsKbI dVxxQe"
      >
        <div
          className="sc-EHOje jUPklj sc-htoDjs dARhit"
          size="md"
        >
          Size
        </div>
        <div
          className="sc-EHOje hkOzyT sc-dnqmqq koHliJ"
          size="md"
        />
      </div>
      <div
        className="sc-gZMcBi jWPKqd"
      >
        <div
          className="sc-EHOje jUPklj sc-htoDjs dARhit"
          size="md"
        >
          Difficulty
        </div>
        <div
          className="sc-EHOje hkOzyT sc-dnqmqq koHliJ"
          size="md"
        />
      </div>
      <div
        className="sc-gqjmRU jpVdfh"
      >
        <div
          className="sc-EHOje jUPklj sc-htoDjs dARhit"
          size="md"
        >
          Miner
        </div>
        <div
          className="sc-EHOje hkOzyT sc-dnqmqq koHliJ"
          size="md"
        />
      </div>
    </div>
    <div
      className="sc-dxgOiQ iKOXYn"
    >
      <a
        className="sc-cSHVUG eJjCtk sc-ckVGcZ bBUPhT"
        href="/block/7250672"
        type="secondary"
      >
        <div
          className="sc-kAzzGY ebaOMy"
        >
          <span
            className="sc-chPdSV eHFiPO"
          >
            More Details
          </span>
        </div>
      </a>
    </div>
  </div>
</div>
`;
