// Jest Snapshot v1, https://goo.gl/fbAQLP

exports[`<BlockContent /> renders correctly 1`] = `
<div
  className="sc-ifAKCX jmbKll"
>
  Block number 
   Transactions
  <ul
    className="sc-EHOje jvzENE"
  >
    <div
      className="sc-htpNat fPsaOJ sc-bZQynM BSQHS"
    >
      Size
      <div
        className="sc-bxivhb qtnqi"
      >
        <div
          className="sc-bdVaJa jmbRgh"
          size="md"
        />
      </div>
    </div>
    <div
      className="sc-htpNat fPsaOJ sc-bZQynM BSQHS"
    >
      Difficulty
      <div
        className="sc-bxivhb qtnqi"
      >
        <div
          className="sc-bdVaJa jmbRgh"
          size="md"
        />
      </div>
    </div>
    <div
      className="sc-htpNat fPsaOJ sc-bZQynM BSQHS"
    >
      Total Difficulty
      <div
        className="sc-bxivhb qtnqi"
      >
        <div
          className="sc-bdVaJa jmbRgh"
          size="md"
        />
      </div>
    </div>
    <div
      className="sc-htpNat fPsaOJ sc-bZQynM BSQHS"
    >
      Gas Used
      <div
        className="sc-bxivhb qtnqi"
      >
        <div
          className="sc-bdVaJa jmbRgh"
          size="md"
        />
      </div>
    </div>
    <div
      className="sc-htpNat fPsaOJ sc-bZQynM BSQHS"
    >
      Gas Limit
      <div
        className="sc-bxivhb qtnqi"
      >
        <div
          className="sc-bdVaJa jmbRgh"
          size="md"
        />
      </div>
    </div>
  </ul>
</div>
`;
