// Jest Snapshot v1, https://goo.gl/fbAQLP

exports[`<BlockInfoRow /> renders correctly 1`] = `
<div
  className="sc-ifAKCX fGFUlD"
>
  <div
    className="sc-htpNat eNMfOi"
    size="sm"
  >
    string
  </div>
  <div
    className="sc-EHOje foZbCf"
  >
    <div
      className="sc-bdVaJa krrbWC"
      size="lg"
    />
  </div>
</div>
`;
