// Jest Snapshot v1, https://goo.gl/fbAQLP

exports[`<BlockSingleTrx /> renders correctly 1`] = `
<table
  className="sc-bZQynM DcOju"
>
  <thead>
    <tr
      className="sc-bdVaJa bDWFJH"
    >
      <th
        className="sc-bwzfXH sc-htpNat KtFsv"
      >
        hello
      </th>
      <th
        className="sc-bwzfXH sc-bxivhb bUZGRr"
      >
        hello
      </th>
      <th
        className="sc-bwzfXH sc-ifAKCX cFlEyZ"
      >
        hello
      </th>
      <th
        className="sc-bwzfXH sc-EHOje jvzENE"
      >
        hello
      </th>
    </tr>
  </thead>
  <tbody>
    <tr
      className="sc-bdVaJa bDWFJH sc-gzVnrw daUmfx"
    >
      <td
        className="sc-bwzfXH sc-htpNat KtFsv"
      >
        7250676
      </td>
      <td
        className="sc-bwzfXH sc-bxivhb bUZGRr"
      >
        0x414a1b09ff2a1cafb2ddd13ed1cc229948ee349b7accd4ad3c3b250e46cddb8d
      </td>
      <td
        className="sc-bwzfXH sc-ifAKCX cFlEyZ"
      >
        <div>
          0xcf5f58c3E7d863c3c859C6Cbce03e015262df0e5
          0xF39d8b9B8C130ac08d4A32E50bb7bbD41C054EB9
        </div>
      </td>
      <td
        className="sc-bwzfXH sc-EHOje jvzENE"
      >
        1
      </td>
    </tr>
    <tr
      className="sc-bdVaJa bDWFJH sc-gzVnrw daUmfx"
    >
      <td
        className="sc-bwzfXH sc-htpNat KtFsv"
      >
        7250676
      </td>
      <td
        className="sc-bwzfXH sc-bxivhb bUZGRr"
      >
        0x414a1b09ff2a1cafb2ddd13ed1cc229948ee349b7accd4ad3c3b250e46cddb8d
      </td>
      <td
        className="sc-bwzfXH sc-ifAKCX cFlEyZ"
      >
        <div>
          0xcf5f58c3E7d863c3c859C6Cbce03e015262df0e5
          0xF39d8b9B8C130ac08d4A32E50bb7bbD41C054EB9
        </div>
      </td>
      <td
        className="sc-bwzfXH sc-EHOje jvzENE"
      >
        1
      </td>
    </tr>
  </tbody>
</table>
`;
