// Jest Snapshot v1, https://goo.gl/fbAQLP

exports[`<BlockDetails /> renders correctly 1`] = `
<article
  className="sc-fjdhpX nsimD"
>
  <div
    className="sc-gZMcBi bMScgA"
  >
    <header
      className="sc-gqjmRU fwHxgf"
    >
      <div
        className="sc-jTzLTM hqFTZt"
      >
        <div
          className="sc-bdVaJa jfEAsh sc-VigVT gHXSEb"
          size="lg"
        >
          <div
            className="sc-bwzfXH dXrMlk"
          >
             
          </div>
        </div>
        <div
          className="sc-htpNat bHaBzt"
          size="lg"
        >
          <div
            className="sc-bxivhb dsXjOH"
          >
             
          </div>
        </div>
      </div>
      <a
        className="sc-dnqmqq FLpyy"
        href="/"
        type="primary"
      >
        <span
          className="sc-iwsKbI bihoxR"
        >
          View transactions
        </span>
      </a>
    </header>
  </div>
  <section
    className="sc-bZQynM kUwNZg"
  >
    <ul
      className="sc-gzVnrw gjsEYR"
    >
      <div
        className="sc-ifAKCX kEvjdA sc-htoDjs bdMEGW"
      >
        <div
          className="sc-htpNat hwnZXv"
          size="sm"
        >
          Size
        </div>
        <div
          className="sc-EHOje foZbCf"
        >
          <div
            className="sc-bdVaJa htfwrO"
            size="lg"
          >
            <div
              className="sc-bwzfXH eAbjIM"
            >
               
            </div>
          </div>
        </div>
      </div>
      <div
        className="sc-ifAKCX kEvjdA sc-htoDjs bdMEGW"
      >
        <div
          className="sc-htpNat hwnZXv"
          size="sm"
        >
          Difficulty
        </div>
        <div
          className="sc-EHOje foZbCf"
        >
          <div
            className="sc-bdVaJa htfwrO"
            size="lg"
          >
            <div
              className="sc-bwzfXH dXrMlk"
            >
               
            </div>
          </div>
        </div>
      </div>
      <div
        className="sc-ifAKCX kEvjdA sc-htoDjs bdMEGW"
      >
        <div
          className="sc-htpNat hwnZXv"
          size="sm"
        >
          Total Difficulty
        </div>
        <div
          className="sc-EHOje foZbCf"
        >
          <div
            className="sc-bdVaJa htfwrO"
            size="lg"
          >
            <div
              className="sc-bwzfXH dTNUzo"
            >
               
            </div>
          </div>
        </div>
      </div>
      <div
        className="sc-ifAKCX kEvjdA sc-htoDjs bdMEGW"
      >
        <div
          className="sc-htpNat hwnZXv"
          size="sm"
        >
          Gas Used
        </div>
        <div
          className="sc-EHOje foZbCf"
        >
          <div
            className="sc-bdVaJa htfwrO"
            size="lg"
          >
            <div
              className="sc-bwzfXH dXrMlk"
            >
               
            </div>
          </div>
        </div>
      </div>
      <div
        className="sc-ifAKCX kEvjdA sc-htoDjs bdMEGW"
      >
        <div
          className="sc-htpNat hwnZXv"
          size="sm"
        >
          Gas Limit
        </div>
        <div
          className="sc-EHOje foZbCf"
        >
          <div
            className="sc-bdVaJa htfwrO"
            size="lg"
          >
            <div
              className="sc-bwzfXH eAbjIM"
            >
               
            </div>
          </div>
        </div>
      </div>
    </ul>
  </section>
</article>
`;
