// Jest Snapshot v1, https://goo.gl/fbAQLP

exports[`<BlockDetails /> renders correctly 1`] = `
<div
  className="sc-jTzLTM jeaEVH"
>
  <article
    className="sc-gZMcBi kxLsOT"
  >
    <header
      className="sc-htoDjs bzhYRm"
    >
      <div
        className="sc-iwsKbI ldERec"
      >
        <div
          className="sc-bdVaJa jfEAsh sc-dnqmqq dpESLn"
          size="lg"
        >
          <div
            className="sc-bwzfXH dXrMlk"
          >
             
          </div>
        </div>
        <div
          className="sc-htpNat bHaBzt"
          size="lg"
        >
          <div
            className="sc-bxivhb dsXjOH"
          >
             
          </div>
        </div>
      </div>
      <a
        className="sc-bZQynM cSTeFT"
        href="https://www.google.com"
        type="primary"
      >
        <span
          className="sc-gzVnrw ipIBGD"
        >
          View transactions
        </span>
      </a>
    </header>
    <ul
      className="sc-gqjmRU hnZXkc"
    >
      <div
        className="sc-ifAKCX kEvjdA sc-VigVT bcVrsj"
      >
        <div
          className="sc-htpNat hwnZXv"
          size="sm"
        >
          Size
        </div>
        <div
          className="sc-EHOje foZbCf"
        >
          <div
            className="sc-bdVaJa htfwrO"
            size="lg"
          >
            <div
              className="sc-bwzfXH eAbjIM"
            >
               
            </div>
          </div>
        </div>
      </div>
      <div
        className="sc-ifAKCX kEvjdA sc-VigVT bcVrsj"
      >
        <div
          className="sc-htpNat hwnZXv"
          size="sm"
        >
          Difficulty
        </div>
        <div
          className="sc-EHOje foZbCf"
        >
          <div
            className="sc-bdVaJa htfwrO"
            size="lg"
          >
            <div
              className="sc-bwzfXH dXrMlk"
            >
               
            </div>
          </div>
        </div>
      </div>
      <div
        className="sc-ifAKCX kEvjdA sc-VigVT bcVrsj"
      >
        <div
          className="sc-htpNat hwnZXv"
          size="sm"
        >
          Total Difficulty
        </div>
        <div
          className="sc-EHOje foZbCf"
        >
          <div
            className="sc-bdVaJa htfwrO"
            size="lg"
          >
            <div
              className="sc-bwzfXH dTNUzo"
            >
               
            </div>
          </div>
        </div>
      </div>
      <div
        className="sc-ifAKCX kEvjdA sc-VigVT bcVrsj"
      >
        <div
          className="sc-htpNat hwnZXv"
          size="sm"
        >
          Gas Used
        </div>
        <div
          className="sc-EHOje foZbCf"
        >
          <div
            className="sc-bdVaJa htfwrO"
            size="lg"
          >
            <div
              className="sc-bwzfXH dXrMlk"
            >
               
            </div>
          </div>
        </div>
      </div>
      <div
        className="sc-ifAKCX kEvjdA sc-VigVT bcVrsj"
      >
        <div
          className="sc-htpNat hwnZXv"
          size="sm"
        >
          Gas Limit
        </div>
        <div
          className="sc-EHOje foZbCf"
        >
          <div
            className="sc-bdVaJa htfwrO"
            size="lg"
          >
            <div
              className="sc-bwzfXH eAbjIM"
            >
               
            </div>
          </div>
        </div>
      </div>
    </ul>
  </article>
</div>
`;
