// Jest Snapshot v1, https://goo.gl/fbAQLP

exports[`<BlockSingleSwitch /> renders correctly 1`] = `
<section
  className="sc-bdVaJa AMIHk"
>
  <button
    className="sc-bwzfXH uTxCW"
    onClick={[Function]}
  >
    Details
  </button>
  <button
    className="sc-htpNat KtFsv"
    onClick={[Function]}
  >
    Transactions
  </button>
</section>
`;
