// Jest Snapshot v1, https://goo.gl/fbAQLP

exports[`<BlockSingleInfoRow /> renders correctly 1`] = `
<div
  className="sc-ifAKCX kEvjdA"
>
  <div
    className="sc-htpNat hwnZXv"
    size="sm"
  >
    string
  </div>
  <div
    className="sc-EHOje foZbCf"
  >
    <div
      className="sc-bdVaJa htfwrO"
      size="lg"
    />
  </div>
</div>
`;
