// Jest Snapshot v1, https://goo.gl/fbAQLP

exports[`<CardContent /> renders correctly 1`] = `
<div
  className="sc-bZQynM bYoYca"
>
  <div
    className="sc-ifAKCX hSVFqZ"
  >
    Block number
  </div>
  <div
    className="sc-ifAKCX bAocBT"
  >
    100
  </div>
  <ul
    className="sc-htpNat TKkfN"
  >
    <li
      className="sc-bxivhb bUZGRr"
    >
      <div
        className="sc-bdVaJa ldkUXY"
      >
        <div
          className="sc-bwzfXH iZUhsD"
        />
      </div>
    </li>
    <li
      className="sc-bxivhb bUZGRr"
    >
      <div
        className="sc-bdVaJa ldkUXY"
      >
        <div
          className="sc-bwzfXH iZUhsD"
        />
      </div>
    </li>
    <li
      className="sc-bxivhb bUZGRr"
    >
      <div
        className="sc-bdVaJa ldkUXY"
      >
        <div
          className="sc-bwzfXH MVFvm"
        />
      </div>
    </li>
    <li
      className="sc-bxivhb bUZGRr"
    >
      <div
        className="sc-bdVaJa ldkUXY"
      >
        <div
          className="sc-bwzfXH MVFvm"
        />
      </div>
    </li>
    <li
      className="sc-bxivhb bUZGRr"
    >
      <div
        className="sc-bdVaJa ldkUXY"
      >
        <div
          className="sc-bwzfXH MVFvm"
        />
      </div>
    </li>
    <li
      className="sc-bxivhb bUZGRr"
    >
      <div
        className="sc-bdVaJa ldkUXY"
      >
        <div
          className="sc-bwzfXH MVFvm"
        />
      </div>
    </li>
    <li
      className="sc-bxivhb bUZGRr"
    >
      <div
        className="sc-bdVaJa ldkUXY"
      >
        <div
          className="sc-bwzfXH MVFvm"
        />
      </div>
    </li>
    <li
      className="sc-bxivhb bUZGRr"
    >
      <div
        className="sc-bdVaJa ldkUXY"
      >
        <div
          className="sc-bwzfXH MVFvm"
        />
      </div>
    </li>
    <li
      className="sc-bxivhb bUZGRr"
    >
      <div
        className="sc-bdVaJa ldkUXY"
      >
        <div
          className="sc-bwzfXH MVFvm"
        />
      </div>
    </li>
    <li
      className="sc-bxivhb bUZGRr"
    >
      <div
        className="sc-bdVaJa ldkUXY"
      >
        <div
          className="sc-bwzfXH MVFvm"
        />
      </div>
    </li>
    <li
      className="sc-bxivhb bUZGRr"
    >
      <div
        className="sc-bdVaJa ldkUXY"
      >
        <div
          className="sc-bwzfXH MVFvm"
        />
      </div>
    </li>
    <li
      className="sc-bxivhb bUZGRr"
    >
      <div
        className="sc-bdVaJa ldkUXY"
      >
        <div
          className="sc-bwzfXH MVFvm"
        />
      </div>
    </li>
    <li
      className="sc-bxivhb bUZGRr"
    >
      <div
        className="sc-bdVaJa ldkUXY"
      >
        <div
          className="sc-bwzfXH MVFvm"
        />
      </div>
    </li>
    <li
      className="sc-bxivhb bUZGRr"
    >
      <div
        className="sc-bdVaJa ldkUXY"
      >
        <div
          className="sc-bwzfXH MVFvm"
        />
      </div>
    </li>
    <li
      className="sc-bxivhb bUZGRr"
    >
      <div
        className="sc-bdVaJa ldkUXY"
      >
        <div
          className="sc-bwzfXH MVFvm"
        />
      </div>
    </li>
    <li
      className="sc-bxivhb bUZGRr"
    >
      <div
        className="sc-bdVaJa ldkUXY"
      >
        <div
          className="sc-bwzfXH MVFvm"
        />
      </div>
    </li>
    <li
      className="sc-bxivhb bUZGRr"
    >
      <div
        className="sc-bdVaJa ldkUXY"
      >
        <div
          className="sc-bwzfXH MVFvm"
        />
      </div>
    </li>
    <li
      className="sc-bxivhb bUZGRr"
    >
      <div
        className="sc-bdVaJa ldkUXY"
      >
        <div
          className="sc-bwzfXH MVFvm"
        />
      </div>
    </li>
    <li
      className="sc-bxivhb bUZGRr"
    >
      <div
        className="sc-bdVaJa ldkUXY"
      >
        <div
          className="sc-bwzfXH MVFvm"
        />
      </div>
    </li>
    <li
      className="sc-bxivhb bUZGRr"
    >
      <div
        className="sc-bdVaJa ldkUXY"
      >
        <div
          className="sc-bwzfXH MVFvm"
        />
      </div>
    </li>
    <li
      className="sc-bxivhb bUZGRr"
    >
      <div
        className="sc-bdVaJa ldkUXY"
      >
        <div
          className="sc-bwzfXH MVFvm"
        />
      </div>
    </li>
    <li
      className="sc-bxivhb bUZGRr"
    >
      <div
        className="sc-bdVaJa ldkUXY"
      >
        <div
          className="sc-bwzfXH MVFvm"
        />
      </div>
    </li>
    <li
      className="sc-bxivhb bUZGRr"
    >
      <div
        className="sc-bdVaJa ldkUXY"
      >
        <div
          className="sc-bwzfXH MVFvm"
        />
      </div>
    </li>
    <li
      className="sc-bxivhb bUZGRr"
    >
      <div
        className="sc-bdVaJa ldkUXY"
      >
        <div
          className="sc-bwzfXH MVFvm"
        />
      </div>
    </li>
    <li
      className="sc-bxivhb bUZGRr"
    >
      <div
        className="sc-bdVaJa ldkUXY"
      >
        <div
          className="sc-bwzfXH MVFvm"
        />
      </div>
    </li>
    <li
      className="sc-bxivhb bUZGRr"
    >
      <div
        className="sc-bdVaJa ldkUXY"
      >
        <div
          className="sc-bwzfXH MVFvm"
        />
      </div>
    </li>
    <li
      className="sc-bxivhb bUZGRr"
    >
      <div
        className="sc-bdVaJa ldkUXY"
      >
        <div
          className="sc-bwzfXH MVFvm"
        />
      </div>
    </li>
    <li
      className="sc-bxivhb bUZGRr"
    >
      <div
        className="sc-bdVaJa ldkUXY"
      >
        <div
          className="sc-bwzfXH MVFvm"
        />
      </div>
    </li>
    <li
      className="sc-bxivhb bUZGRr"
    >
      <div
        className="sc-bdVaJa ldkUXY"
      >
        <div
          className="sc-bwzfXH MVFvm"
        />
      </div>
    </li>
    <li
      className="sc-bxivhb bUZGRr"
    >
      <div
        className="sc-bdVaJa ldkUXY"
      >
        <div
          className="sc-bwzfXH MVFvm"
        />
      </div>
    </li>
    <li
      className="sc-bxivhb bUZGRr"
    >
      <div
        className="sc-bdVaJa ldkUXY"
      >
        <div
          className="sc-bwzfXH MVFvm"
        />
      </div>
    </li>
    <li
      className="sc-bxivhb bUZGRr"
    >
      <div
        className="sc-bdVaJa ldkUXY"
      >
        <div
          className="sc-bwzfXH MVFvm"
        />
      </div>
    </li>
    <li
      className="sc-bxivhb bUZGRr"
    >
      <div
        className="sc-bdVaJa ldkUXY"
      >
        <div
          className="sc-bwzfXH MVFvm"
        />
      </div>
    </li>
    <li
      className="sc-bxivhb bUZGRr"
    >
      <div
        className="sc-bdVaJa ldkUXY"
      >
        <div
          className="sc-bwzfXH MVFvm"
        />
      </div>
    </li>
    <li
      className="sc-bxivhb bUZGRr"
    >
      <div
        className="sc-bdVaJa ldkUXY"
      >
        <div
          className="sc-bwzfXH MVFvm"
        />
      </div>
    </li>
    <li
      className="sc-bxivhb bUZGRr"
    >
      <div
        className="sc-bdVaJa ldkUXY"
      >
        <div
          className="sc-bwzfXH MVFvm"
        />
      </div>
    </li>
    <li
      className="sc-bxivhb bUZGRr"
    >
      <div
        className="sc-bdVaJa ldkUXY"
      >
        <div
          className="sc-bwzfXH MVFvm"
        />
      </div>
    </li>
    <li
      className="sc-bxivhb bUZGRr"
    >
      <div
        className="sc-bdVaJa ldkUXY"
      >
        <div
          className="sc-bwzfXH MVFvm"
        />
      </div>
    </li>
    <li
      className="sc-bxivhb bUZGRr"
    >
      <div
        className="sc-bdVaJa ldkUXY"
      >
        <div
          className="sc-bwzfXH MVFvm"
        />
      </div>
    </li>
    <li
      className="sc-bxivhb bUZGRr"
    >
      <div
        className="sc-bdVaJa ldkUXY"
      >
        <div
          className="sc-bwzfXH MVFvm"
        />
      </div>
    </li>
    <li
      className="sc-bxivhb bUZGRr"
    >
      <div
        className="sc-bdVaJa ldkUXY"
      >
        <div
          className="sc-bwzfXH MVFvm"
        />
      </div>
    </li>
    <li
      className="sc-bxivhb bUZGRr"
    >
      <div
        className="sc-bdVaJa ldkUXY"
      >
        <div
          className="sc-bwzfXH MVFvm"
        />
      </div>
    </li>
    <li
      className="sc-bxivhb bUZGRr"
    >
      <div
        className="sc-bdVaJa ldkUXY"
      >
        <div
          className="sc-bwzfXH MVFvm"
        />
      </div>
    </li>
    <li
      className="sc-bxivhb bUZGRr"
    >
      <div
        className="sc-bdVaJa ldkUXY"
      >
        <div
          className="sc-bwzfXH MVFvm"
        />
      </div>
    </li>
    <li
      className="sc-bxivhb bUZGRr"
    >
      <div
        className="sc-bdVaJa ldkUXY"
      >
        <div
          className="sc-bwzfXH MVFvm"
        />
      </div>
    </li>
    <li
      className="sc-bxivhb bUZGRr"
    >
      <div
        className="sc-bdVaJa ldkUXY"
      >
        <div
          className="sc-bwzfXH MVFvm"
        />
      </div>
    </li>
    <li
      className="sc-bxivhb bUZGRr"
    >
      <div
        className="sc-bdVaJa ldkUXY"
      >
        <div
          className="sc-bwzfXH MVFvm"
        />
      </div>
    </li>
    <li
      className="sc-bxivhb bUZGRr"
    >
      <div
        className="sc-bdVaJa ldkUXY"
      >
        <div
          className="sc-bwzfXH MVFvm"
        />
      </div>
    </li>
    <li
      className="sc-bxivhb bUZGRr"
    >
      <div
        className="sc-bdVaJa ldkUXY"
      >
        <div
          className="sc-bwzfXH MVFvm"
        />
      </div>
    </li>
    <li
      className="sc-bxivhb bUZGRr"
    >
      <div
        className="sc-bdVaJa ldkUXY"
      >
        <div
          className="sc-bwzfXH MVFvm"
        />
      </div>
    </li>
    <li
      className="sc-bxivhb bUZGRr"
    >
      <div
        className="sc-bdVaJa ldkUXY"
      >
        <div
          className="sc-bwzfXH MVFvm"
        />
      </div>
    </li>
    <li
      className="sc-bxivhb bUZGRr"
    >
      <div
        className="sc-bdVaJa ldkUXY"
      >
        <div
          className="sc-bwzfXH MVFvm"
        />
      </div>
    </li>
    <li
      className="sc-bxivhb bUZGRr"
    >
      <div
        className="sc-bdVaJa ldkUXY"
      >
        <div
          className="sc-bwzfXH MVFvm"
        />
      </div>
    </li>
    <li
      className="sc-bxivhb bUZGRr"
    >
      <div
        className="sc-bdVaJa ldkUXY"
      >
        <div
          className="sc-bwzfXH MVFvm"
        />
      </div>
    </li>
    <li
      className="sc-bxivhb bUZGRr"
    >
      <div
        className="sc-bdVaJa ldkUXY"
      >
        <div
          className="sc-bwzfXH MVFvm"
        />
      </div>
    </li>
    <li
      className="sc-bxivhb bUZGRr"
    >
      <div
        className="sc-bdVaJa ldkUXY"
      >
        <div
          className="sc-bwzfXH MVFvm"
        />
      </div>
    </li>
    <li
      className="sc-bxivhb bUZGRr"
    >
      <div
        className="sc-bdVaJa ldkUXY"
      >
        <div
          className="sc-bwzfXH MVFvm"
        />
      </div>
    </li>
    <li
      className="sc-bxivhb bUZGRr"
    >
      <div
        className="sc-bdVaJa ldkUXY"
      >
        <div
          className="sc-bwzfXH MVFvm"
        />
      </div>
    </li>
    <li
      className="sc-bxivhb bUZGRr"
    >
      <div
        className="sc-bdVaJa ldkUXY"
      >
        <div
          className="sc-bwzfXH MVFvm"
        />
      </div>
    </li>
    <li
      className="sc-bxivhb bUZGRr"
    >
      <div
        className="sc-bdVaJa ldkUXY"
      >
        <div
          className="sc-bwzfXH MVFvm"
        />
      </div>
    </li>
  </ul>
  <div
    className="sc-gzVnrw ibZhkv"
  >
    <div
      className="sc-htoDjs bZzhDu"
    >
      <div
        className="sc-ifAKCX bAocBT"
      >
        Size:
      </div>
      <div
        className="sc-ifAKCX bAocBT"
      />
    </div>
    <div
      className="sc-htoDjs bZzhDu"
    >
      <div
        className="sc-ifAKCX bAocBT"
      >
        Difficulty:
      </div>
      <div
        className="sc-ifAKCX bAocBT"
      />
    </div>
    <div
      className="sc-htoDjs bZzhDu"
    >
      <div
        className="sc-ifAKCX bAocBT"
      >
        Miner:
      </div>
      <div
        className="sc-ifAKCX kVcjMh"
      />
    </div>
  </div>
  <a
    href="/blocks/100"
  >
    Go to block 
    100
  </a>
</div>
`;
