// Jest Snapshot v1, https://goo.gl/fbAQLP

exports[`<CardContent /> renders correctly 1`] = `
<div
  className="sc-gqjmRU haBDWF"
>
  <div
    className="sc-EHOje decWoR sc-VigVT gJBbSw"
    size="md"
  >
    Block number
  </div>
  <div
    className="sc-iwsKbI jGtia"
    size="md"
  >
    # 
    100
  </div>
  <div
    className="sc-htpNat iWifPQ"
  >
    <ul
      className="sc-bxivhb gKrcp"
    >
      <li
        className="sc-ifAKCX cFlEyZ"
      >
        <div
          className="sc-bdVaJa ldkUXY"
        >
          <div
            className="sc-bwzfXH iZUhsD"
          />
        </div>
      </li>
      <li
        className="sc-ifAKCX cFlEyZ"
      >
        <div
          className="sc-bdVaJa ldkUXY"
        >
          <div
            className="sc-bwzfXH iZUhsD"
          />
        </div>
      </li>
      <li
        className="sc-ifAKCX cFlEyZ"
      >
        <div
          className="sc-bdVaJa ldkUXY"
        >
          <div
            className="sc-bwzfXH MVFvm"
          />
        </div>
      </li>
      <li
        className="sc-ifAKCX cFlEyZ"
      >
        <div
          className="sc-bdVaJa ldkUXY"
        >
          <div
            className="sc-bwzfXH MVFvm"
          />
        </div>
      </li>
      <li
        className="sc-ifAKCX cFlEyZ"
      >
        <div
          className="sc-bdVaJa ldkUXY"
        >
          <div
            className="sc-bwzfXH MVFvm"
          />
        </div>
      </li>
      <li
        className="sc-ifAKCX cFlEyZ"
      >
        <div
          className="sc-bdVaJa ldkUXY"
        >
          <div
            className="sc-bwzfXH MVFvm"
          />
        </div>
      </li>
      <li
        className="sc-ifAKCX cFlEyZ"
      >
        <div
          className="sc-bdVaJa ldkUXY"
        >
          <div
            className="sc-bwzfXH MVFvm"
          />
        </div>
      </li>
      <li
        className="sc-ifAKCX cFlEyZ"
      >
        <div
          className="sc-bdVaJa ldkUXY"
        >
          <div
            className="sc-bwzfXH MVFvm"
          />
        </div>
      </li>
      <li
        className="sc-ifAKCX cFlEyZ"
      >
        <div
          className="sc-bdVaJa ldkUXY"
        >
          <div
            className="sc-bwzfXH MVFvm"
          />
        </div>
      </li>
      <li
        className="sc-ifAKCX cFlEyZ"
      >
        <div
          className="sc-bdVaJa ldkUXY"
        >
          <div
            className="sc-bwzfXH MVFvm"
          />
        </div>
      </li>
      <li
        className="sc-ifAKCX cFlEyZ"
      >
        <div
          className="sc-bdVaJa ldkUXY"
        >
          <div
            className="sc-bwzfXH MVFvm"
          />
        </div>
      </li>
      <li
        className="sc-ifAKCX cFlEyZ"
      >
        <div
          className="sc-bdVaJa ldkUXY"
        >
          <div
            className="sc-bwzfXH MVFvm"
          />
        </div>
      </li>
      <li
        className="sc-ifAKCX cFlEyZ"
      >
        <div
          className="sc-bdVaJa ldkUXY"
        >
          <div
            className="sc-bwzfXH MVFvm"
          />
        </div>
      </li>
      <li
        className="sc-ifAKCX cFlEyZ"
      >
        <div
          className="sc-bdVaJa ldkUXY"
        >
          <div
            className="sc-bwzfXH MVFvm"
          />
        </div>
      </li>
      <li
        className="sc-ifAKCX cFlEyZ"
      >
        <div
          className="sc-bdVaJa ldkUXY"
        >
          <div
            className="sc-bwzfXH MVFvm"
          />
        </div>
      </li>
      <li
        className="sc-ifAKCX cFlEyZ"
      >
        <div
          className="sc-bdVaJa ldkUXY"
        >
          <div
            className="sc-bwzfXH MVFvm"
          />
        </div>
      </li>
      <li
        className="sc-ifAKCX cFlEyZ"
      >
        <div
          className="sc-bdVaJa ldkUXY"
        >
          <div
            className="sc-bwzfXH MVFvm"
          />
        </div>
      </li>
      <li
        className="sc-ifAKCX cFlEyZ"
      >
        <div
          className="sc-bdVaJa ldkUXY"
        >
          <div
            className="sc-bwzfXH MVFvm"
          />
        </div>
      </li>
      <li
        className="sc-ifAKCX cFlEyZ"
      >
        <div
          className="sc-bdVaJa ldkUXY"
        >
          <div
            className="sc-bwzfXH MVFvm"
          />
        </div>
      </li>
      <li
        className="sc-ifAKCX cFlEyZ"
      >
        <div
          className="sc-bdVaJa ldkUXY"
        >
          <div
            className="sc-bwzfXH MVFvm"
          />
        </div>
      </li>
      <li
        className="sc-ifAKCX cFlEyZ"
      >
        <div
          className="sc-bdVaJa ldkUXY"
        >
          <div
            className="sc-bwzfXH MVFvm"
          />
        </div>
      </li>
      <li
        className="sc-ifAKCX cFlEyZ"
      >
        <div
          className="sc-bdVaJa ldkUXY"
        >
          <div
            className="sc-bwzfXH MVFvm"
          />
        </div>
      </li>
      <li
        className="sc-ifAKCX cFlEyZ"
      >
        <div
          className="sc-bdVaJa ldkUXY"
        >
          <div
            className="sc-bwzfXH MVFvm"
          />
        </div>
      </li>
      <li
        className="sc-ifAKCX cFlEyZ"
      >
        <div
          className="sc-bdVaJa ldkUXY"
        >
          <div
            className="sc-bwzfXH MVFvm"
          />
        </div>
      </li>
      <li
        className="sc-ifAKCX cFlEyZ"
      >
        <div
          className="sc-bdVaJa ldkUXY"
        >
          <div
            className="sc-bwzfXH MVFvm"
          />
        </div>
      </li>
      <li
        className="sc-ifAKCX cFlEyZ"
      >
        <div
          className="sc-bdVaJa ldkUXY"
        >
          <div
            className="sc-bwzfXH MVFvm"
          />
        </div>
      </li>
      <li
        className="sc-ifAKCX cFlEyZ"
      >
        <div
          className="sc-bdVaJa ldkUXY"
        >
          <div
            className="sc-bwzfXH MVFvm"
          />
        </div>
      </li>
      <li
        className="sc-ifAKCX cFlEyZ"
      >
        <div
          className="sc-bdVaJa ldkUXY"
        >
          <div
            className="sc-bwzfXH MVFvm"
          />
        </div>
      </li>
      <li
        className="sc-ifAKCX cFlEyZ"
      >
        <div
          className="sc-bdVaJa ldkUXY"
        >
          <div
            className="sc-bwzfXH MVFvm"
          />
        </div>
      </li>
      <li
        className="sc-ifAKCX cFlEyZ"
      >
        <div
          className="sc-bdVaJa ldkUXY"
        >
          <div
            className="sc-bwzfXH MVFvm"
          />
        </div>
      </li>
      <li
        className="sc-ifAKCX cFlEyZ"
      >
        <div
          className="sc-bdVaJa ldkUXY"
        >
          <div
            className="sc-bwzfXH MVFvm"
          />
        </div>
      </li>
      <li
        className="sc-ifAKCX cFlEyZ"
      >
        <div
          className="sc-bdVaJa ldkUXY"
        >
          <div
            className="sc-bwzfXH MVFvm"
          />
        </div>
      </li>
      <li
        className="sc-ifAKCX cFlEyZ"
      >
        <div
          className="sc-bdVaJa ldkUXY"
        >
          <div
            className="sc-bwzfXH MVFvm"
          />
        </div>
      </li>
      <li
        className="sc-ifAKCX cFlEyZ"
      >
        <div
          className="sc-bdVaJa ldkUXY"
        >
          <div
            className="sc-bwzfXH MVFvm"
          />
        </div>
      </li>
      <li
        className="sc-ifAKCX cFlEyZ"
      >
        <div
          className="sc-bdVaJa ldkUXY"
        >
          <div
            className="sc-bwzfXH MVFvm"
          />
        </div>
      </li>
      <li
        className="sc-ifAKCX cFlEyZ"
      >
        <div
          className="sc-bdVaJa ldkUXY"
        >
          <div
            className="sc-bwzfXH MVFvm"
          />
        </div>
      </li>
      <li
        className="sc-ifAKCX cFlEyZ"
      >
        <div
          className="sc-bdVaJa ldkUXY"
        >
          <div
            className="sc-bwzfXH MVFvm"
          />
        </div>
      </li>
      <li
        className="sc-ifAKCX cFlEyZ"
      >
        <div
          className="sc-bdVaJa ldkUXY"
        >
          <div
            className="sc-bwzfXH MVFvm"
          />
        </div>
      </li>
      <li
        className="sc-ifAKCX cFlEyZ"
      >
        <div
          className="sc-bdVaJa ldkUXY"
        >
          <div
            className="sc-bwzfXH MVFvm"
          />
        </div>
      </li>
      <li
        className="sc-ifAKCX cFlEyZ"
      >
        <div
          className="sc-bdVaJa ldkUXY"
        >
          <div
            className="sc-bwzfXH MVFvm"
          />
        </div>
      </li>
      <li
        className="sc-ifAKCX cFlEyZ"
      >
        <div
          className="sc-bdVaJa ldkUXY"
        >
          <div
            className="sc-bwzfXH MVFvm"
          />
        </div>
      </li>
      <li
        className="sc-ifAKCX cFlEyZ"
      >
        <div
          className="sc-bdVaJa ldkUXY"
        >
          <div
            className="sc-bwzfXH MVFvm"
          />
        </div>
      </li>
      <li
        className="sc-ifAKCX cFlEyZ"
      >
        <div
          className="sc-bdVaJa ldkUXY"
        >
          <div
            className="sc-bwzfXH MVFvm"
          />
        </div>
      </li>
      <li
        className="sc-ifAKCX cFlEyZ"
      >
        <div
          className="sc-bdVaJa ldkUXY"
        >
          <div
            className="sc-bwzfXH MVFvm"
          />
        </div>
      </li>
      <li
        className="sc-ifAKCX cFlEyZ"
      >
        <div
          className="sc-bdVaJa ldkUXY"
        >
          <div
            className="sc-bwzfXH MVFvm"
          />
        </div>
      </li>
      <li
        className="sc-ifAKCX cFlEyZ"
      >
        <div
          className="sc-bdVaJa ldkUXY"
        >
          <div
            className="sc-bwzfXH MVFvm"
          />
        </div>
      </li>
      <li
        className="sc-ifAKCX cFlEyZ"
      >
        <div
          className="sc-bdVaJa ldkUXY"
        >
          <div
            className="sc-bwzfXH MVFvm"
          />
        </div>
      </li>
      <li
        className="sc-ifAKCX cFlEyZ"
      >
        <div
          className="sc-bdVaJa ldkUXY"
        >
          <div
            className="sc-bwzfXH MVFvm"
          />
        </div>
      </li>
      <li
        className="sc-ifAKCX cFlEyZ"
      >
        <div
          className="sc-bdVaJa ldkUXY"
        >
          <div
            className="sc-bwzfXH MVFvm"
          />
        </div>
      </li>
      <li
        className="sc-ifAKCX cFlEyZ"
      >
        <div
          className="sc-bdVaJa ldkUXY"
        >
          <div
            className="sc-bwzfXH MVFvm"
          />
        </div>
      </li>
      <li
        className="sc-ifAKCX cFlEyZ"
      >
        <div
          className="sc-bdVaJa ldkUXY"
        >
          <div
            className="sc-bwzfXH MVFvm"
          />
        </div>
      </li>
      <li
        className="sc-ifAKCX cFlEyZ"
      >
        <div
          className="sc-bdVaJa ldkUXY"
        >
          <div
            className="sc-bwzfXH MVFvm"
          />
        </div>
      </li>
      <li
        className="sc-ifAKCX cFlEyZ"
      >
        <div
          className="sc-bdVaJa ldkUXY"
        >
          <div
            className="sc-bwzfXH MVFvm"
          />
        </div>
      </li>
      <li
        className="sc-ifAKCX cFlEyZ"
      >
        <div
          className="sc-bdVaJa ldkUXY"
        >
          <div
            className="sc-bwzfXH MVFvm"
          />
        </div>
      </li>
      <li
        className="sc-ifAKCX cFlEyZ"
      >
        <div
          className="sc-bdVaJa ldkUXY"
        >
          <div
            className="sc-bwzfXH MVFvm"
          />
        </div>
      </li>
      <li
        className="sc-ifAKCX cFlEyZ"
      >
        <div
          className="sc-bdVaJa ldkUXY"
        >
          <div
            className="sc-bwzfXH MVFvm"
          />
        </div>
      </li>
      <li
        className="sc-ifAKCX cFlEyZ"
      >
        <div
          className="sc-bdVaJa ldkUXY"
        >
          <div
            className="sc-bwzfXH MVFvm"
          />
        </div>
      </li>
      <li
        className="sc-ifAKCX cFlEyZ"
      >
        <div
          className="sc-bdVaJa ldkUXY"
        >
          <div
            className="sc-bwzfXH MVFvm"
          />
        </div>
      </li>
      <li
        className="sc-ifAKCX cFlEyZ"
      >
        <div
          className="sc-bdVaJa ldkUXY"
        >
          <div
            className="sc-bwzfXH MVFvm"
          />
        </div>
      </li>
      <li
        className="sc-ifAKCX cFlEyZ"
      >
        <div
          className="sc-bdVaJa ldkUXY"
        >
          <div
            className="sc-bwzfXH MVFvm"
          />
        </div>
      </li>
    </ul>
  </div>
  <div
    className="sc-gzVnrw tDqEr"
  >
    <div
      className="sc-dnqmqq kwSpaS"
    >
      <div
        className="sc-EHOje decWoR sc-htoDjs fQTEmD"
        size="md"
      >
        Size:
      </div>
      <div
        className="sc-EHOje bbenVT"
        size="md"
      />
    </div>
    <div
      className="sc-dnqmqq kwSpaS"
    >
      <div
        className="sc-EHOje decWoR sc-htoDjs fQTEmD"
        size="md"
      >
        Difficulty:
      </div>
      <div
        className="sc-EHOje bbenVT"
        size="md"
      />
    </div>
    <div
      className="sc-dnqmqq kwSpaS"
    >
      <div
        className="sc-EHOje decWoR sc-htoDjs fQTEmD"
        size="md"
      >
        Miner:
      </div>
      <div
        className="sc-EHOje bbenVT"
        size="md"
      />
    </div>
  </div>
  <a
    href="/blocks/100"
  >
    Go to block 
    100
  </a>
</div>
`;
