// Jest Snapshot v1, https://goo.gl/fbAQLP

exports[`<Transaction /> renders correctly 1`] = `
<tr
  className="sc-VigVT kpDDxL"
>
  <td
    className="sc-bdVaJa sc-bwzfXH dTfGgv"
  >
    <div
      className="sc-EHOje fKjTYp"
      size="xs"
    />
  </td>
  <td
    className="sc-bdVaJa sc-htpNat gJAHQQ"
  >
    <div
      className="sc-gzVnrw hySMDL sc-gqjmRU ckARqJ"
      size="md"
    />
  </td>
  <td
    className="sc-bdVaJa sc-bxivhb gxCMyn"
  >
    <div
      className="sc-iwsKbI cBeLjd"
    >
      <div
        className="sc-dnqmqq hgouuL sc-gZMcBi eGBApE"
      >
        <div
          className="sc-gzVnrw bZExEz"
          size="sm"
        />
      </div>
      <div
        className="sc-dnqmqq hgouuL sc-gZMcBi eGBApE"
      >
        <div
          className="sc-gzVnrw bZExEz"
          size="sm"
        />
      </div>
    </div>
  </td>
  <td
    className="sc-bdVaJa sc-ifAKCX lppyUR"
  >
    <div
      className="sc-gzVnrw hySMDL"
      size="md"
    />
  </td>
</tr>
`;
