// Jest Snapshot v1, https://goo.gl/fbAQLP

exports[`<BlockSingleTrx /> renders correctly 1`] = `
<section
  className="sc-bwzfXH diAgYX"
>
  <ul
    className="sc-htpNat gvtxzl"
  >
    <div
      className="sc-bdVaJa fgoXiO sc-bxivhb efILqo"
    >
      7250676
      0x414a1b09ff2a1cafb2ddd13ed1cc229948ee349b7accd4ad3c3b250e46cddb8d
      0xcf5f58c3E7d863c3c859C6Cbce03e015262df0e5
      0xF39d8b9B8C130ac08d4A32E50bb7bbD41C054EB9
      1
    </div>
    <div
      className="sc-bdVaJa fgoXiO sc-bxivhb efILqo"
    >
      7250676
      0x414a1b09ff2a1cafb2ddd13ed1cc229948ee349b7accd4ad3c3b250e46cddb8d
      0xcf5f58c3E7d863c3c859C6Cbce03e015262df0e5
      0xF39d8b9B8C130ac08d4A32E50bb7bbD41C054EB9
      1
    </div>
  </ul>
</section>
`;
