// Jest Snapshot v1, https://goo.gl/fbAQLP

exports[`<TransactionTable /> renders correctly 1`] = `
<table
  className="sc-kAzzGY busMyf"
>
  <thead
    className="sc-chPdSV fESGkf"
  >
    <tr
      className="sc-kgoBCf beOYFC"
    >
      <th
        className="sc-bdVaJa sc-bwzfXH dfeDEW"
      >
        <div
          className="sc-gzVnrw bzArvE"
          size="lg"
        >
          Block
        </div>
      </th>
      <th
        className="sc-bdVaJa sc-htpNat jDGsFT"
      >
        <div
          className="sc-gzVnrw bzArvE"
          size="lg"
        >
          Hash
        </div>
      </th>
      <th
        className="sc-bdVaJa sc-bxivhb hxXuRT"
      >
        <div
          className="sc-gzVnrw bzArvE"
          size="lg"
        >
          From / To
        </div>
      </th>
      <th
        className="sc-bdVaJa sc-ifAKCX gEVBXo"
      >
        <div
          className="sc-gzVnrw bzArvE"
          size="lg"
        >
          Value
        </div>
      </th>
    </tr>
  </thead>
  <tbody
    className="sc-kGXeez htkide"
  >
    <tr
      className="sc-cSHVUG izuQkF sc-kpOJdX brllvB"
    >
      <td
        className="sc-bdVaJa sc-bwzfXH dfeDEW"
      >
        <div
          className="sc-EHOje fKjTYp"
          size="xs"
        />
      </td>
      <td
        className="sc-bdVaJa sc-htpNat jDGsFT"
      >
        <div
          className="sc-gzVnrw hySMDL sc-jzJRlG dHdNug"
          size="md"
        />
      </td>
      <td
        className="sc-bdVaJa sc-bxivhb hxXuRT"
      >
        <div
          className="sc-gqjmRU jDgOTw"
        >
          <div
            className="sc-dnqmqq hgouuL sc-VigVT czeWEy"
          >
            <div
              className="sc-gzVnrw bZExEz"
              size="sm"
            />
          </div>
          <div
            className="sc-jTzLTM kwaODZ"
          >
            <div
              className="sc-iwsKbI iUEoeV"
            >
              <svg
                className="sc-gZMcBi didhH"
              >
                <use
                  xlinkHref="/icon-sprite.svg#arrow-right"
                />
              </svg>
            </div>
          </div>
          <div
            className="sc-dnqmqq hgouuL sc-VigVT czeWEy"
          >
            <div
              className="sc-gzVnrw bZExEz"
              size="sm"
            />
          </div>
        </div>
      </td>
      <td
        className="sc-bdVaJa sc-ifAKCX gEVBXo"
      >
        <div
          className="sc-gzVnrw hySMDL"
          size="md"
        />
      </td>
    </tr>
    <tr
      className="sc-cSHVUG izuQkF sc-kpOJdX brllvB"
    >
      <td
        className="sc-bdVaJa sc-bwzfXH dfeDEW"
      >
        <div
          className="sc-EHOje fKjTYp"
          size="xs"
        />
      </td>
      <td
        className="sc-bdVaJa sc-htpNat jDGsFT"
      >
        <div
          className="sc-gzVnrw hySMDL sc-jzJRlG dHdNug"
          size="md"
        />
      </td>
      <td
        className="sc-bdVaJa sc-bxivhb hxXuRT"
      >
        <div
          className="sc-gqjmRU jDgOTw"
        >
          <div
            className="sc-dnqmqq hgouuL sc-VigVT czeWEy"
          >
            <div
              className="sc-gzVnrw bZExEz"
              size="sm"
            />
          </div>
          <div
            className="sc-jTzLTM kwaODZ"
          >
            <div
              className="sc-iwsKbI iUEoeV"
            >
              <svg
                className="sc-gZMcBi didhH"
              >
                <use
                  xlinkHref="/icon-sprite.svg#arrow-right"
                />
              </svg>
            </div>
          </div>
          <div
            className="sc-dnqmqq hgouuL sc-VigVT czeWEy"
          >
            <div
              className="sc-gzVnrw bZExEz"
              size="sm"
            />
          </div>
        </div>
      </td>
      <td
        className="sc-bdVaJa sc-ifAKCX gEVBXo"
      >
        <div
          className="sc-gzVnrw hySMDL"
          size="md"
        />
      </td>
    </tr>
  </tbody>
</table>
`;
