// Jest Snapshot v1, https://goo.gl/fbAQLP

exports[`<TransactionTable /> renders correctly 1`] = `
<table
  className="sc-iwsKbI jiPRqw"
>
  <thead
    className="sc-gZMcBi cDcUiF"
  >
    <tr
      className="sc-gqjmRU iRDvLn"
    >
      <th
        className="sc-bdVaJa sc-bwzfXH bYluML"
      >
        <div
          className="sc-gzVnrw drvdmO"
          size="lg"
        >
          Hash
        </div>
      </th>
      <th
        className="sc-bdVaJa sc-htpNat ktEnks"
      >
        <div
          className="sc-gzVnrw drvdmO"
          size="lg"
        >
          Block
        </div>
      </th>
      <th
        className="sc-bdVaJa sc-bxivhb jyedSb"
      >
        <div
          className="sc-gzVnrw drvdmO"
          size="lg"
        >
          From / To
        </div>
      </th>
      <th
        className="sc-bdVaJa sc-ifAKCX lppyUR"
      >
        <div
          className="sc-gzVnrw drvdmO"
          size="lg"
        >
          Value
        </div>
      </th>
    </tr>
  </thead>
  <tbody
    className="sc-VigVT bCcJUc"
  >
    <tr
      className="sc-dnqmqq hnNEMU sc-jTzLTM ePCJr"
    >
      <td
        className="sc-bdVaJa sc-bwzfXH bYluML"
      >
        <div
          className="sc-EHOje fKjTYp"
          size="xs"
        />
      </td>
      <td
        className="sc-bdVaJa sc-htpNat ktEnks"
      >
        <div
          className="sc-gzVnrw hySMDL"
          size="md"
        />
      </td>
      <td
        className="sc-bdVaJa sc-bxivhb jyedSb"
      >
        <div>
          0xcf5f58c3E7d863c3c859C6Cbce03e015262df0e5
          0xF39d8b9B8C130ac08d4A32E50bb7bbD41C054EB9
        </div>
      </td>
      <td
        className="sc-bdVaJa sc-ifAKCX lppyUR"
      >
        <div
          className="sc-gzVnrw hySMDL"
          size="md"
        />
      </td>
    </tr>
    <tr
      className="sc-dnqmqq hnNEMU sc-jTzLTM ePCJr"
    >
      <td
        className="sc-bdVaJa sc-bwzfXH bYluML"
      >
        <div
          className="sc-EHOje fKjTYp"
          size="xs"
        />
      </td>
      <td
        className="sc-bdVaJa sc-htpNat ktEnks"
      >
        <div
          className="sc-gzVnrw hySMDL"
          size="md"
        />
      </td>
      <td
        className="sc-bdVaJa sc-bxivhb jyedSb"
      >
        <div>
          0xcf5f58c3E7d863c3c859C6Cbce03e015262df0e5
          0xF39d8b9B8C130ac08d4A32E50bb7bbD41C054EB9
        </div>
      </td>
      <td
        className="sc-bdVaJa sc-ifAKCX lppyUR"
      >
        <div
          className="sc-gzVnrw hySMDL"
          size="md"
        />
      </td>
    </tr>
  </tbody>
</table>
`;
