// Jest Snapshot v1, https://goo.gl/fbAQLP

exports[`<TransactionTable /> renders correctly 1`] = `
<table
  className="sc-jTzLTM ZdqHv"
>
  <thead
    className="sc-fjdhpX hDVFnN"
  >
    <tr
      className="sc-jzJRlG dPOBZH"
    >
      <th
        className="sc-bdVaJa sc-bwzfXH dTfGgv"
      >
        <div
          className="sc-gzVnrw drvdmO"
          size="lg"
        >
          Block
        </div>
      </th>
      <th
        className="sc-bdVaJa sc-htpNat gJAHQQ"
      >
        <div
          className="sc-gzVnrw drvdmO"
          size="lg"
        >
          Hash
        </div>
      </th>
      <th
        className="sc-bdVaJa sc-bxivhb gxCMyn"
      >
        <div
          className="sc-gzVnrw drvdmO"
          size="lg"
        >
          From / To
        </div>
      </th>
      <th
        className="sc-bdVaJa sc-ifAKCX lppyUR"
      >
        <div
          className="sc-gzVnrw drvdmO"
          size="lg"
        >
          Value
        </div>
      </th>
    </tr>
  </thead>
  <tbody
    className="sc-cSHVUG iuUfvG"
  >
    <tr
      className="sc-VigVT kpDDxL sc-kAzzGY loheZO"
    >
      <td
        className="sc-bdVaJa sc-bwzfXH dTfGgv"
      >
        <div
          className="sc-EHOje fKjTYp"
          size="xs"
        />
      </td>
      <td
        className="sc-bdVaJa sc-htpNat gJAHQQ"
      >
        <div
          className="sc-gzVnrw hySMDL sc-gqjmRU ckARqJ"
          size="md"
        />
      </td>
      <td
        className="sc-bdVaJa sc-bxivhb gxCMyn"
      >
        <div
          className="sc-iwsKbI cBeLjd"
        >
          <div
            className="sc-dnqmqq hgouuL sc-gZMcBi eGBApE"
          >
            <div
              className="sc-gzVnrw bZExEz"
              size="sm"
            />
          </div>
          <div
            className="sc-dnqmqq hgouuL sc-gZMcBi eGBApE"
          >
            <div
              className="sc-gzVnrw bZExEz"
              size="sm"
            />
          </div>
        </div>
      </td>
      <td
        className="sc-bdVaJa sc-ifAKCX lppyUR"
      >
        <div
          className="sc-gzVnrw hySMDL"
          size="md"
        />
      </td>
    </tr>
    <tr
      className="sc-VigVT kpDDxL sc-kAzzGY loheZO"
    >
      <td
        className="sc-bdVaJa sc-bwzfXH dTfGgv"
      >
        <div
          className="sc-EHOje fKjTYp"
          size="xs"
        />
      </td>
      <td
        className="sc-bdVaJa sc-htpNat gJAHQQ"
      >
        <div
          className="sc-gzVnrw hySMDL sc-gqjmRU ckARqJ"
          size="md"
        />
      </td>
      <td
        className="sc-bdVaJa sc-bxivhb gxCMyn"
      >
        <div
          className="sc-iwsKbI cBeLjd"
        >
          <div
            className="sc-dnqmqq hgouuL sc-gZMcBi eGBApE"
          >
            <div
              className="sc-gzVnrw bZExEz"
              size="sm"
            />
          </div>
          <div
            className="sc-dnqmqq hgouuL sc-gZMcBi eGBApE"
          >
            <div
              className="sc-gzVnrw bZExEz"
              size="sm"
            />
          </div>
        </div>
      </td>
      <td
        className="sc-bdVaJa sc-ifAKCX lppyUR"
      >
        <div
          className="sc-gzVnrw hySMDL"
          size="md"
        />
      </td>
    </tr>
  </tbody>
</table>
`;
