// Jest Snapshot v1, https://goo.gl/fbAQLP

exports[`<BlockHeader /> renders correctly 1`] = `
<div
  className="sc-gzVnrw eNMNUi sc-jTzLTM cTcVyo"
>
  <a
    className="sc-iwsKbI dlHWTk"
    href="/"
    type="tertiary"
  >
    <div
      className="sc-gZMcBi irilpd"
    >
      <div
        className="sc-htoDjs hZurrr sc-VigVT eJzOxy"
      >
        <svg
          className="sc-dnqmqq iydQTw"
        >
          <use
            xlinkHref="/icon-sprite.svg#arrow-left"
          />
        </svg>
      </div>
      <span
        className="sc-gqjmRU ctzSfg"
      >
        All Blocks
      </span>
    </div>
  </a>
  <header
    className="sc-fjdhpX jMkWoO"
  >
    <div
      className="sc-jzJRlG ePnpgy"
    >
      <div
        className="sc-kAzzGY kqTKCJ"
      >
        <div
          className="sc-htpNat brNyGz sc-cSHVUG edwNlB"
          size="lg"
        >
           Transactions
        </div>
        <div
          className="sc-bdVaJa hOjnFL"
          size="lg"
        >
          # 
        </div>
      </div>
      <section
        className="sc-ifAKCX kWjkTO"
      >
        <button
          className="sc-EHOje jvzENE"
        >
          Details
        </button>
        <button
          className="sc-bZQynM bOrPFB"
        >
          Transactions
        </button>
      </section>
    </div>
  </header>
</div>
`;
