// Jest Snapshot v1, https://goo.gl/fbAQLP

exports[`<Topbar /> renders correctly 1`] = `
Array [
  <div
    className="sc-dxgOiQ sc-ckVGcZ QGEzC"
  >
    <div
      className="sc-kEYyzF kuMVHF"
    >
      <button
        className="sc-bdVaJa IrEnj"
        onClick={[Function]}
        open={true}
      >
        <svg
          className="sc-bwzfXH fKuZHR"
          viewBox="0 0 25 25"
        >
          <rect
            height="2"
            width="23"
            x="1"
            y="8"
          />
          <rect
            height="2"
            width="23"
            x="1"
            y="15"
          />
        </svg>
      </button>
    </div>
  </div>,
  <div
    className="sc-dxgOiQ sc-jKJlTe eFycZW"
  >
    <div
      className="sc-eNQAEJ kuHQpa"
    >
      <nav
        className="sc-chPdSV byfFmt sc-hMqMXs kCzXsS"
      >
        <ul
          className="sc-kgoBCf bgutCz"
        >
          <li
            className="sc-kGXeez laWsXz"
          >
            <a
              className="sc-kpOJdX ihyrnG"
              href="/"
              onClick={[Function]}
            >
              Ten Blocks
            </a>
          </li>
          <li
            className="sc-kGXeez laWsXz"
          >
            <a
              className="sc-kpOJdX ihyrnG"
              href="/about/"
              onClick={[Function]}
            >
              About
            </a>
          </li>
        </ul>
      </nav>
    </div>
  </div>,
]
`;
