// Jest Snapshot v1, https://goo.gl/fbAQLP

exports[`<Topbar /> renders correctly 1`] = `
<div
  className="sc-gzVnrw ewtBRA"
>
  <div
    className="sc-htoDjs iuFyta"
  >
    <a
      className="sc-dnqmqq fPYKJ"
      href="/"
    >
      <div
        className="sc-EHOje foslyy"
      >
        <svg
          className="sc-bZQynM jYytzR"
        >
          <use
            xlinkHref="/icon-sprite.svg#blocks"
          />
        </svg>
      </div>
    </a>
    <nav
      className="sc-bdVaJa bDWFJH sc-iwsKbI cojOrm"
    >
      <ul
        className="sc-bwzfXH iPhcok"
      >
        <li
          className="sc-htpNat iaJVDJ"
        >
          <a
            className="sc-bxivhb dMbktt"
            href="/"
          >
            Latest Blocks
          </a>
        </li>
        <li
          className="sc-htpNat iaJVDJ"
        >
          <a
            className="sc-ifAKCX jkMENd"
            href="https://github.com/andy-hook/ten-blocks"
            onClick={[Function]}
            target="_blank"
          >
            Github
          </a>
        </li>
      </ul>
    </nav>
  </div>
  <div
    className="sc-gZMcBi dnJnhH"
  >
    <button
      className="sc-gqjmRU hnZXkc"
      onClick={[Function]}
    >
      <div
        className="sc-EHOje foslyy"
      >
        <svg
          className="sc-bZQynM jYytzR"
        >
          <use
            xlinkHref="/icon-sprite.svg#light-mode"
          />
        </svg>
      </div>
    </button>
    <a
      className="sc-VigVT fcxcZu"
      href="/block/undefined"
      onClick={[Function]}
    >
      <div
        className="sc-EHOje foslyy"
      >
        <svg
          className="sc-bZQynM jYytzR"
        >
          <use
            xlinkHref="/icon-sprite.svg#shuffle"
          />
        </svg>
      </div>
    </a>
  </div>
</div>
`;
