// Jest Snapshot v1, https://goo.gl/fbAQLP

exports[`<Topbar /> renders correctly 1`] = `
<div
  className="sc-gzVnrw dvjlLN"
>
  <nav
    className="sc-bwzfXH uTxCW sc-htoDjs bKyWRy"
  >
    <ul
      className="sc-htpNat NhtAu"
    >
      <li
        className="sc-bxivhb llkUbX"
      >
        <a
          className="sc-ifAKCX ggxBwp"
          href="/"
          onClick={[Function]}
        >
          Ten Blocks
        </a>
      </li>
      <li
        className="sc-bxivhb llkUbX"
      >
        <a
          className="sc-ifAKCX ggxBwp"
          href="/about/"
          onClick={[Function]}
        >
          About
        </a>
      </li>
    </ul>
  </nav>
  <button
    className="sc-dnqmqq fdFecU"
    onClick={[Function]}
  >
    <div
      className="sc-EHOje foslyy"
    >
      <svg
        className="sc-bZQynM jYytzR"
      >
        <use
          xlinkHref="/icon-sprite.svg#shuffle"
        />
      </svg>
    </div>
  </button>
</div>
`;
