// Jest Snapshot v1, https://goo.gl/fbAQLP

exports[`<CardDetails /> renders correctly 1`] = `
<div
  className="sc-htpNat cixthU"
>
  <div
    className="sc-ifAKCX kYjtTL"
  >
    <div
      className="sc-bdVaJa xGfmu sc-bxivhb cCMofR"
      size="md"
    >
      Size:
    </div>
    <div
      className="sc-bdVaJa jmbRgh"
      size="md"
    />
  </div>
  <div
    className="sc-EHOje AjppZ"
  >
    <div
      className="sc-bdVaJa xGfmu sc-bxivhb cCMofR"
      size="md"
    >
      Difficulty:
    </div>
    <div
      className="sc-bdVaJa jmbRgh"
      size="md"
    />
  </div>
  <div
    className="sc-bZQynM idaocs"
  >
    <div
      className="sc-bdVaJa xGfmu sc-bxivhb cCMofR"
      size="md"
    >
      Miner:
    </div>
    <div
      className="sc-bdVaJa jmbRgh"
      size="md"
    />
  </div>
</div>
`;
