// Jest Snapshot v1, https://goo.gl/fbAQLP

exports[`<CardDetails /> renders correctly 1`] = `
<div
  className="sc-htpNat kqEEqD"
>
  <div
    className="sc-EHOje ffvkok"
  >
    <div
      className="sc-bdVaJa xGfmu sc-bxivhb hIEsEO"
      size="md"
    >
      Size
    </div>
    <div
      className="sc-bdVaJa jmbRgh sc-ifAKCX dHHSVa"
      size="md"
    />
  </div>
  <div
    className="sc-bZQynM hNVbvw"
  >
    <div
      className="sc-bdVaJa xGfmu sc-bxivhb hIEsEO"
      size="md"
    >
      Difficulty
    </div>
    <div
      className="sc-bdVaJa jmbRgh sc-ifAKCX dHHSVa"
      size="md"
    />
  </div>
  <div
    className="sc-gzVnrw jnrzUa"
  >
    <div
      className="sc-bdVaJa xGfmu sc-bxivhb hIEsEO"
      size="md"
    >
      Miner
    </div>
    <div
      className="sc-bdVaJa jmbRgh sc-ifAKCX dHHSVa"
      size="md"
    />
  </div>
</div>
`;
