// Jest Snapshot v1, https://goo.gl/fbAQLP

exports[`<Menu /> renders correctly 1`] = `
<div
  className="sc-htpNat iGYztT"
>
  <div
    className="sc-bxivhb eoFpkh"
  >
    <div
      className="sc-ifAKCX KzCvG"
    >
      <nav
        className="sc-EHOje bxhcwY"
      >
        <div
          className="sc-bZQynM iFscNc"
        >
          <ul
            className="sc-jTzLTM hsAHyK"
          >
            <li
              className="sc-fjdhpX hspVsb"
            >
              <a
                className="sc-jzJRlG iWSWav"
                href="/"
                onClick={[Function]}
              >
                Ten Blocks
              </a>
            </li>
            <li
              className="sc-fjdhpX hspVsb"
            >
              <a
                className="sc-jzJRlG iWSWav"
                href="/about/"
                onClick={[Function]}
              >
                About
              </a>
            </li>
          </ul>
        </div>
      </nav>
      <div
        className="sc-gzVnrw hAUYfE"
      >
        <ul
          className="sc-iwsKbI ilMCvU"
        >
          <li
            className="sc-gZMcBi cYDYox"
          >
            <a
              aria-label="Email"
              className="sc-gqjmRU fooKRg"
              href="email address"
              onClick={[Function]}
              target="_blank"
            >
              <div
                className="sc-VigVT bDzzYU"
              >
                <div
                  className="sc-htoDjs hZurrr"
                >
                  <svg
                    className="sc-dnqmqq iydQTw icon"
                  >
                    <use
                      xlinkHref="/icon-sprite.svg#mail"
                    />
                  </svg>
                </div>
              </div>
            </a>
          </li>
          <li
            className="sc-gZMcBi cYDYox"
          >
            <a
              aria-label="Twitter"
              className="sc-gqjmRU fooKRg"
              href="path/to/social/profile"
              onClick={[Function]}
              target="_blank"
            >
              <div
                className="sc-VigVT bDzzYU"
              >
                <div
                  className="sc-htoDjs hZurrr"
                >
                  <svg
                    className="sc-dnqmqq iydQTw icon"
                  >
                    <use
                      xlinkHref="/icon-sprite.svg#twitter"
                    />
                  </svg>
                </div>
              </div>
            </a>
          </li>
          <li
            className="sc-gZMcBi cYDYox"
          >
            <a
              aria-label="Instagram"
              className="sc-gqjmRU fooKRg"
              href="path/to/social/profile"
              onClick={[Function]}
              target="_blank"
            >
              <div
                className="sc-VigVT bDzzYU"
              >
                <div
                  className="sc-htoDjs hZurrr"
                >
                  <svg
                    className="sc-dnqmqq iydQTw icon"
                  >
                    <use
                      xlinkHref="/icon-sprite.svg#instagram"
                    />
                  </svg>
                </div>
              </div>
            </a>
          </li>
          <li
            className="sc-gZMcBi cYDYox"
          >
            <a
              aria-label="Linkedin"
              className="sc-gqjmRU fooKRg"
              href="path/to/social/profile"
              onClick={[Function]}
              target="_blank"
            >
              <div
                className="sc-VigVT bDzzYU"
              >
                <div
                  className="sc-htoDjs hZurrr"
                >
                  <svg
                    className="sc-dnqmqq iydQTw icon"
                  >
                    <use
                      xlinkHref="/icon-sprite.svg#linkedin"
                    />
                  </svg>
                </div>
              </div>
            </a>
          </li>
          <li
            className="sc-gZMcBi cYDYox"
          >
            <a
              aria-label="Dribbble"
              className="sc-gqjmRU fooKRg"
              href="path/to/social/profile"
              onClick={[Function]}
              target="_blank"
            >
              <div
                className="sc-VigVT bDzzYU"
              >
                <div
                  className="sc-htoDjs hZurrr"
                >
                  <svg
                    className="sc-dnqmqq iydQTw icon"
                  >
                    <use
                      xlinkHref="/icon-sprite.svg#dribbble"
                    />
                  </svg>
                </div>
              </div>
            </a>
          </li>
          <li
            className="sc-gZMcBi cYDYox"
          >
            <a
              aria-label="Github"
              className="sc-gqjmRU fooKRg"
              href="path/to/social/profile"
              onClick={[Function]}
              target="_blank"
            >
              <div
                className="sc-VigVT bDzzYU"
              >
                <div
                  className="sc-htoDjs hZurrr"
                >
                  <svg
                    className="sc-dnqmqq iydQTw icon"
                  >
                    <use
                      xlinkHref="/icon-sprite.svg#github"
                    />
                  </svg>
                </div>
              </div>
            </a>
          </li>
        </ul>
      </div>
    </div>
  </div>
  <div
    className="sc-bwzfXH edSLVU"
    onClick={[Function]}
  />
</div>
`;
