// Jest Snapshot v1, https://goo.gl/fbAQLP

exports[`<Menu /> renders correctly 1`] = `
<div
  className="sc-bwzfXH jbddGz"
>
  <div
    className="sc-htpNat bKRjod"
  >
    <div
      className="sc-bxivhb itNnqm"
    >
      <nav
        className="sc-ifAKCX lIjJ"
      >
        <div
          className="sc-EHOje KfyLe"
        >
          Items
          <ul
            className="sc-VigVT ekAIZC"
          >
            <li
              className="sc-jTzLTM jtazPz"
            >
              <a
                className="sc-fjdhpX hhQKLh"
                href="/"
                onClick={[Function]}
              >
                Ten Blocks
              </a>
            </li>
            <li
              className="sc-jTzLTM jtazPz"
            >
              <a
                className="sc-fjdhpX hhQKLh"
                href="/about/"
                onClick={[Function]}
              >
                About
              </a>
            </li>
          </ul>
        </div>
      </nav>
      <div
        className="sc-bZQynM esPHEq"
      >
        <ul
          className="sc-dnqmqq bGFkhs"
        >
          <li
            className="sc-iwsKbI cWXbll"
          >
            <a
              aria-label="Email"
              className="sc-gZMcBi lpczpt"
              href="email address"
              onClick={[Function]}
              target="_blank"
            >
              <div
                className="sc-gqjmRU kNRcGY"
              >
                <div
                  className="sc-gzVnrw gFMElS"
                >
                  <svg
                    className="sc-htoDjs fjrylr icon"
                  >
                    <use
                      xlinkHref="/icon-sprite.svg#mail"
                    />
                  </svg>
                </div>
              </div>
            </a>
          </li>
          <li
            className="sc-iwsKbI cWXbll"
          >
            <a
              aria-label="Twitter"
              className="sc-gZMcBi lpczpt"
              href="path/to/social/profile"
              onClick={[Function]}
              target="_blank"
            >
              <div
                className="sc-gqjmRU kNRcGY"
              >
                <div
                  className="sc-gzVnrw gFMElS"
                >
                  <svg
                    className="sc-htoDjs fjrylr icon"
                  >
                    <use
                      xlinkHref="/icon-sprite.svg#twitter"
                    />
                  </svg>
                </div>
              </div>
            </a>
          </li>
          <li
            className="sc-iwsKbI cWXbll"
          >
            <a
              aria-label="Instagram"
              className="sc-gZMcBi lpczpt"
              href="path/to/social/profile"
              onClick={[Function]}
              target="_blank"
            >
              <div
                className="sc-gqjmRU kNRcGY"
              >
                <div
                  className="sc-gzVnrw gFMElS"
                >
                  <svg
                    className="sc-htoDjs fjrylr icon"
                  >
                    <use
                      xlinkHref="/icon-sprite.svg#instagram"
                    />
                  </svg>
                </div>
              </div>
            </a>
          </li>
          <li
            className="sc-iwsKbI cWXbll"
          >
            <a
              aria-label="Linkedin"
              className="sc-gZMcBi lpczpt"
              href="path/to/social/profile"
              onClick={[Function]}
              target="_blank"
            >
              <div
                className="sc-gqjmRU kNRcGY"
              >
                <div
                  className="sc-gzVnrw gFMElS"
                >
                  <svg
                    className="sc-htoDjs fjrylr icon"
                  >
                    <use
                      xlinkHref="/icon-sprite.svg#linkedin"
                    />
                  </svg>
                </div>
              </div>
            </a>
          </li>
          <li
            className="sc-iwsKbI cWXbll"
          >
            <a
              aria-label="Dribbble"
              className="sc-gZMcBi lpczpt"
              href="path/to/social/profile"
              onClick={[Function]}
              target="_blank"
            >
              <div
                className="sc-gqjmRU kNRcGY"
              >
                <div
                  className="sc-gzVnrw gFMElS"
                >
                  <svg
                    className="sc-htoDjs fjrylr icon"
                  >
                    <use
                      xlinkHref="/icon-sprite.svg#dribbble"
                    />
                  </svg>
                </div>
              </div>
            </a>
          </li>
          <li
            className="sc-iwsKbI cWXbll"
          >
            <a
              aria-label="Github"
              className="sc-gZMcBi lpczpt"
              href="path/to/social/profile"
              onClick={[Function]}
              target="_blank"
            >
              <div
                className="sc-gqjmRU kNRcGY"
              >
                <div
                  className="sc-gzVnrw gFMElS"
                >
                  <svg
                    className="sc-htoDjs fjrylr icon"
                  >
                    <use
                      xlinkHref="/icon-sprite.svg#github"
                    />
                  </svg>
                </div>
              </div>
            </a>
          </li>
        </ul>
      </div>
    </div>
  </div>
  <div
    className="sc-bdVaJa ddGqC"
    onClick={[Function]}
  />
</div>
`;
