// Jest Snapshot v1, https://goo.gl/fbAQLP

exports[`<Menu /> renders correctly 1`] = `
<div
  className="sc-gZMcBi kAqgb"
>
  <div
    className="sc-gqjmRU kkPaUb"
  >
    <div
      className="sc-VigVT cBJbjo"
    >
      <nav
        className="sc-jTzLTM ezrWJx"
      >
        <div
          className="sc-fjdhpX jCIpEH"
        >
          <ul
            className="sc-gzVnrw iNshuK"
          >
            <li
              className="sc-htoDjs fdzoDX"
            >
              <a
                className="sc-dnqmqq kSpATj"
                href="/"
                onClick={[Function]}
              >
                Ten Blocks
              </a>
            </li>
            <li
              className="sc-htoDjs fdzoDX"
            >
              <a
                className="sc-dnqmqq kSpATj"
                href="/about/"
                onClick={[Function]}
              >
                About
              </a>
            </li>
          </ul>
        </div>
      </nav>
      <div
        className="sc-jzJRlG bCtzFP"
      >
        <ul
          className="sc-bxivhb jqTeod"
        >
          <li
            className="sc-ifAKCX cpRTbq"
          >
            <a
              aria-label="Email"
              className="sc-EHOje eFGUOZ"
              href="email address"
              onClick={[Function]}
              target="_blank"
            >
              <div
                className="sc-bZQynM iMiXys"
              >
                <div
                  className="sc-bwzfXH gUlMwG"
                >
                  <svg
                    className="sc-htpNat jBmPeL icon"
                  >
                    <use
                      xlinkHref="/icon-sprite.svg#mail"
                    />
                  </svg>
                </div>
              </div>
            </a>
          </li>
          <li
            className="sc-ifAKCX cpRTbq"
          >
            <a
              aria-label="Twitter"
              className="sc-EHOje eFGUOZ"
              href="path/to/social/profile"
              onClick={[Function]}
              target="_blank"
            >
              <div
                className="sc-bZQynM iMiXys"
              >
                <div
                  className="sc-bwzfXH gUlMwG"
                >
                  <svg
                    className="sc-htpNat jBmPeL icon"
                  >
                    <use
                      xlinkHref="/icon-sprite.svg#twitter"
                    />
                  </svg>
                </div>
              </div>
            </a>
          </li>
          <li
            className="sc-ifAKCX cpRTbq"
          >
            <a
              aria-label="Instagram"
              className="sc-EHOje eFGUOZ"
              href="path/to/social/profile"
              onClick={[Function]}
              target="_blank"
            >
              <div
                className="sc-bZQynM iMiXys"
              >
                <div
                  className="sc-bwzfXH gUlMwG"
                >
                  <svg
                    className="sc-htpNat jBmPeL icon"
                  >
                    <use
                      xlinkHref="/icon-sprite.svg#instagram"
                    />
                  </svg>
                </div>
              </div>
            </a>
          </li>
          <li
            className="sc-ifAKCX cpRTbq"
          >
            <a
              aria-label="Linkedin"
              className="sc-EHOje eFGUOZ"
              href="path/to/social/profile"
              onClick={[Function]}
              target="_blank"
            >
              <div
                className="sc-bZQynM iMiXys"
              >
                <div
                  className="sc-bwzfXH gUlMwG"
                >
                  <svg
                    className="sc-htpNat jBmPeL icon"
                  >
                    <use
                      xlinkHref="/icon-sprite.svg#linkedin"
                    />
                  </svg>
                </div>
              </div>
            </a>
          </li>
          <li
            className="sc-ifAKCX cpRTbq"
          >
            <a
              aria-label="Dribbble"
              className="sc-EHOje eFGUOZ"
              href="path/to/social/profile"
              onClick={[Function]}
              target="_blank"
            >
              <div
                className="sc-bZQynM iMiXys"
              >
                <div
                  className="sc-bwzfXH gUlMwG"
                >
                  <svg
                    className="sc-htpNat jBmPeL icon"
                  >
                    <use
                      xlinkHref="/icon-sprite.svg#dribbble"
                    />
                  </svg>
                </div>
              </div>
            </a>
          </li>
          <li
            className="sc-ifAKCX cpRTbq"
          >
            <a
              aria-label="Github"
              className="sc-EHOje eFGUOZ"
              href="path/to/social/profile"
              onClick={[Function]}
              target="_blank"
            >
              <div
                className="sc-bZQynM iMiXys"
              >
                <div
                  className="sc-bwzfXH gUlMwG"
                >
                  <svg
                    className="sc-htpNat jBmPeL icon"
                  >
                    <use
                      xlinkHref="/icon-sprite.svg#github"
                    />
                  </svg>
                </div>
              </div>
            </a>
          </li>
        </ul>
      </div>
    </div>
  </div>
  <div
    className="sc-iwsKbI zTWza"
    onClick={[Function]}
  />
</div>
`;
