// Jest Snapshot v1, https://goo.gl/fbAQLP

exports[`<BlockHeaderSwitch /> renders correctly 1`] = `
<div
  className="sc-bdVaJa bDWFJH"
>
  <button
    className="sc-bwzfXH dcmFEq"
    onClick={[Function]}
  >
    <div
      className="sc-htpNat gRXXol"
    >
      Details
    </div>
  </button>
  <button
    className="sc-bwzfXH jHohNU"
    onClick={[Function]}
  >
    <div
      className="sc-htpNat gRXXol"
    >
      Transactions
    </div>
  </button>
</div>
`;
