// Jest Snapshot v1, https://goo.gl/fbAQLP

exports[`<BlockHeaderSwitch /> renders correctly 1`] = `
<div
  className="sc-bdVaJa bNDPWZ"
  style={
    Object {
      "opacity": 1,
    }
  }
>
  <button
    className="sc-bwzfXH dcmFEq"
    disabled={false}
    onClick={[Function]}
  >
    <div
      className="sc-htpNat gRXXol"
    >
      Details
    </div>
  </button>
  <button
    className="sc-bwzfXH jHohNU"
    disabled={false}
    onClick={[Function]}
  >
    <div
      className="sc-htpNat gRXXol"
    >
      Transactions
    </div>
  </button>
</div>
`;
