// Jest Snapshot v1, https://goo.gl/fbAQLP

exports[`<BlockBody /> renders correctly 1`] = `
<div
  className="sc-bZQynM lcuVuK"
>
  <ul
    className="sc-gzVnrw ibZhkv"
  >
    <div
      className="sc-ifAKCX fnBNId sc-htoDjs gcJlvz"
    >
      <div
        className="sc-htpNat egChak"
        size="sm"
      >
        Size
      </div>
      <div
        className="sc-EHOje foZbCf"
      >
        <div
          className="sc-bdVaJa ikMsdC"
          size="lg"
        >
          <div
            className="sc-bwzfXH eAbjIM"
          >
             
          </div>
        </div>
      </div>
    </div>
    <div
      className="sc-ifAKCX fnBNId sc-htoDjs gcJlvz"
    >
      <div
        className="sc-htpNat egChak"
        size="sm"
      >
        Timestamp
      </div>
      <div
        className="sc-EHOje foZbCf"
      >
        <div
          className="sc-bdVaJa ikMsdC"
          size="lg"
        >
          <div
            className="sc-bwzfXH dXrMlk"
          >
             
          </div>
        </div>
      </div>
    </div>
    <div
      className="sc-ifAKCX fnBNId sc-htoDjs gcJlvz"
    >
      <div
        className="sc-htpNat egChak"
        size="sm"
      >
        Miner
      </div>
      <div
        className="sc-EHOje foZbCf"
      >
        <div
          className="sc-bdVaJa ikMsdC"
          size="lg"
        >
          <div
            className="sc-bwzfXH dXrMlk"
          >
             
          </div>
        </div>
      </div>
    </div>
    <div
      className="sc-ifAKCX fnBNId sc-htoDjs gcJlvz"
    >
      <div
        className="sc-htpNat egChak"
        size="sm"
      >
        Difficulty
      </div>
      <div
        className="sc-EHOje foZbCf"
      >
        <div
          className="sc-bdVaJa ikMsdC"
          size="lg"
        >
          <div
            className="sc-bwzfXH dXrMlk"
          >
             
          </div>
        </div>
      </div>
    </div>
    <div
      className="sc-ifAKCX fnBNId sc-htoDjs gcJlvz"
    >
      <div
        className="sc-htpNat egChak"
        size="sm"
      >
        Total Difficulty
      </div>
      <div
        className="sc-EHOje foZbCf"
      >
        <div
          className="sc-bdVaJa ikMsdC"
          size="lg"
        >
          <div
            className="sc-bwzfXH dTNUzo"
          >
             
          </div>
        </div>
      </div>
    </div>
    <div
      className="sc-ifAKCX fnBNId sc-htoDjs gcJlvz"
    >
      <div
        className="sc-htpNat egChak"
        size="sm"
      >
        Gas Used
      </div>
      <div
        className="sc-EHOje foZbCf"
      >
        <div
          className="sc-bdVaJa ikMsdC"
          size="lg"
        >
          <div
            className="sc-bwzfXH dXrMlk"
          >
             
          </div>
        </div>
      </div>
    </div>
    <div
      className="sc-ifAKCX fnBNId sc-htoDjs gcJlvz"
    >
      <div
        className="sc-htpNat egChak"
        size="sm"
      >
        Gas Limit
      </div>
      <div
        className="sc-EHOje foZbCf"
      >
        <div
          className="sc-bdVaJa ikMsdC"
          size="lg"
        >
          <div
            className="sc-bwzfXH eAbjIM"
          >
             
          </div>
        </div>
      </div>
    </div>
  </ul>
</div>
`;
