// Jest Snapshot v1, https://goo.gl/fbAQLP

exports[`<BlockBody /> renders correctly 1`] = `
<div
  className="sc-bZQynM dBuJcA"
>
  <ul
    className="sc-gzVnrw gjsEYR"
  >
    <div
      className="sc-ifAKCX kEvjdA sc-htoDjs bdMEGW"
    >
      <div
        className="sc-htpNat dQtBiw"
        size="sm"
      >
        Size
      </div>
      <div
        className="sc-EHOje foZbCf"
      >
        <div
          className="sc-bdVaJa krrbWC"
          size="lg"
        >
          <div
            className="sc-bwzfXH eAbjIM"
          >
             
          </div>
        </div>
      </div>
    </div>
    <div
      className="sc-ifAKCX kEvjdA sc-htoDjs bdMEGW"
    >
      <div
        className="sc-htpNat dQtBiw"
        size="sm"
      >
        Difficulty
      </div>
      <div
        className="sc-EHOje foZbCf"
      >
        <div
          className="sc-bdVaJa krrbWC"
          size="lg"
        >
          <div
            className="sc-bwzfXH dXrMlk"
          >
             
          </div>
        </div>
      </div>
    </div>
    <div
      className="sc-ifAKCX kEvjdA sc-htoDjs bdMEGW"
    >
      <div
        className="sc-htpNat dQtBiw"
        size="sm"
      >
        Total Difficulty
      </div>
      <div
        className="sc-EHOje foZbCf"
      >
        <div
          className="sc-bdVaJa krrbWC"
          size="lg"
        >
          <div
            className="sc-bwzfXH dTNUzo"
          >
             
          </div>
        </div>
      </div>
    </div>
    <div
      className="sc-ifAKCX kEvjdA sc-htoDjs bdMEGW"
    >
      <div
        className="sc-htpNat dQtBiw"
        size="sm"
      >
        Gas Used
      </div>
      <div
        className="sc-EHOje foZbCf"
      >
        <div
          className="sc-bdVaJa krrbWC"
          size="lg"
        >
          <div
            className="sc-bwzfXH dXrMlk"
          >
             
          </div>
        </div>
      </div>
    </div>
    <div
      className="sc-ifAKCX kEvjdA sc-htoDjs bdMEGW"
    >
      <div
        className="sc-htpNat dQtBiw"
        size="sm"
      >
        Gas Limit
      </div>
      <div
        className="sc-EHOje foZbCf"
      >
        <div
          className="sc-bdVaJa krrbWC"
          size="lg"
        >
          <div
            className="sc-bwzfXH eAbjIM"
          >
             
          </div>
        </div>
      </div>
    </div>
  </ul>
</div>
`;
