// Jest Snapshot v1, https://goo.gl/fbAQLP

exports[`<BlockBody /> renders correctly 1`] = `
<div
  className="sc-bZQynM voXAZ sc-gzVnrw egtCjV"
>
  <ul
    className="sc-htoDjs bZzhDu"
  >
    <div
      className="sc-ifAKCX fnBNId sc-dnqmqq fiTxPe"
    >
      <div
        className="sc-htpNat hYKNQE"
        size="sm"
      >
        Size
      </div>
      <div
        className="sc-EHOje foZbCf"
      >
        <div
          className="sc-bdVaJa ealnvo"
          size="lg"
        >
          <div
            className="sc-bwzfXH pPGel"
          >
             
          </div>
        </div>
      </div>
    </div>
    <div
      className="sc-ifAKCX fnBNId sc-dnqmqq fiTxPe"
    >
      <div
        className="sc-htpNat hYKNQE"
        size="sm"
      >
        Timestamp
      </div>
      <div
        className="sc-EHOje foZbCf"
      >
        <div
          className="sc-bdVaJa ealnvo"
          size="lg"
        >
          <div
            className="sc-bwzfXH bQhbsC"
          >
             
          </div>
        </div>
      </div>
    </div>
    <div
      className="sc-ifAKCX fnBNId sc-dnqmqq fiTxPe"
    >
      <div
        className="sc-htpNat hYKNQE"
        size="sm"
      >
        Miner
      </div>
      <div
        className="sc-EHOje foZbCf"
      >
        <div
          className="sc-bdVaJa ealnvo"
          size="lg"
        >
          <div
            className="sc-bwzfXH bnnyOS"
          >
             
          </div>
        </div>
      </div>
    </div>
    <div
      className="sc-ifAKCX fnBNId sc-dnqmqq fiTxPe"
    >
      <div
        className="sc-htpNat hYKNQE"
        size="sm"
      >
        Difficulty
      </div>
      <div
        className="sc-EHOje foZbCf"
      >
        <div
          className="sc-bdVaJa ealnvo"
          size="lg"
        >
          <div
            className="sc-bwzfXH dMyGjF"
          >
             
          </div>
        </div>
      </div>
    </div>
    <div
      className="sc-ifAKCX fnBNId sc-dnqmqq fiTxPe"
    >
      <div
        className="sc-htpNat hYKNQE"
        size="sm"
      >
        Total Difficulty
      </div>
      <div
        className="sc-EHOje foZbCf"
      >
        <div
          className="sc-bdVaJa ealnvo"
          size="lg"
        >
          <div
            className="sc-bwzfXH bQhbsC"
          >
             
          </div>
        </div>
      </div>
    </div>
    <div
      className="sc-ifAKCX fnBNId sc-dnqmqq fiTxPe"
    >
      <div
        className="sc-htpNat hYKNQE"
        size="sm"
      >
        Gas Used
      </div>
      <div
        className="sc-EHOje foZbCf"
      >
        <div
          className="sc-bdVaJa ealnvo"
          size="lg"
        >
          <div
            className="sc-bwzfXH pPGel"
          >
             
          </div>
        </div>
      </div>
    </div>
    <div
      className="sc-ifAKCX fnBNId sc-dnqmqq fiTxPe"
    >
      <div
        className="sc-htpNat hYKNQE"
        size="sm"
      >
        Gas Limit
      </div>
      <div
        className="sc-EHOje foZbCf"
      >
        <div
          className="sc-bdVaJa ealnvo"
          size="lg"
        >
          <div
            className="sc-bwzfXH dMyGjF"
          >
             
          </div>
        </div>
      </div>
    </div>
  </ul>
</div>
`;
