// Jest Snapshot v1, https://goo.gl/fbAQLP

exports[`<BlockTransactionCols /> renders correctly 1`] = `
Array [
  <td
    className="sc-bdVaJa sc-bwzfXH kIQmTZ"
  >
    string
  </td>,
  <td
    className="sc-bdVaJa sc-htpNat fwPHmk"
  >
    string
  </td>,
  <td
    className="sc-bdVaJa sc-bxivhb dUdiVs"
  >
    string
  </td>,
  <td
    className="sc-bdVaJa sc-ifAKCX qNfRk"
  >
    string
  </td>,
]
`;
