// Jest Snapshot v1, https://goo.gl/fbAQLP

exports[`<BlockItem /> renders correctly 1`] = `
<div>
  <div>
    1
  </div>
  <div>
    0xF39d8b9B8C130ac08d4A32E50bb7bbD41C054EB9
  </div>
  <div>
    0xcf5f58c3E7d863c3c859C6Cbce03e015262df0e5
  </div>
  <div>
    1
  </div>
  <div>
    0xF39d8b9B8C130ac08d4A32E50bb7bbD41C054EB9
  </div>
  <div>
    0xcf5f58c3E7d863c3c859C6Cbce03e015262df0e5
  </div>
</div>
`;
