// Jest Snapshot v1, https://goo.gl/fbAQLP

exports[`<CardContent /> renders correctly 1`] = `
<div
  className="sc-kGXeez esdNNG"
>
  <div
    className="sc-EHOje ipvWJS sc-kpOJdX jbuTzW"
    size="md"
  >
     Transactions
  </div>
  <div
    className="sc-VigVT lgfTnR"
    size="md"
  >
    # 
    100
  </div>
  <div
    className="sc-htpNat byVbmf"
  >
    <ul
      className="sc-bxivhb gNgCgd"
    >
      <li
        className="sc-ifAKCX cFlEyZ"
      >
        <div
          className="sc-bdVaJa ldkUXY"
        >
          <div
            className="sc-bwzfXH ohHan"
          />
        </div>
      </li>
      <li
        className="sc-ifAKCX cFlEyZ"
      >
        <div
          className="sc-bdVaJa ldkUXY"
        >
          <div
            className="sc-bwzfXH ohHan"
          />
        </div>
      </li>
      <li
        className="sc-ifAKCX cFlEyZ"
      >
        <div
          className="sc-bdVaJa ldkUXY"
        >
          <div
            className="sc-bwzfXH eAUgay"
          />
        </div>
      </li>
      <li
        className="sc-ifAKCX cFlEyZ"
      >
        <div
          className="sc-bdVaJa ldkUXY"
        >
          <div
            className="sc-bwzfXH eAUgay"
          />
        </div>
      </li>
      <li
        className="sc-ifAKCX cFlEyZ"
      >
        <div
          className="sc-bdVaJa ldkUXY"
        >
          <div
            className="sc-bwzfXH eAUgay"
          />
        </div>
      </li>
      <li
        className="sc-ifAKCX cFlEyZ"
      >
        <div
          className="sc-bdVaJa ldkUXY"
        >
          <div
            className="sc-bwzfXH eAUgay"
          />
        </div>
      </li>
      <li
        className="sc-ifAKCX cFlEyZ"
      >
        <div
          className="sc-bdVaJa ldkUXY"
        >
          <div
            className="sc-bwzfXH eAUgay"
          />
        </div>
      </li>
      <li
        className="sc-ifAKCX cFlEyZ"
      >
        <div
          className="sc-bdVaJa ldkUXY"
        >
          <div
            className="sc-bwzfXH eAUgay"
          />
        </div>
      </li>
      <li
        className="sc-ifAKCX cFlEyZ"
      >
        <div
          className="sc-bdVaJa ldkUXY"
        >
          <div
            className="sc-bwzfXH eAUgay"
          />
        </div>
      </li>
      <li
        className="sc-ifAKCX cFlEyZ"
      >
        <div
          className="sc-bdVaJa ldkUXY"
        >
          <div
            className="sc-bwzfXH eAUgay"
          />
        </div>
      </li>
      <li
        className="sc-ifAKCX cFlEyZ"
      >
        <div
          className="sc-bdVaJa ldkUXY"
        >
          <div
            className="sc-bwzfXH eAUgay"
          />
        </div>
      </li>
      <li
        className="sc-ifAKCX cFlEyZ"
      >
        <div
          className="sc-bdVaJa ldkUXY"
        >
          <div
            className="sc-bwzfXH eAUgay"
          />
        </div>
      </li>
      <li
        className="sc-ifAKCX cFlEyZ"
      >
        <div
          className="sc-bdVaJa ldkUXY"
        >
          <div
            className="sc-bwzfXH eAUgay"
          />
        </div>
      </li>
      <li
        className="sc-ifAKCX cFlEyZ"
      >
        <div
          className="sc-bdVaJa ldkUXY"
        >
          <div
            className="sc-bwzfXH eAUgay"
          />
        </div>
      </li>
      <li
        className="sc-ifAKCX cFlEyZ"
      >
        <div
          className="sc-bdVaJa ldkUXY"
        >
          <div
            className="sc-bwzfXH eAUgay"
          />
        </div>
      </li>
      <li
        className="sc-ifAKCX cFlEyZ"
      >
        <div
          className="sc-bdVaJa ldkUXY"
        >
          <div
            className="sc-bwzfXH eAUgay"
          />
        </div>
      </li>
      <li
        className="sc-ifAKCX cFlEyZ"
      >
        <div
          className="sc-bdVaJa ldkUXY"
        >
          <div
            className="sc-bwzfXH eAUgay"
          />
        </div>
      </li>
      <li
        className="sc-ifAKCX cFlEyZ"
      >
        <div
          className="sc-bdVaJa ldkUXY"
        >
          <div
            className="sc-bwzfXH eAUgay"
          />
        </div>
      </li>
      <li
        className="sc-ifAKCX cFlEyZ"
      >
        <div
          className="sc-bdVaJa ldkUXY"
        >
          <div
            className="sc-bwzfXH eAUgay"
          />
        </div>
      </li>
      <li
        className="sc-ifAKCX cFlEyZ"
      >
        <div
          className="sc-bdVaJa ldkUXY"
        >
          <div
            className="sc-bwzfXH eAUgay"
          />
        </div>
      </li>
      <li
        className="sc-ifAKCX cFlEyZ"
      >
        <div
          className="sc-bdVaJa ldkUXY"
        >
          <div
            className="sc-bwzfXH eAUgay"
          />
        </div>
      </li>
      <li
        className="sc-ifAKCX cFlEyZ"
      >
        <div
          className="sc-bdVaJa ldkUXY"
        >
          <div
            className="sc-bwzfXH eAUgay"
          />
        </div>
      </li>
      <li
        className="sc-ifAKCX cFlEyZ"
      >
        <div
          className="sc-bdVaJa ldkUXY"
        >
          <div
            className="sc-bwzfXH eAUgay"
          />
        </div>
      </li>
      <li
        className="sc-ifAKCX cFlEyZ"
      >
        <div
          className="sc-bdVaJa ldkUXY"
        >
          <div
            className="sc-bwzfXH eAUgay"
          />
        </div>
      </li>
      <li
        className="sc-ifAKCX cFlEyZ"
      >
        <div
          className="sc-bdVaJa ldkUXY"
        >
          <div
            className="sc-bwzfXH eAUgay"
          />
        </div>
      </li>
      <li
        className="sc-ifAKCX cFlEyZ"
      >
        <div
          className="sc-bdVaJa ldkUXY"
        >
          <div
            className="sc-bwzfXH eAUgay"
          />
        </div>
      </li>
      <li
        className="sc-ifAKCX cFlEyZ"
      >
        <div
          className="sc-bdVaJa ldkUXY"
        >
          <div
            className="sc-bwzfXH eAUgay"
          />
        </div>
      </li>
      <li
        className="sc-ifAKCX cFlEyZ"
      >
        <div
          className="sc-bdVaJa ldkUXY"
        >
          <div
            className="sc-bwzfXH eAUgay"
          />
        </div>
      </li>
      <li
        className="sc-ifAKCX cFlEyZ"
      >
        <div
          className="sc-bdVaJa ldkUXY"
        >
          <div
            className="sc-bwzfXH eAUgay"
          />
        </div>
      </li>
      <li
        className="sc-ifAKCX cFlEyZ"
      >
        <div
          className="sc-bdVaJa ldkUXY"
        >
          <div
            className="sc-bwzfXH eAUgay"
          />
        </div>
      </li>
      <li
        className="sc-ifAKCX cFlEyZ"
      >
        <div
          className="sc-bdVaJa ldkUXY"
        >
          <div
            className="sc-bwzfXH eAUgay"
          />
        </div>
      </li>
      <li
        className="sc-ifAKCX cFlEyZ"
      >
        <div
          className="sc-bdVaJa ldkUXY"
        >
          <div
            className="sc-bwzfXH eAUgay"
          />
        </div>
      </li>
      <li
        className="sc-ifAKCX cFlEyZ"
      >
        <div
          className="sc-bdVaJa ldkUXY"
        >
          <div
            className="sc-bwzfXH eAUgay"
          />
        </div>
      </li>
      <li
        className="sc-ifAKCX cFlEyZ"
      >
        <div
          className="sc-bdVaJa ldkUXY"
        >
          <div
            className="sc-bwzfXH eAUgay"
          />
        </div>
      </li>
      <li
        className="sc-ifAKCX cFlEyZ"
      >
        <div
          className="sc-bdVaJa ldkUXY"
        >
          <div
            className="sc-bwzfXH eAUgay"
          />
        </div>
      </li>
      <li
        className="sc-ifAKCX cFlEyZ"
      >
        <div
          className="sc-bdVaJa ldkUXY"
        >
          <div
            className="sc-bwzfXH eAUgay"
          />
        </div>
      </li>
      <li
        className="sc-ifAKCX cFlEyZ"
      >
        <div
          className="sc-bdVaJa ldkUXY"
        >
          <div
            className="sc-bwzfXH eAUgay"
          />
        </div>
      </li>
      <li
        className="sc-ifAKCX cFlEyZ"
      >
        <div
          className="sc-bdVaJa ldkUXY"
        >
          <div
            className="sc-bwzfXH eAUgay"
          />
        </div>
      </li>
      <li
        className="sc-ifAKCX cFlEyZ"
      >
        <div
          className="sc-bdVaJa ldkUXY"
        >
          <div
            className="sc-bwzfXH eAUgay"
          />
        </div>
      </li>
      <li
        className="sc-ifAKCX cFlEyZ"
      >
        <div
          className="sc-bdVaJa ldkUXY"
        >
          <div
            className="sc-bwzfXH eAUgay"
          />
        </div>
      </li>
      <li
        className="sc-ifAKCX cFlEyZ"
      >
        <div
          className="sc-bdVaJa ldkUXY"
        >
          <div
            className="sc-bwzfXH eAUgay"
          />
        </div>
      </li>
      <li
        className="sc-ifAKCX cFlEyZ"
      >
        <div
          className="sc-bdVaJa ldkUXY"
        >
          <div
            className="sc-bwzfXH eAUgay"
          />
        </div>
      </li>
      <li
        className="sc-ifAKCX cFlEyZ"
      >
        <div
          className="sc-bdVaJa ldkUXY"
        >
          <div
            className="sc-bwzfXH eAUgay"
          />
        </div>
      </li>
      <li
        className="sc-ifAKCX cFlEyZ"
      >
        <div
          className="sc-bdVaJa ldkUXY"
        >
          <div
            className="sc-bwzfXH eAUgay"
          />
        </div>
      </li>
      <li
        className="sc-ifAKCX cFlEyZ"
      >
        <div
          className="sc-bdVaJa ldkUXY"
        >
          <div
            className="sc-bwzfXH eAUgay"
          />
        </div>
      </li>
      <li
        className="sc-ifAKCX cFlEyZ"
      >
        <div
          className="sc-bdVaJa ldkUXY"
        >
          <div
            className="sc-bwzfXH eAUgay"
          />
        </div>
      </li>
      <li
        className="sc-ifAKCX cFlEyZ"
      >
        <div
          className="sc-bdVaJa ldkUXY"
        >
          <div
            className="sc-bwzfXH eAUgay"
          />
        </div>
      </li>
      <li
        className="sc-ifAKCX cFlEyZ"
      >
        <div
          className="sc-bdVaJa ldkUXY"
        >
          <div
            className="sc-bwzfXH eAUgay"
          />
        </div>
      </li>
      <li
        className="sc-ifAKCX cFlEyZ"
      >
        <div
          className="sc-bdVaJa ldkUXY"
        >
          <div
            className="sc-bwzfXH eAUgay"
          />
        </div>
      </li>
      <li
        className="sc-ifAKCX cFlEyZ"
      >
        <div
          className="sc-bdVaJa ldkUXY"
        >
          <div
            className="sc-bwzfXH eAUgay"
          />
        </div>
      </li>
      <li
        className="sc-ifAKCX cFlEyZ"
      >
        <div
          className="sc-bdVaJa ldkUXY"
        >
          <div
            className="sc-bwzfXH eAUgay"
          />
        </div>
      </li>
      <li
        className="sc-ifAKCX cFlEyZ"
      >
        <div
          className="sc-bdVaJa ldkUXY"
        >
          <div
            className="sc-bwzfXH eAUgay"
          />
        </div>
      </li>
      <li
        className="sc-ifAKCX cFlEyZ"
      >
        <div
          className="sc-bdVaJa ldkUXY"
        >
          <div
            className="sc-bwzfXH eAUgay"
          />
        </div>
      </li>
      <li
        className="sc-ifAKCX cFlEyZ"
      >
        <div
          className="sc-bdVaJa ldkUXY"
        >
          <div
            className="sc-bwzfXH eAUgay"
          />
        </div>
      </li>
      <li
        className="sc-ifAKCX cFlEyZ"
      >
        <div
          className="sc-bdVaJa ldkUXY"
        >
          <div
            className="sc-bwzfXH eAUgay"
          />
        </div>
      </li>
      <li
        className="sc-ifAKCX cFlEyZ"
      >
        <div
          className="sc-bdVaJa ldkUXY"
        >
          <div
            className="sc-bwzfXH eAUgay"
          />
        </div>
      </li>
      <li
        className="sc-ifAKCX cFlEyZ"
      >
        <div
          className="sc-bdVaJa ldkUXY"
        >
          <div
            className="sc-bwzfXH eAUgay"
          />
        </div>
      </li>
      <li
        className="sc-ifAKCX cFlEyZ"
      >
        <div
          className="sc-bdVaJa ldkUXY"
        >
          <div
            className="sc-bwzfXH eAUgay"
          />
        </div>
      </li>
      <li
        className="sc-ifAKCX cFlEyZ"
      >
        <div
          className="sc-bdVaJa ldkUXY"
        >
          <div
            className="sc-bwzfXH eAUgay"
          />
        </div>
      </li>
      <li
        className="sc-ifAKCX cFlEyZ"
      >
        <div
          className="sc-bdVaJa ldkUXY"
        >
          <div
            className="sc-bwzfXH eAUgay"
          />
        </div>
      </li>
    </ul>
  </div>
  <div
    className="sc-gzVnrw gxhySI"
  >
    <div
      className="sc-iwsKbI cBxrah"
    >
      <div
        className="sc-EHOje ipvWJS sc-htoDjs dARhit"
        size="md"
      >
        Size
      </div>
      <div
        className="sc-EHOje fxtpiY sc-dnqmqq koHliJ"
        size="md"
      />
    </div>
    <div
      className="sc-gZMcBi jWPKqd"
    >
      <div
        className="sc-EHOje ipvWJS sc-htoDjs dARhit"
        size="md"
      >
        Difficulty
      </div>
      <div
        className="sc-EHOje fxtpiY sc-dnqmqq koHliJ"
        size="md"
      />
    </div>
    <div
      className="sc-gqjmRU jpVdfh"
    >
      <div
        className="sc-EHOje ipvWJS sc-htoDjs dARhit"
        size="md"
      >
        Miner
      </div>
      <div
        className="sc-EHOje fxtpiY sc-dnqmqq koHliJ"
        size="md"
      />
    </div>
  </div>
  <div
    className="sc-dxgOiQ iKOXYn"
  >
    <a
      className="sc-cSHVUG eJjCtk sc-ckVGcZ bBUPhT"
      href="/block/100"
      type="secondary"
    >
      <div
        className="sc-kAzzGY ebaOMy"
      >
        <span
          className="sc-chPdSV qpvXI"
        >
          More Details
        </span>
      </div>
    </a>
  </div>
</div>
`;
