// Jest Snapshot v1, https://goo.gl/fbAQLP

exports[`<CardContent /> renders correctly 1`] = `
<div
  className="sc-cSHVUG eVIRuU"
>
  <div
    className="sc-EHOje jUPklj sc-kAzzGY bttNCU"
    size="md"
  >
     Transactions
  </div>
  <div
    className="sc-VigVT iDzZxv"
    size="md"
  >
    # 
    100
  </div>
  <div
    className="sc-htpNat iWifPQ"
  >
    <ul
      className="sc-bxivhb gNgCgd"
    >
      <li
        className="sc-ifAKCX cFlEyZ"
      >
        <div
          className="sc-bdVaJa ldkUXY"
        >
          <div
            className="sc-bwzfXH jBZlEg"
          />
        </div>
      </li>
      <li
        className="sc-ifAKCX cFlEyZ"
      >
        <div
          className="sc-bdVaJa ldkUXY"
        >
          <div
            className="sc-bwzfXH jBZlEg"
          />
        </div>
      </li>
      <li
        className="sc-ifAKCX cFlEyZ"
      >
        <div
          className="sc-bdVaJa ldkUXY"
        >
          <div
            className="sc-bwzfXH yNbqn"
          />
        </div>
      </li>
      <li
        className="sc-ifAKCX cFlEyZ"
      >
        <div
          className="sc-bdVaJa ldkUXY"
        >
          <div
            className="sc-bwzfXH yNbqn"
          />
        </div>
      </li>
      <li
        className="sc-ifAKCX cFlEyZ"
      >
        <div
          className="sc-bdVaJa ldkUXY"
        >
          <div
            className="sc-bwzfXH yNbqn"
          />
        </div>
      </li>
      <li
        className="sc-ifAKCX cFlEyZ"
      >
        <div
          className="sc-bdVaJa ldkUXY"
        >
          <div
            className="sc-bwzfXH yNbqn"
          />
        </div>
      </li>
      <li
        className="sc-ifAKCX cFlEyZ"
      >
        <div
          className="sc-bdVaJa ldkUXY"
        >
          <div
            className="sc-bwzfXH yNbqn"
          />
        </div>
      </li>
      <li
        className="sc-ifAKCX cFlEyZ"
      >
        <div
          className="sc-bdVaJa ldkUXY"
        >
          <div
            className="sc-bwzfXH yNbqn"
          />
        </div>
      </li>
      <li
        className="sc-ifAKCX cFlEyZ"
      >
        <div
          className="sc-bdVaJa ldkUXY"
        >
          <div
            className="sc-bwzfXH yNbqn"
          />
        </div>
      </li>
      <li
        className="sc-ifAKCX cFlEyZ"
      >
        <div
          className="sc-bdVaJa ldkUXY"
        >
          <div
            className="sc-bwzfXH yNbqn"
          />
        </div>
      </li>
      <li
        className="sc-ifAKCX cFlEyZ"
      >
        <div
          className="sc-bdVaJa ldkUXY"
        >
          <div
            className="sc-bwzfXH yNbqn"
          />
        </div>
      </li>
      <li
        className="sc-ifAKCX cFlEyZ"
      >
        <div
          className="sc-bdVaJa ldkUXY"
        >
          <div
            className="sc-bwzfXH yNbqn"
          />
        </div>
      </li>
      <li
        className="sc-ifAKCX cFlEyZ"
      >
        <div
          className="sc-bdVaJa ldkUXY"
        >
          <div
            className="sc-bwzfXH yNbqn"
          />
        </div>
      </li>
      <li
        className="sc-ifAKCX cFlEyZ"
      >
        <div
          className="sc-bdVaJa ldkUXY"
        >
          <div
            className="sc-bwzfXH yNbqn"
          />
        </div>
      </li>
      <li
        className="sc-ifAKCX cFlEyZ"
      >
        <div
          className="sc-bdVaJa ldkUXY"
        >
          <div
            className="sc-bwzfXH yNbqn"
          />
        </div>
      </li>
      <li
        className="sc-ifAKCX cFlEyZ"
      >
        <div
          className="sc-bdVaJa ldkUXY"
        >
          <div
            className="sc-bwzfXH yNbqn"
          />
        </div>
      </li>
      <li
        className="sc-ifAKCX cFlEyZ"
      >
        <div
          className="sc-bdVaJa ldkUXY"
        >
          <div
            className="sc-bwzfXH yNbqn"
          />
        </div>
      </li>
      <li
        className="sc-ifAKCX cFlEyZ"
      >
        <div
          className="sc-bdVaJa ldkUXY"
        >
          <div
            className="sc-bwzfXH yNbqn"
          />
        </div>
      </li>
      <li
        className="sc-ifAKCX cFlEyZ"
      >
        <div
          className="sc-bdVaJa ldkUXY"
        >
          <div
            className="sc-bwzfXH yNbqn"
          />
        </div>
      </li>
      <li
        className="sc-ifAKCX cFlEyZ"
      >
        <div
          className="sc-bdVaJa ldkUXY"
        >
          <div
            className="sc-bwzfXH yNbqn"
          />
        </div>
      </li>
      <li
        className="sc-ifAKCX cFlEyZ"
      >
        <div
          className="sc-bdVaJa ldkUXY"
        >
          <div
            className="sc-bwzfXH yNbqn"
          />
        </div>
      </li>
      <li
        className="sc-ifAKCX cFlEyZ"
      >
        <div
          className="sc-bdVaJa ldkUXY"
        >
          <div
            className="sc-bwzfXH yNbqn"
          />
        </div>
      </li>
      <li
        className="sc-ifAKCX cFlEyZ"
      >
        <div
          className="sc-bdVaJa ldkUXY"
        >
          <div
            className="sc-bwzfXH yNbqn"
          />
        </div>
      </li>
      <li
        className="sc-ifAKCX cFlEyZ"
      >
        <div
          className="sc-bdVaJa ldkUXY"
        >
          <div
            className="sc-bwzfXH yNbqn"
          />
        </div>
      </li>
      <li
        className="sc-ifAKCX cFlEyZ"
      >
        <div
          className="sc-bdVaJa ldkUXY"
        >
          <div
            className="sc-bwzfXH yNbqn"
          />
        </div>
      </li>
      <li
        className="sc-ifAKCX cFlEyZ"
      >
        <div
          className="sc-bdVaJa ldkUXY"
        >
          <div
            className="sc-bwzfXH yNbqn"
          />
        </div>
      </li>
      <li
        className="sc-ifAKCX cFlEyZ"
      >
        <div
          className="sc-bdVaJa ldkUXY"
        >
          <div
            className="sc-bwzfXH yNbqn"
          />
        </div>
      </li>
      <li
        className="sc-ifAKCX cFlEyZ"
      >
        <div
          className="sc-bdVaJa ldkUXY"
        >
          <div
            className="sc-bwzfXH yNbqn"
          />
        </div>
      </li>
      <li
        className="sc-ifAKCX cFlEyZ"
      >
        <div
          className="sc-bdVaJa ldkUXY"
        >
          <div
            className="sc-bwzfXH yNbqn"
          />
        </div>
      </li>
      <li
        className="sc-ifAKCX cFlEyZ"
      >
        <div
          className="sc-bdVaJa ldkUXY"
        >
          <div
            className="sc-bwzfXH yNbqn"
          />
        </div>
      </li>
      <li
        className="sc-ifAKCX cFlEyZ"
      >
        <div
          className="sc-bdVaJa ldkUXY"
        >
          <div
            className="sc-bwzfXH yNbqn"
          />
        </div>
      </li>
      <li
        className="sc-ifAKCX cFlEyZ"
      >
        <div
          className="sc-bdVaJa ldkUXY"
        >
          <div
            className="sc-bwzfXH yNbqn"
          />
        </div>
      </li>
      <li
        className="sc-ifAKCX cFlEyZ"
      >
        <div
          className="sc-bdVaJa ldkUXY"
        >
          <div
            className="sc-bwzfXH yNbqn"
          />
        </div>
      </li>
      <li
        className="sc-ifAKCX cFlEyZ"
      >
        <div
          className="sc-bdVaJa ldkUXY"
        >
          <div
            className="sc-bwzfXH yNbqn"
          />
        </div>
      </li>
      <li
        className="sc-ifAKCX cFlEyZ"
      >
        <div
          className="sc-bdVaJa ldkUXY"
        >
          <div
            className="sc-bwzfXH yNbqn"
          />
        </div>
      </li>
      <li
        className="sc-ifAKCX cFlEyZ"
      >
        <div
          className="sc-bdVaJa ldkUXY"
        >
          <div
            className="sc-bwzfXH yNbqn"
          />
        </div>
      </li>
      <li
        className="sc-ifAKCX cFlEyZ"
      >
        <div
          className="sc-bdVaJa ldkUXY"
        >
          <div
            className="sc-bwzfXH yNbqn"
          />
        </div>
      </li>
      <li
        className="sc-ifAKCX cFlEyZ"
      >
        <div
          className="sc-bdVaJa ldkUXY"
        >
          <div
            className="sc-bwzfXH yNbqn"
          />
        </div>
      </li>
      <li
        className="sc-ifAKCX cFlEyZ"
      >
        <div
          className="sc-bdVaJa ldkUXY"
        >
          <div
            className="sc-bwzfXH yNbqn"
          />
        </div>
      </li>
      <li
        className="sc-ifAKCX cFlEyZ"
      >
        <div
          className="sc-bdVaJa ldkUXY"
        >
          <div
            className="sc-bwzfXH yNbqn"
          />
        </div>
      </li>
      <li
        className="sc-ifAKCX cFlEyZ"
      >
        <div
          className="sc-bdVaJa ldkUXY"
        >
          <div
            className="sc-bwzfXH yNbqn"
          />
        </div>
      </li>
      <li
        className="sc-ifAKCX cFlEyZ"
      >
        <div
          className="sc-bdVaJa ldkUXY"
        >
          <div
            className="sc-bwzfXH yNbqn"
          />
        </div>
      </li>
      <li
        className="sc-ifAKCX cFlEyZ"
      >
        <div
          className="sc-bdVaJa ldkUXY"
        >
          <div
            className="sc-bwzfXH yNbqn"
          />
        </div>
      </li>
      <li
        className="sc-ifAKCX cFlEyZ"
      >
        <div
          className="sc-bdVaJa ldkUXY"
        >
          <div
            className="sc-bwzfXH yNbqn"
          />
        </div>
      </li>
      <li
        className="sc-ifAKCX cFlEyZ"
      >
        <div
          className="sc-bdVaJa ldkUXY"
        >
          <div
            className="sc-bwzfXH yNbqn"
          />
        </div>
      </li>
      <li
        className="sc-ifAKCX cFlEyZ"
      >
        <div
          className="sc-bdVaJa ldkUXY"
        >
          <div
            className="sc-bwzfXH yNbqn"
          />
        </div>
      </li>
      <li
        className="sc-ifAKCX cFlEyZ"
      >
        <div
          className="sc-bdVaJa ldkUXY"
        >
          <div
            className="sc-bwzfXH yNbqn"
          />
        </div>
      </li>
      <li
        className="sc-ifAKCX cFlEyZ"
      >
        <div
          className="sc-bdVaJa ldkUXY"
        >
          <div
            className="sc-bwzfXH yNbqn"
          />
        </div>
      </li>
      <li
        className="sc-ifAKCX cFlEyZ"
      >
        <div
          className="sc-bdVaJa ldkUXY"
        >
          <div
            className="sc-bwzfXH yNbqn"
          />
        </div>
      </li>
      <li
        className="sc-ifAKCX cFlEyZ"
      >
        <div
          className="sc-bdVaJa ldkUXY"
        >
          <div
            className="sc-bwzfXH yNbqn"
          />
        </div>
      </li>
      <li
        className="sc-ifAKCX cFlEyZ"
      >
        <div
          className="sc-bdVaJa ldkUXY"
        >
          <div
            className="sc-bwzfXH yNbqn"
          />
        </div>
      </li>
      <li
        className="sc-ifAKCX cFlEyZ"
      >
        <div
          className="sc-bdVaJa ldkUXY"
        >
          <div
            className="sc-bwzfXH yNbqn"
          />
        </div>
      </li>
      <li
        className="sc-ifAKCX cFlEyZ"
      >
        <div
          className="sc-bdVaJa ldkUXY"
        >
          <div
            className="sc-bwzfXH yNbqn"
          />
        </div>
      </li>
      <li
        className="sc-ifAKCX cFlEyZ"
      >
        <div
          className="sc-bdVaJa ldkUXY"
        >
          <div
            className="sc-bwzfXH yNbqn"
          />
        </div>
      </li>
      <li
        className="sc-ifAKCX cFlEyZ"
      >
        <div
          className="sc-bdVaJa ldkUXY"
        >
          <div
            className="sc-bwzfXH yNbqn"
          />
        </div>
      </li>
      <li
        className="sc-ifAKCX cFlEyZ"
      >
        <div
          className="sc-bdVaJa ldkUXY"
        >
          <div
            className="sc-bwzfXH yNbqn"
          />
        </div>
      </li>
      <li
        className="sc-ifAKCX cFlEyZ"
      >
        <div
          className="sc-bdVaJa ldkUXY"
        >
          <div
            className="sc-bwzfXH yNbqn"
          />
        </div>
      </li>
      <li
        className="sc-ifAKCX cFlEyZ"
      >
        <div
          className="sc-bdVaJa ldkUXY"
        >
          <div
            className="sc-bwzfXH yNbqn"
          />
        </div>
      </li>
      <li
        className="sc-ifAKCX cFlEyZ"
      >
        <div
          className="sc-bdVaJa ldkUXY"
        >
          <div
            className="sc-bwzfXH yNbqn"
          />
        </div>
      </li>
      <li
        className="sc-ifAKCX cFlEyZ"
      >
        <div
          className="sc-bdVaJa ldkUXY"
        >
          <div
            className="sc-bwzfXH yNbqn"
          />
        </div>
      </li>
    </ul>
  </div>
  <div
    className="sc-gzVnrw gxhySI"
  >
    <div
      className="sc-iwsKbI dVxxQe"
    >
      <div
        className="sc-EHOje jUPklj sc-htoDjs dARhit"
        size="md"
      >
        Size
      </div>
      <div
        className="sc-EHOje hkOzyT sc-dnqmqq koHliJ"
        size="md"
      />
    </div>
    <div
      className="sc-gZMcBi jWPKqd"
    >
      <div
        className="sc-EHOje jUPklj sc-htoDjs dARhit"
        size="md"
      >
        Difficulty
      </div>
      <div
        className="sc-EHOje hkOzyT sc-dnqmqq koHliJ"
        size="md"
      />
    </div>
    <div
      className="sc-gqjmRU jpVdfh"
    >
      <div
        className="sc-EHOje jUPklj sc-htoDjs dARhit"
        size="md"
      >
        Miner
      </div>
      <div
        className="sc-EHOje hkOzyT sc-dnqmqq koHliJ"
        size="md"
      />
    </div>
  </div>
  <div
    className="sc-chPdSV bpNxBw"
  >
    <a
      className="sc-fjdhpX jmUMrU sc-kgoBCf dimznU"
      href="/block/100"
      type="secondary"
    >
      <span
        className="sc-jzJRlG lkILP"
      >
        More Details
      </span>
    </a>
  </div>
</div>
`;
