// Jest Snapshot v1, https://goo.gl/fbAQLP

exports[`<Block /> renders correctly 1`] = `
<article
  className="sc-gPEVay eQYmiW"
>
  <div
    className="sc-gzVnrw eNMNUi sc-jTzLTM cTcVyo"
  >
    <a
      className="sc-iwsKbI klTUTv"
      href="/"
      type="tertiary"
    >
      <div
        className="sc-gZMcBi irilpd"
      >
        <div
          className="sc-htoDjs hZurrr sc-VigVT eJzOxy"
        >
          <svg
            className="sc-dnqmqq iydQTw"
          >
            <use
              xlinkHref="/icon-sprite.svg#arrow-left"
            />
          </svg>
        </div>
        <span
          className="sc-gqjmRU ctzSfg"
        >
          All Blocks
        </span>
      </div>
    </a>
    <header
      className="sc-fjdhpX jGjyzw"
    >
      <div
        className="sc-cSHVUG wEsLH"
      >
        <div
          className="sc-htpNat brNyGz sc-jzJRlG kpJqLT"
          size="lg"
        >
          <div
            className="sc-bxivhb kzfWct"
          >
             
          </div>
        </div>
        <div
          className="sc-bdVaJa hOjnFL"
          size="lg"
        >
          <div
            className="sc-bwzfXH csGlom"
          >
             
          </div>
        </div>
      </div>
      <section
        className="sc-ifAKCX kWjkTO"
      >
        <button
          className="sc-EHOje jvzENE"
        >
          Details
        </button>
        <button
          className="sc-bZQynM bOrPFB"
        >
          Transactions
        </button>
      </section>
    </header>
  </div>
  <section
    className="sc-kgoBCf eAbLPJ"
  >
    <ul
      className="sc-kGXeez cJVxQo"
    >
      <div
        className="sc-kAzzGY iekkB sc-kpOJdX gpJrWj"
      >
        <div
          className="sc-bdVaJa hxlARP"
          size="sm"
        >
          Size
        </div>
        <div
          className="sc-chPdSV gzSvEs"
        >
          <div
            className="sc-htpNat fzsdpf"
            size="lg"
          >
            <div
              className="sc-bxivhb dAzbVZ"
            >
               
            </div>
          </div>
        </div>
      </div>
      <div
        className="sc-kAzzGY iekkB sc-kpOJdX gpJrWj"
      >
        <div
          className="sc-bdVaJa hxlARP"
          size="sm"
        >
          Difficulty
        </div>
        <div
          className="sc-chPdSV gzSvEs"
        >
          <div
            className="sc-htpNat fzsdpf"
            size="lg"
          >
            <div
              className="sc-bxivhb kzfWct"
            >
               
            </div>
          </div>
        </div>
      </div>
      <div
        className="sc-kAzzGY iekkB sc-kpOJdX gpJrWj"
      >
        <div
          className="sc-bdVaJa hxlARP"
          size="sm"
        >
          Total Difficulty
        </div>
        <div
          className="sc-chPdSV gzSvEs"
        >
          <div
            className="sc-htpNat fzsdpf"
            size="lg"
          >
            <div
              className="sc-bxivhb drrWxJ"
            >
               
            </div>
          </div>
        </div>
      </div>
      <div
        className="sc-kAzzGY iekkB sc-kpOJdX gpJrWj"
      >
        <div
          className="sc-bdVaJa hxlARP"
          size="sm"
        >
          Gas Used
        </div>
        <div
          className="sc-chPdSV gzSvEs"
        >
          <div
            className="sc-htpNat fzsdpf"
            size="lg"
          >
            <div
              className="sc-bxivhb kzfWct"
            >
               
            </div>
          </div>
        </div>
      </div>
      <div
        className="sc-kAzzGY iekkB sc-kpOJdX gpJrWj"
      >
        <div
          className="sc-bdVaJa hxlARP"
          size="sm"
        >
          Gas Limit
        </div>
        <div
          className="sc-chPdSV gzSvEs"
        >
          <div
            className="sc-htpNat fzsdpf"
            size="lg"
          >
            <div
              className="sc-bxivhb dAzbVZ"
            >
               
            </div>
          </div>
        </div>
      </div>
    </ul>
  </section>
</article>
`;
