// Jest Snapshot v1, https://goo.gl/fbAQLP

exports[`<Block /> renders correctly 1`] = `
<div
  style={
    Object {
      "opacity": 0,
      "transform": "translate3d(0,5rem,0)",
    }
  }
>
  <article>
    <div
      className="sc-gzVnrw cnjFid sc-jTzLTM iziihJ"
    >
      <a
        className="sc-iwsKbI iaTFxL"
        disabled={false}
        href="/"
        type="tertiary"
      >
        <div
          className="sc-gZMcBi irilpd"
        >
          <div
            className="sc-htoDjs hZurrr sc-VigVT eJzOxy"
          >
            <svg
              className="sc-dnqmqq iydQTw"
            >
              <use
                xlinkHref="/icon-sprite.svg#arrow-left"
              />
            </svg>
          </div>
          <span
            className="sc-gqjmRU krxleO"
          >
            Latest blocks
          </span>
        </div>
      </a>
      <header
        className="sc-fjdhpX iDwZVg"
      >
        <div
          className="sc-cSHVUG iFrTaI"
        >
          <div
            className="sc-htpNat fRItwi sc-jzJRlG kpJqLT"
            size="lg"
          >
            <div
              className="sc-bxivhb hbOsFi"
            >
               
            </div>
          </div>
          <h1>
            <div
              className="sc-bdVaJa epBYsd"
              size="lg"
            >
              <div
                className="sc-bwzfXH iSURLW"
              >
                 
              </div>
            </div>
          </h1>
        </div>
        <div
          className="sc-ifAKCX kDkoYa sc-kAzzGY dBGQmE"
        >
          <button
            className="sc-EHOje iUvvWR"
            disabled={true}
          >
            <div
              className="sc-bZQynM GNSbg"
            >
              Details
            </div>
          </button>
          <button
            className="sc-EHOje dNLmzK"
            disabled={true}
          >
            <div
              className="sc-bZQynM GNSbg"
            >
              Transactions
            </div>
          </button>
        </div>
      </header>
    </div>
    <main>
      <div
        className="sc-gzVnrw cnjFid sc-kGXeez jrWVKz"
      >
        <ul
          className="sc-kpOJdX kAzjOl"
        >
          <div
            className="sc-chPdSV gfSCZK sc-dxgOiQ cdhNWs"
          >
            <div
              className="sc-bdVaJa bQjCIB"
              size="sm"
            >
              Size
            </div>
            <div
              className="sc-kgoBCf donpaw"
            >
              <div
                className="sc-htpNat leGpXE"
                size="lg"
              >
                <div
                  className="sc-bxivhb XhibV"
                >
                   
                </div>
              </div>
            </div>
          </div>
          <div
            className="sc-chPdSV gfSCZK sc-dxgOiQ cdhNWs"
          >
            <div
              className="sc-bdVaJa bQjCIB"
              size="sm"
            >
              Timestamp
            </div>
            <div
              className="sc-kgoBCf donpaw"
            >
              <div
                className="sc-htpNat leGpXE"
                size="lg"
              >
                <div
                  className="sc-bxivhb kEfYuL"
                >
                   
                </div>
              </div>
            </div>
          </div>
          <div
            className="sc-chPdSV gfSCZK sc-dxgOiQ cdhNWs"
          >
            <div
              className="sc-bdVaJa bQjCIB"
              size="sm"
            >
              Miner
            </div>
            <div
              className="sc-kgoBCf donpaw"
            >
              <div
                className="sc-htpNat leGpXE"
                size="lg"
              >
                <div
                  className="sc-bxivhb kEfYuL"
                >
                   
                </div>
              </div>
            </div>
          </div>
          <div
            className="sc-chPdSV gfSCZK sc-dxgOiQ cdhNWs"
          >
            <div
              className="sc-bdVaJa bQjCIB"
              size="sm"
            >
              Difficulty
            </div>
            <div
              className="sc-kgoBCf donpaw"
            >
              <div
                className="sc-htpNat leGpXE"
                size="lg"
              >
                <div
                  className="sc-bxivhb kEfYuL"
                >
                   
                </div>
              </div>
            </div>
          </div>
          <div
            className="sc-chPdSV gfSCZK sc-dxgOiQ cdhNWs"
          >
            <div
              className="sc-bdVaJa bQjCIB"
              size="sm"
            >
              Total Difficulty
            </div>
            <div
              className="sc-kgoBCf donpaw"
            >
              <div
                className="sc-htpNat leGpXE"
                size="lg"
              >
                <div
                  className="sc-bxivhb hbOsFi"
                >
                   
                </div>
              </div>
            </div>
          </div>
          <div
            className="sc-chPdSV gfSCZK sc-dxgOiQ cdhNWs"
          >
            <div
              className="sc-bdVaJa bQjCIB"
              size="sm"
            >
              Gas Used
            </div>
            <div
              className="sc-kgoBCf donpaw"
            >
              <div
                className="sc-htpNat leGpXE"
                size="lg"
              >
                <div
                  className="sc-bxivhb kEfYuL"
                >
                   
                </div>
              </div>
            </div>
          </div>
          <div
            className="sc-chPdSV gfSCZK sc-dxgOiQ cdhNWs"
          >
            <div
              className="sc-bdVaJa bQjCIB"
              size="sm"
            >
              Gas Limit
            </div>
            <div
              className="sc-kgoBCf donpaw"
            >
              <div
                className="sc-htpNat leGpXE"
                size="lg"
              >
                <div
                  className="sc-bxivhb XhibV"
                >
                   
                </div>
              </div>
            </div>
          </div>
        </ul>
      </div>
    </main>
  </article>
</div>
`;
