// Jest Snapshot v1, https://goo.gl/fbAQLP

exports[`<Block /> renders correctly 1`] = `
<article
  className="sc-brqgnP SqPLV"
>
  <div
    className="sc-gzVnrw eNMNUi sc-htoDjs fHvRim"
  >
    <header
      className="sc-dnqmqq adqDD"
    >
      <div
        className="sc-gZMcBi cwYwrq"
      >
        <div
          className="sc-htpNat brNyGz sc-iwsKbI leOnVy"
          size="lg"
        >
          <div
            className="sc-bxivhb kzfWct"
          >
             
          </div>
        </div>
        <div
          className="sc-bdVaJa hOjnFL"
          size="lg"
        >
          <div
            className="sc-bwzfXH csGlom"
          >
             
          </div>
        </div>
      </div>
      <section
        className="sc-ifAKCX kWjkTO"
      >
        <button
          className="sc-EHOje jvzENE"
        >
          Details
        </button>
        <button
          className="sc-bZQynM bOrPFB"
        >
          Transactions
        </button>
      </section>
    </header>
  </div>
  <section
    className="sc-jTzLTM gYvmea"
  >
    <ul
      className="sc-fjdhpX dDOdSQ"
    >
      <div
        className="sc-gqjmRU iPpUuL sc-jzJRlG dXvGXl"
      >
        <div
          className="sc-bdVaJa hxlARP"
          size="sm"
        >
          Size
        </div>
        <div
          className="sc-VigVT bqGFJe"
        >
          <div
            className="sc-htpNat fzsdpf"
            size="lg"
          >
            <div
              className="sc-bxivhb dAzbVZ"
            >
               
            </div>
          </div>
        </div>
      </div>
      <div
        className="sc-gqjmRU iPpUuL sc-jzJRlG dXvGXl"
      >
        <div
          className="sc-bdVaJa hxlARP"
          size="sm"
        >
          Difficulty
        </div>
        <div
          className="sc-VigVT bqGFJe"
        >
          <div
            className="sc-htpNat fzsdpf"
            size="lg"
          >
            <div
              className="sc-bxivhb kzfWct"
            >
               
            </div>
          </div>
        </div>
      </div>
      <div
        className="sc-gqjmRU iPpUuL sc-jzJRlG dXvGXl"
      >
        <div
          className="sc-bdVaJa hxlARP"
          size="sm"
        >
          Total Difficulty
        </div>
        <div
          className="sc-VigVT bqGFJe"
        >
          <div
            className="sc-htpNat fzsdpf"
            size="lg"
          >
            <div
              className="sc-bxivhb drrWxJ"
            >
               
            </div>
          </div>
        </div>
      </div>
      <div
        className="sc-gqjmRU iPpUuL sc-jzJRlG dXvGXl"
      >
        <div
          className="sc-bdVaJa hxlARP"
          size="sm"
        >
          Gas Used
        </div>
        <div
          className="sc-VigVT bqGFJe"
        >
          <div
            className="sc-htpNat fzsdpf"
            size="lg"
          >
            <div
              className="sc-bxivhb kzfWct"
            >
               
            </div>
          </div>
        </div>
      </div>
      <div
        className="sc-gqjmRU iPpUuL sc-jzJRlG dXvGXl"
      >
        <div
          className="sc-bdVaJa hxlARP"
          size="sm"
        >
          Gas Limit
        </div>
        <div
          className="sc-VigVT bqGFJe"
        >
          <div
            className="sc-htpNat fzsdpf"
            size="lg"
          >
            <div
              className="sc-bxivhb dAzbVZ"
            >
               
            </div>
          </div>
        </div>
      </div>
    </ul>
  </section>
</article>
`;
