// Jest Snapshot v1, https://goo.gl/fbAQLP

exports[`<BlockSingle /> renders correctly 1`] = `
<article
  className="sc-kgoBCf kVSTZj"
>
  <div
    className="sc-bZQynM ffdLeK"
  >
    <header
      className="sc-gzVnrw gQWIyA"
    >
      <div
        className="sc-dnqmqq iJSVUv"
      >
        <div
          className="sc-htpNat iflsxI sc-htoDjs bKpsbV"
          size="lg"
        >
          <div
            className="sc-bxivhb kzfWct"
          >
             
          </div>
        </div>
        <div
          className="sc-bdVaJa jlBogh"
          size="lg"
        >
          <div
            className="sc-bwzfXH csGlom"
          >
             
          </div>
        </div>
      </div>
      <a
        className="sc-ifAKCX iaVtiE"
        href="/"
        type="primary"
      >
        <span
          className="sc-EHOje bnYxDG"
        >
          View transactions
        </span>
      </a>
    </header>
  </div>
  <section
    className="sc-gqjmRU bqaoid"
  >
    <ul
      className="sc-VigVT eRKSIV"
    >
      <div
        className="sc-iwsKbI bIEZDU sc-jTzLTM bAVvha"
      >
        <div
          className="sc-bdVaJa ftOOkT"
          size="sm"
        >
          Size
        </div>
        <div
          className="sc-gZMcBi hqKcqg"
        >
          <div
            className="sc-htpNat fjqEwh"
            size="lg"
          >
            <div
              className="sc-bxivhb dAzbVZ"
            >
               
            </div>
          </div>
        </div>
      </div>
      <div
        className="sc-iwsKbI bIEZDU sc-jTzLTM bAVvha"
      >
        <div
          className="sc-bdVaJa ftOOkT"
          size="sm"
        >
          Difficulty
        </div>
        <div
          className="sc-gZMcBi hqKcqg"
        >
          <div
            className="sc-htpNat fjqEwh"
            size="lg"
          >
            <div
              className="sc-bxivhb kzfWct"
            >
               
            </div>
          </div>
        </div>
      </div>
      <div
        className="sc-iwsKbI bIEZDU sc-jTzLTM bAVvha"
      >
        <div
          className="sc-bdVaJa ftOOkT"
          size="sm"
        >
          Total Difficulty
        </div>
        <div
          className="sc-gZMcBi hqKcqg"
        >
          <div
            className="sc-htpNat fjqEwh"
            size="lg"
          >
            <div
              className="sc-bxivhb drrWxJ"
            >
               
            </div>
          </div>
        </div>
      </div>
      <div
        className="sc-iwsKbI bIEZDU sc-jTzLTM bAVvha"
      >
        <div
          className="sc-bdVaJa ftOOkT"
          size="sm"
        >
          Gas Used
        </div>
        <div
          className="sc-gZMcBi hqKcqg"
        >
          <div
            className="sc-htpNat fjqEwh"
            size="lg"
          >
            <div
              className="sc-bxivhb kzfWct"
            >
               
            </div>
          </div>
        </div>
      </div>
      <div
        className="sc-iwsKbI bIEZDU sc-jTzLTM bAVvha"
      >
        <div
          className="sc-bdVaJa ftOOkT"
          size="sm"
        >
          Gas Limit
        </div>
        <div
          className="sc-gZMcBi hqKcqg"
        >
          <div
            className="sc-htpNat fjqEwh"
            size="lg"
          >
            <div
              className="sc-bxivhb dAzbVZ"
            >
               
            </div>
          </div>
        </div>
      </div>
    </ul>
  </section>
  <section
    className="sc-cSHVUG jEFUfH"
  >
    <ul
      className="sc-kAzzGY dybAEG"
    >
      <div
        className="sc-fjdhpX bQjLwb sc-chPdSV WSTWU"
      >
        <div
          className="sc-bdVaJa ftOOkT"
          size="sm"
        >
          Size
        </div>
        <div
          className="sc-jzJRlG ccPiMY"
        >
          <div
            className="sc-htpNat fjqEwh"
            size="lg"
          >
            <div
              className="sc-bxivhb dAzbVZ"
            >
               
            </div>
          </div>
        </div>
      </div>
      <div
        className="sc-fjdhpX bQjLwb sc-chPdSV WSTWU"
      >
        <div
          className="sc-bdVaJa ftOOkT"
          size="sm"
        >
          Difficulty
        </div>
        <div
          className="sc-jzJRlG ccPiMY"
        >
          <div
            className="sc-htpNat fjqEwh"
            size="lg"
          >
            <div
              className="sc-bxivhb kzfWct"
            >
               
            </div>
          </div>
        </div>
      </div>
      <div
        className="sc-fjdhpX bQjLwb sc-chPdSV WSTWU"
      >
        <div
          className="sc-bdVaJa ftOOkT"
          size="sm"
        >
          Total Difficulty
        </div>
        <div
          className="sc-jzJRlG ccPiMY"
        >
          <div
            className="sc-htpNat fjqEwh"
            size="lg"
          >
            <div
              className="sc-bxivhb drrWxJ"
            >
               
            </div>
          </div>
        </div>
      </div>
      <div
        className="sc-fjdhpX bQjLwb sc-chPdSV WSTWU"
      >
        <div
          className="sc-bdVaJa ftOOkT"
          size="sm"
        >
          Gas Used
        </div>
        <div
          className="sc-jzJRlG ccPiMY"
        >
          <div
            className="sc-htpNat fjqEwh"
            size="lg"
          >
            <div
              className="sc-bxivhb kzfWct"
            >
               
            </div>
          </div>
        </div>
      </div>
      <div
        className="sc-fjdhpX bQjLwb sc-chPdSV WSTWU"
      >
        <div
          className="sc-bdVaJa ftOOkT"
          size="sm"
        >
          Gas Limit
        </div>
        <div
          className="sc-jzJRlG ccPiMY"
        >
          <div
            className="sc-htpNat fjqEwh"
            size="lg"
          >
            <div
              className="sc-bxivhb dAzbVZ"
            >
               
            </div>
          </div>
        </div>
      </div>
    </ul>
  </section>
</article>
`;
